ASxxxx Linker V03.00 + NoICE + sdld,  page 1.
Hexadecimal  [32-Bits]

Area                       Addr        Size        Decimal Bytes (Attributes)
--------------------       ----        ----        ------- ----- ------------
.  .ABS.               00000000    00000000 =           0. bytes (ABS,CON)

        Value  Global            Value  Global            Value  Global    
        -----  ------            -----  ------            -----  ------    
     00000000  .__.ABS.  |    00000000  l__CABS   |    00000000  l__DABS  
     00000000  l__GSFINA |    00000000  l__VECT0  |    00000000  l__VECT1 
     00000000  l__VECT2  |    00000000  l__VECT3  |    00000000  l__VECT4 
     00000000  l__VECT5  |    00000000  l__VECT6  |    00000000  l__VECT7 
     00000000  l__VECT_N |    00000000  s__CABS   |    00000000  s__CODE  
     00000000  s__DABS   |    00000000  s__VECT0  |    00000000  s__VECT00
     00000000  s__VECT1  |    00000000  s__VECT11 |    00000000  s__VECT2 
     00000000  s__VECT22 |    00000000  s__VECT3  |    00000000  s__VECT33
     00000000  s__VECT4  |    00000000  s__VECT44 |    00000000  s__VECT5 
     00000000  s__VECT55 |    00000000  s__VECT6  |    00000000  s__VECT66
     00000000  s__VECT7  |    00000000  s__VECT77 |    00000000  s__VECT_N
     00000000  s__VECT_N |    00000002  l__VECT11 |    00000002  l__VECT22
     00000002  l__VECT33 |    00000002  l__VECT44 |    00000002  l__VECT55
     00000002  l__VECT66 |    00000006  l__VECT00 |    00000017  l__GSINIT
     00000026  l__VECT_N |    0000002D  l__VECT77 |    00000100  l__END_IN
     00000140  l__INITIA |    00000140  l__INITIA |    000001D8  l__SYSTEM
     00000213  l__HOME   |    00001573  l__DATA   |    000084DB  l__CODE  
     000084DB  s__SYSTEM |    000086B3  s__GSINIT |    000086CA  s__INITIA
     0000880A  s__END_IN |    0000890A  s__DATA   |    00009E7D  s__INITIA
     00009FBD  s__HOME   |    0000A1D0  s__GSFINA
ASxxxx Linker V03.00 + NoICE + sdld,  page 2.
Hexadecimal  [32-Bits]

Area                       Addr        Size        Decimal Bytes (Attributes)
--------------------       ----        ----        ------- ----- ------------
_CODE                  00000000    000084DB =       34011. bytes (REL,CON)

        Value  Global            Value  Global            Value  Global    
        -----  ------            -----  ------            -----  ------    
     0000008C  A$asmi$65 |    0000008C  C$asmi.c$ |    0000008C  C$asmi.c$
     0000008C  G$asmiAdd |    0000008C  _asmiAddr |    0000008F  A$asmi$66
     00000090  A$asmi$67 |    00000091  A$asmi$68 |    00000092  A$asmi$69
     00000093  A$asmi$70 |    00000095  A$asmi$71 |    00000096  A$asmi$72
     00000097  A$asmi$73 |    0000009A  A$asmi$74 |    0000009B  A$asmi$78
     0000009B  C$asmi.c$ |    0000009C  A$asmi$79 |    0000009D  A$asmi$80
     0000009E  A$asmi$81 |    0000009F  A$asmi$82 |    000000A1  A$asmi$83
     000000A2  A$asmi$84 |    000000A3  A$asmi$85 |    000000A5  A$asmi$86
     000000A6  A$asmi$87 |    000000A7  A$asmi$88 |    000000AA  A$asmi$89
     000000AB  A$asmi$93 |    000000AB  C$asmi.c$ |    000000AF  A$asmi$94
     000000B1  A$asmi$95 |    000000B4  A$asmi$96 |    000000B7  A$asmi$97
     000000B8  A$asmi$98 |    000000B9  A$asmi$99 |    000000BB  A$asmi$10
     000000BC  A$asmi$10 |    000000BD  A$asmi$10 |    000000C0  A$asmi$10
     000000C1  A$asmi$10 |    000000C1  C$asmi.c$ |    000000C4  A$asmi$10
     000000C5  A$asmi$10 |    000000C6  A$asmi$11 |    000000C8  A$asmi$11
     000000C9  A$asmi$11 |    000000CA  A$asmi$11 |    000000CC  A$asmi$11
     000000CD  A$asmi$11 |    000000CE  A$asmi$11 |    000000D1  A$asmi$11
     000000D2  A$asmi$12 |    000000D2  C$asmi.c$ |    000000D2  XG$asmiAd
     000000D3  A$asmi$13 |    000000D3  C$asmi.c$ |    000000D3  C$asmi.c$
     000000D3  G$asmiRea |    000000D3  _asmiRead |    000000D6  A$asmi$13
     000000D7  A$asmi$14 |    000000DA  A$asmi$14 |    000000DB  A$asmi$14
     000000DB  C$asmi.c$ |    000000DE  A$asmi$14 |    000000DF  A$asmi$14
     000000E1  A$asmi$14 |    000000E2  A$asmi$15 |    000000E4  A$asmi$15
     000000E5  A$asmi$15 |    000000E6  A$asmi$15 |    000000E7  A$asmi$15
     000000E8  A$asmi$15 |    000000E9  A$asmi$15 |    000000EA  A$asmi$15
     000000EC  A$asmi$15 |    000000ED  A$asmi$15 |    000000EF  A$asmi$16
     000000EF  C$asmi.c$ |    000000F1  A$asmi$16 |    000000F2  A$asmi$16
     000000F3  A$asmi$16 |    000000F6  A$asmi$16 |    000000F7  A$asmi$17
     000000F7  C$asmi.c$ |    000000F7  XG$asmiRe |    000000F8  A$asmi$18
     000000F8  C$asmi.c$ |    000000F8  C$asmi.c$ |    000000F8  G$asmiSta
     000000F8  _asmiStat |    000000FA  A$asmi$19 |    000000FB  A$asmi$19
     000000FC  A$asmi$19 |    000000FF  A$asmi$19 |    00000100  A$asmi$20
     00000100  C$asmi.c$ |    00000100  XG$asmiSt |    00000101  A$asmi$21
     00000101  C$asmi.c$ |    00000101  G$asmiCop |    00000101  _asmiCopy
     00000103  A$asmi$21 |    00000107  A$asmi$21 |    00000109  A$asmi$21
     0000010C  A$asmi$21 |    0000010D  A$asmi$21 |    0000010E  A$asmi$22
     0000010E  C$asmi.c$ |    00000111  A$asmi$22 |    00000114  A$asmi$22
     00000117  A$asmi$22 |    00000117  C$asmi.c$ |    00000119  A$asmi$22
     0000011C  A$asmi$23 |    0000011C  C$asmi.c$ |    0000011F  A$asmi$23
     0000011F  C$asmi.c$ |    00000121  A$asmi$23 |    00000124  A$asmi$24
     00000124  C$asmi.c$ |    00000127  A$asmi$24 |    00000127  C$asmi.c$
     0000012A  A$asmi$24 |    0000012C  A$asmi$24 |    0000012F  A$asmi$24
     00000131  A$asmi$24 |    00000132  A$asmi$25 |    00000134  A$asmi$25
     00000136  A$asmi$25 |    00000138  A$asmi$25 |    0000013B  A$asmi$25
     0000013E  A$asmi$25 |    0000013F  A$asmi$25 |    00000141  A$asmi$25
     00000144  A$asmi$25 |    00000145  A$asmi$25 |    00000147  A$asmi$26
     0000014A  A$asmi$26 |    0000014A  C$asmi.c$ |    0000014D  A$asmi$26
     0000014F  A$asmi$26 |    00000150  A$asmi$26 |    00000153  A$asmi$26
     00000154  A$asmi$26 |    00000155  A$asmi$27 |    00000158  A$asmi$27
     0000015B  A$asmi$27 |    0000015C  A$asmi$27 |    0000015F  A$asmi$27
ASxxxx Linker V03.00 + NoICE + sdld,  page 3.
Hexadecimal  [32-Bits]

Area                       Addr        Size        Decimal Bytes (Attributes)
--------------------       ----        ----        ------- ----- ------------
_CODE                  00000000    000084DB =       34011. bytes (REL,CON)

        Value  Global            Value  Global            Value  Global    
        -----  ------            -----  ------            -----  ------    
     00000162  A$asmi$27 |    00000163  A$asmi$27 |    00000166  A$asmi$27
     00000167  A$asmi$27 |    00000168  A$asmi$27 |    0000016B  A$asmi$28
     0000016E  A$asmi$28 |    0000016F  A$asmi$28 |    00000170  A$asmi$28
     00000170  C$asmi.c$ |    00000173  A$asmi$28 |    00000174  A$asmi$28
     00000177  A$asmi$28 |    00000178  A$asmi$29 |    00000178  C$asmi.c$
     0000017B  A$asmi$29 |    0000017E  A$asmi$29 |    0000017F  A$asmi$29
     00000182  A$asmi$29 |    00000185  A$asmi$29 |    00000186  A$asmi$29
     00000189  A$asmi$30 |    0000018A  A$asmi$30 |    0000018A  C$asmi.c$
     0000018C  A$asmi$30 |    0000018D  A$asmi$30 |    0000018E  A$asmi$30
     00000191  A$asmi$30 |    00000192  A$asmi$30 |    00000194  A$asmi$31
     00000195  A$asmi$31 |    00000196  A$asmi$31 |    00000199  A$asmi$31
     0000019A  A$asmi$31 |    0000019C  A$asmi$31 |    0000019D  A$asmi$31
     0000019E  A$asmi$31 |    000001A1  A$asmi$31 |    000001A2  A$asmi$31
     000001A4  A$asmi$32 |    000001A5  A$asmi$32 |    000001A6  A$asmi$32
     000001A9  A$asmi$32 |    000001AA  A$asmi$32 |    000001AA  C$asmi.c$
     000001AD  A$asmi$32 |    000001AE  A$asmi$32 |    000001AF  A$asmi$33
     000001B2  A$asmi$33 |    000001B3  A$asmi$33 |    000001B3  C$asmi.c$
     000001B5  A$asmi$34 |    000001B5  C$asmi.c$ |    000001B8  A$asmi$34
     000001BB  A$asmi$34 |    000001BE  A$asmi$34 |    000001BF  A$asmi$34
     000001C0  A$asmi$34 |    000001C1  A$asmi$34 |    000001C2  A$asmi$34
     000001C5  A$asmi$34 |    000001C6  A$asmi$35 |    000001C7  A$asmi$35
     000001C8  A$asmi$35 |    000001C9  A$asmi$35 |    000001CA  A$asmi$35
     000001CB  A$asmi$35 |    000001CC  A$asmi$35 |    000001CE  A$asmi$35
     000001D0  A$asmi$36 |    000001D0  C$asmi.c$ |    000001D1  A$asmi$36
     000001D4  A$asmi$36 |    000001D5  A$asmi$36 |    000001D8  A$asmi$36
     000001DB  A$asmi$36 |    000001DC  A$asmi$36 |    000001DF  A$asmi$36
     000001E0  A$asmi$36 |    000001E1  A$asmi$37 |    000001E2  A$asmi$37
     000001E2  C$asmi.c$ |    000001E3  A$asmi$37 |    000001E4  A$asmi$37
     000001E6  A$asmi$37 |    000001E8  A$asmi$38 |    000001EA  A$asmi$38
     000001EC  A$asmi$38 |    000001EC  C$asmi.c$ |    000001EC  XG$asmiCo
     000001ED  Fasmi$__s |    0000021F  Fasmi$__s |    0000025D  Fasmi$__s
     00000280  Fasmi$__s |    000002A2  A$config$ |    000002A2  C$config.
     000002A2  G$configI |    000002A2  _configIn |    000002A4  A$config$
     000002A8  A$config$ |    000002AA  A$config$ |    000002AB  A$config$
     000002AB  C$config. |    000002AE  A$config$ |    000002B1  A$config$
     000002B2  A$config$ |    000002B3  A$config$ |    000002B3  C$config.
     000002B6  A$config$ |    000002B7  A$config$ |    000002B9  A$config$
     000002B9  C$config. |    000002BA  A$config$ |    000002BB  A$config$
     000002BC  A$config$ |    000002BD  A$config$ |    000002C0  A$config$
     000002C1  A$config$ |    000002C4  A$config$ |    000002C7  A$config$
     000002C8  A$config$ |    000002CB  A$config$ |    000002CC  A$config$
     000002CD  A$config$ |    000002CE  A$config$ |    000002CF  A$config$
     000002D0  A$config$ |    000002D2  A$config$ |    000002D2  C$config.
     000002D3  A$config$ |    000002D6  A$config$ |    000002D7  A$config$
     000002DA  A$config$ |    000002DB  A$config$ |    000002DC  A$config$
     000002DE  A$config$ |    000002DE  C$config. |    000002DF  A$config$
     000002E2  A$config$ |    000002E3  A$config$ |    000002E6  A$config$
     000002E7  A$config$ |    000002E8  A$config$ |    000002E8  C$config.
     000002E9  A$config$ |    000002EA  A$config$ |    000002EB  A$config$
     000002EC  A$config$ |    000002ED  A$config$ |    000002EE  A$config$
     000002EF  A$config$ |    000002F0  A$config$ |    000002F1  A$config$
ASxxxx Linker V03.00 + NoICE + sdld,  page 4.
Hexadecimal  [32-Bits]

Area                       Addr        Size        Decimal Bytes (Attributes)
--------------------       ----        ----        ------- ----- ------------
_CODE                  00000000    000084DB =       34011. bytes (REL,CON)

        Value  Global            Value  Global            Value  Global    
        -----  ------            -----  ------            -----  ------    
     000002F2  A$config$ |    000002F3  A$config$ |    000002F4  A$config$
     000002F6  A$config$ |    000002F8  A$config$ |    000002F9  A$config$
     000002FB  A$config$ |    000002FD  A$config$ |    000002FE  A$config$
     00000300  A$config$ |    00000302  A$config$ |    00000303  A$config$
     00000305  A$config$ |    00000307  A$config$ |    00000307  C$config.
     00000308  A$config$ |    0000030B  A$config$ |    0000030C  A$config$
     0000030F  A$config$ |    00000310  A$config$ |    00000313  A$config$
     00000314  A$config$ |    00000314  C$config. |    00000317  A$config$
     00000318  A$config$ |    00000319  A$config$ |    0000031A  A$config$
     0000031B  A$config$ |    0000031C  A$config$ |    0000031D  A$config$
     00000320  A$config$ |    00000321  A$config$ |    00000322  A$config$
     00000324  A$config$ |    00000326  A$config$ |    00000326  C$config.
     00000326  XG$config |    00000327  Fconfig$_ |    00000343  Fconfig$_
     0000035B  Fconfig$_ |    0000037C  A$config$ |    0000037C  C$config.
     0000037C  G$configN |    0000037C  _configNe |    0000037E  A$config$
     00000382  A$config$ |    00000384  A$config$ |    00000384  C$config.
     00000387  A$config$ |    0000038A  A$config$ |    0000038C  A$config$
     0000038E  A$config$ |    0000038F  A$config$ |    00000391  A$config$
     00000391  C$config. |    00000394  A$config$ |    00000397  A$config$
     00000398  A$config$ |    00000399  A$config$ |    0000039B  A$config$
     0000039C  A$config$ |    0000039E  A$config$ |    0000039F  A$config$
     000003A1  A$config$ |    000003A2  A$config$ |    000003A4  A$config$
     000003A4  C$config. |    000003A7  A$config$ |    000003A8  A$config$
     000003A9  A$config$ |    000003AC  A$config$ |    000003AD  A$config$
     000003AE  A$config$ |    000003AF  A$config$ |    000003B0  A$config$
     000003B1  A$config$ |    000003B1  C$config. |    000003B3  A$config$
     000003B4  A$config$ |    000003B5  A$config$ |    000003B7  A$config$
     000003B8  A$config$ |    000003B8  C$config. |    000003BB  A$config$
     000003BC  A$config$ |    000003BE  A$config$ |    000003C0  A$config$
     000003C0  C$config. |    000003C0  XG$config |    000003C1  A$fat2l$8
     000003C1  C$fat2l.c |    000003C1  C$fat2l.c |    000003C1  G$bitCoun
     000003C1  _bitCount |    000003C4  A$fat2l$9 |    000003C4  C$fat2l.c
     000003C7  A$fat2l$9 |    000003C8  A$fat2l$9 |    000003CA  A$fat2l$9
     000003CC  A$fat2l$9 |    000003CD  A$fat2l$1 |    000003CD  C$fat2l.c
     000003D1  A$fat2l$1 |    000003D3  A$fat2l$1 |    000003D7  A$fat2l$1
     000003D8  A$fat2l$1 |    000003D9  A$fat2l$1 |    000003DA  A$fat2l$1
     000003DA  C$fat2l.c |    000003DB  A$fat2l$1 |    000003DD  A$fat2l$1
     000003DD  C$fat2l.c |    000003DE  A$fat2l$1 |    000003DE  C$fat2l.c
     000003DE  XG$bitCou |    000003DF  G$_NOINIT |    000003DF  __NOINIT_
     000003E6  G$_NOFILE |    000003E6  __NOFILE_ |    000003ED  A$fat2l$1
     000003ED  C$fat2l.c |    000003ED  C$fat2l.c |    000003ED  G$returnE
     000003ED  _returnEr |    000003EF  A$fat2l$1 |    000003EF  C$fat2l.c
     000003EF  XG$return |    000003F0  Ffat2l$__ |    00000402  A$fat2l$1
     00000402  C$fat2l.c |    00000402  G$fatInit |    00000402  _fatInit 
     00000404  A$fat2l$1 |    00000408  A$fat2l$1 |    0000040A  A$fat2l$1
     0000040D  A$fat2l$1 |    0000040E  A$fat2l$1 |    0000040F  A$fat2l$1
     0000040F  C$fat2l.c |    00000412  A$fat2l$1 |    00000415  A$fat2l$1
     00000416  A$fat2l$1 |    00000416  C$fat2l.c |    00000419  A$fat2l$1
     0000041C  A$fat2l$1 |    0000041D  A$fat2l$1 |    0000041E  A$fat2l$1
     0000041F  A$fat2l$1 |    00000422  A$fat2l$1 |    00000425  A$fat2l$1
     00000425  C$fat2l.c |    00000428  A$fat2l$1 |    00000429  A$fat2l$1
ASxxxx Linker V03.00 + NoICE + sdld,  page 5.
Hexadecimal  [32-Bits]

Area                       Addr        Size        Decimal Bytes (Attributes)
--------------------       ----        ----        ------- ----- ------------
_CODE                  00000000    000084DB =       34011. bytes (REL,CON)

        Value  Global            Value  Global            Value  Global    
        -----  ------            -----  ------            -----  ------    
     0000042C  A$fat2l$1 |    0000042F  A$fat2l$1 |    00000431  A$fat2l$1
     00000432  A$fat2l$1 |    00000433  A$fat2l$1 |    00000434  A$fat2l$1
     00000435  A$fat2l$1 |    00000436  A$fat2l$2 |    00000437  A$fat2l$2
     00000438  A$fat2l$2 |    0000043B  A$fat2l$2 |    0000043D  A$fat2l$2
     0000043E  A$fat2l$2 |    00000441  A$fat2l$2 |    00000443  A$fat2l$2
     00000444  A$fat2l$2 |    00000446  A$fat2l$2 |    00000447  A$fat2l$2
     00000448  A$fat2l$2 |    00000449  A$fat2l$2 |    0000044A  A$fat2l$2
     0000044B  A$fat2l$2 |    0000044C  A$fat2l$2 |    0000044D  A$fat2l$2
     00000450  A$fat2l$2 |    00000452  A$fat2l$2 |    00000453  A$fat2l$2
     00000456  A$fat2l$2 |    00000458  A$fat2l$2 |    00000459  A$fat2l$2
     0000045B  A$fat2l$2 |    0000045C  A$fat2l$2 |    0000045D  A$fat2l$2
     0000045E  A$fat2l$2 |    0000045F  A$fat2l$2 |    00000460  A$fat2l$2
     00000461  A$fat2l$2 |    00000462  A$fat2l$2 |    00000465  A$fat2l$2
     00000467  A$fat2l$2 |    00000468  A$fat2l$2 |    0000046B  A$fat2l$2
     0000046D  A$fat2l$2 |    0000046E  A$fat2l$2 |    00000470  A$fat2l$2
     00000471  A$fat2l$2 |    00000472  A$fat2l$2 |    00000473  A$fat2l$2
     00000474  A$fat2l$2 |    00000475  A$fat2l$2 |    00000476  A$fat2l$2
     00000477  A$fat2l$2 |    0000047A  A$fat2l$2 |    0000047C  A$fat2l$2
     0000047D  A$fat2l$2 |    00000480  A$fat2l$2 |    00000482  A$fat2l$2
     00000483  A$fat2l$2 |    00000485  A$fat2l$2 |    00000486  A$fat2l$2
     00000487  A$fat2l$2 |    00000488  A$fat2l$2 |    00000489  A$fat2l$2
     0000048A  A$fat2l$2 |    0000048B  A$fat2l$2 |    0000048C  A$fat2l$2
     0000048F  A$fat2l$2 |    00000491  A$fat2l$2 |    00000492  A$fat2l$2
     00000495  A$fat2l$2 |    00000497  A$fat2l$2 |    00000498  A$fat2l$2
     0000049A  A$fat2l$2 |    0000049B  A$fat2l$2 |    0000049D  A$fat2l$2
     0000049E  A$fat2l$2 |    0000049F  A$fat2l$2 |    000004A0  A$fat2l$2
     000004A1  A$fat2l$2 |    000004A2  A$fat2l$2 |    000004A5  A$fat2l$2
     000004A7  A$fat2l$2 |    000004A8  A$fat2l$2 |    000004AB  A$fat2l$2
     000004AD  A$fat2l$2 |    000004AE  A$fat2l$2 |    000004AF  A$fat2l$2
     000004B0  A$fat2l$2 |    000004B1  A$fat2l$2 |    000004B2  A$fat2l$2
     000004B3  A$fat2l$2 |    000004B5  A$fat2l$2 |    000004B6  A$fat2l$2
     000004B8  A$fat2l$2 |    000004BB  A$fat2l$2 |    000004BD  A$fat2l$2
     000004BE  A$fat2l$2 |    000004C1  A$fat2l$2 |    000004C3  A$fat2l$2
     000004C4  A$fat2l$2 |    000004C6  A$fat2l$2 |    000004C7  A$fat2l$2
     000004C9  A$fat2l$2 |    000004CA  A$fat2l$2 |    000004CB  A$fat2l$2
     000004CC  A$fat2l$2 |    000004CD  A$fat2l$2 |    000004CE  A$fat2l$3
     000004D1  A$fat2l$3 |    000004D3  A$fat2l$3 |    000004D4  A$fat2l$3
     000004D7  A$fat2l$3 |    000004D9  A$fat2l$3 |    000004DA  A$fat2l$3
     000004DC  A$fat2l$3 |    000004DD  A$fat2l$3 |    000004DF  A$fat2l$3
     000004E0  A$fat2l$3 |    000004E2  A$fat2l$3 |    000004E3  A$fat2l$3
     000004E5  A$fat2l$3 |    000004E5  C$fat2l.c |    000004E8  A$fat2l$3
     000004EB  A$fat2l$3 |    000004ED  A$fat2l$3 |    000004ED  C$fat2l.c
     000004F0  A$fat2l$3 |    000004F3  A$fat2l$3 |    000004F6  A$fat2l$3
     000004F9  A$fat2l$3 |    000004FC  A$fat2l$3 |    000004FF  A$fat2l$3
     00000500  A$fat2l$3 |    00000501  A$fat2l$3 |    00000504  A$fat2l$3
     00000507  A$fat2l$3 |    00000508  A$fat2l$3 |    0000050B  A$fat2l$3
     0000050C  A$fat2l$3 |    0000050F  A$fat2l$3 |    00000510  A$fat2l$3
     00000511  A$fat2l$3 |    00000514  A$fat2l$3 |    00000515  A$fat2l$3
     00000516  A$fat2l$3 |    00000517  A$fat2l$3 |    00000518  A$fat2l$3
     00000519  A$fat2l$3 |    0000051A  A$fat2l$3 |    0000051C  A$fat2l$3
     0000051C  C$fat2l.c |    0000051F  A$fat2l$3 |    00000520  A$fat2l$3
ASxxxx Linker V03.00 + NoICE + sdld,  page 6.
Hexadecimal  [32-Bits]

Area                       Addr        Size        Decimal Bytes (Attributes)
--------------------       ----        ----        ------- ----- ------------
_CODE                  00000000    000084DB =       34011. bytes (REL,CON)

        Value  Global            Value  Global            Value  Global    
        -----  ------            -----  ------            -----  ------    
     00000523  A$fat2l$3 |    00000524  A$fat2l$3 |    00000527  A$fat2l$3
     00000527  C$fat2l.c |    0000052A  A$fat2l$3 |    0000052D  A$fat2l$3
     00000530  A$fat2l$3 |    00000531  A$fat2l$3 |    00000532  A$fat2l$3
     00000535  A$fat2l$3 |    00000537  A$fat2l$3 |    0000053A  A$fat2l$3
     0000053C  A$fat2l$3 |    0000053E  A$fat2l$3 |    00000541  A$fat2l$3
     00000543  A$fat2l$3 |    00000545  A$fat2l$3 |    00000548  A$fat2l$3
     0000054A  A$fat2l$3 |    0000054C  A$fat2l$3 |    0000054F  A$fat2l$3
     00000551  A$fat2l$3 |    00000553  A$fat2l$3 |    00000556  A$fat2l$3
     00000558  A$fat2l$3 |    0000055A  A$fat2l$3 |    0000055D  A$fat2l$3
     0000055F  A$fat2l$3 |    00000561  A$fat2l$3 |    00000564  A$fat2l$3
     00000566  A$fat2l$3 |    00000568  A$fat2l$3 |    0000056B  A$fat2l$3
     0000056D  A$fat2l$3 |    00000570  A$fat2l$3 |    00000570  C$fat2l.c
     00000573  A$fat2l$3 |    00000574  A$fat2l$3 |    00000577  A$fat2l$3
     00000578  A$fat2l$4 |    00000578  C$fat2l.c |    0000057B  A$fat2l$4
     0000057E  A$fat2l$4 |    00000580  A$fat2l$4 |    00000581  A$fat2l$4
     00000582  A$fat2l$4 |    00000583  A$fat2l$4 |    00000586  A$fat2l$4
     00000588  A$fat2l$4 |    00000588  C$fat2l.c |    0000058B  A$fat2l$4
     0000058D  A$fat2l$4 |    0000058E  A$fat2l$4 |    00000591  A$fat2l$4
     00000593  A$fat2l$4 |    00000594  A$fat2l$4 |    00000595  A$fat2l$4
     00000598  A$fat2l$4 |    0000059B  A$fat2l$4 |    0000059E  A$fat2l$4
     000005A1  A$fat2l$4 |    000005A2  A$fat2l$4 |    000005A3  A$fat2l$4
     000005A4  A$fat2l$4 |    000005A5  A$fat2l$4 |    000005A6  A$fat2l$4
     000005A7  A$fat2l$4 |    000005A8  A$fat2l$4 |    000005AA  A$fat2l$4
     000005AD  A$fat2l$4 |    000005AF  A$fat2l$4 |    000005B0  A$fat2l$4
     000005B3  A$fat2l$4 |    000005B5  A$fat2l$4 |    000005B6  A$fat2l$4
     000005BA  A$fat2l$4 |    000005BA  C$fat2l.c |    000005BD  A$fat2l$4
     000005BE  A$fat2l$4 |    000005BF  A$fat2l$4 |    000005C0  A$fat2l$4
     000005C1  A$fat2l$4 |    000005C3  A$fat2l$4 |    000005C4  A$fat2l$4
     000005C6  A$fat2l$4 |    000005C7  A$fat2l$4 |    000005C9  A$fat2l$4
     000005CC  A$fat2l$4 |    000005CD  A$fat2l$4 |    000005CE  A$fat2l$4
     000005CF  A$fat2l$4 |    000005D0  A$fat2l$4 |    000005D1  A$fat2l$4
     000005D2  A$fat2l$4 |    000005D3  A$fat2l$4 |    000005D6  A$fat2l$4
     000005D9  A$fat2l$4 |    000005DA  A$fat2l$4 |    000005DB  A$fat2l$4
     000005DC  A$fat2l$4 |    000005DD  A$fat2l$4 |    000005DE  A$fat2l$4
     000005DF  A$fat2l$4 |    000005E0  A$fat2l$4 |    000005E1  A$fat2l$4
     000005E2  A$fat2l$4 |    000005E3  A$fat2l$4 |    000005E6  A$fat2l$4
     000005E7  A$fat2l$4 |    000005E8  A$fat2l$4 |    000005EB  A$fat2l$4
     000005EC  A$fat2l$4 |    000005ED  A$fat2l$4 |    000005F0  A$fat2l$4
     000005F1  A$fat2l$4 |    000005F2  A$fat2l$4 |    000005F5  A$fat2l$4
     000005F6  A$fat2l$4 |    000005F7  A$fat2l$4 |    000005FA  A$fat2l$4
     000005FD  A$fat2l$4 |    00000600  A$fat2l$4 |    00000603  A$fat2l$4
     00000606  A$fat2l$4 |    00000609  A$fat2l$4 |    0000060C  A$fat2l$4
     0000060F  A$fat2l$4 |    0000060F  C$fat2l.c |    00000612  A$fat2l$4
     00000615  A$fat2l$4 |    00000617  A$fat2l$5 |    00000619  A$fat2l$5
     00000619  C$fat2l.c |    0000061C  A$fat2l$5 |    0000061F  A$fat2l$5
     00000621  A$fat2l$5 |    00000622  A$fat2l$5 |    00000624  A$fat2l$5
     00000625  A$fat2l$5 |    00000627  A$fat2l$5 |    00000628  A$fat2l$5
     0000062A  A$fat2l$5 |    0000062B  A$fat2l$5 |    0000062D  A$fat2l$5
     0000062E  A$fat2l$5 |    00000630  A$fat2l$5 |    00000631  A$fat2l$5
     00000633  A$fat2l$5 |    00000634  A$fat2l$5 |    00000636  A$fat2l$5
     00000636  C$fat2l.c |    00000639  A$fat2l$5 |    0000063B  A$fat2l$5
ASxxxx Linker V03.00 + NoICE + sdld,  page 7.
Hexadecimal  [32-Bits]

Area                       Addr        Size        Decimal Bytes (Attributes)
--------------------       ----        ----        ------- ----- ------------
_CODE                  00000000    000084DB =       34011. bytes (REL,CON)

        Value  Global            Value  Global            Value  Global    
        -----  ------            -----  ------            -----  ------    
     0000063C  A$fat2l$5 |    0000063F  A$fat2l$5 |    00000641  A$fat2l$5
     00000642  A$fat2l$5 |    00000643  A$fat2l$5 |    00000644  A$fat2l$5
     00000647  A$fat2l$5 |    0000064A  A$fat2l$5 |    0000064D  A$fat2l$5
     00000650  A$fat2l$5 |    00000653  A$fat2l$5 |    00000654  A$fat2l$5
     00000657  A$fat2l$5 |    00000658  A$fat2l$5 |    0000065B  A$fat2l$5
     0000065D  A$fat2l$5 |    0000065E  A$fat2l$5 |    0000065E  C$fat2l.c
     00000661  A$fat2l$5 |    00000663  A$fat2l$5 |    00000664  A$fat2l$5
     00000667  A$fat2l$5 |    00000669  A$fat2l$5 |    0000066A  A$fat2l$5
     0000066C  A$fat2l$5 |    0000066D  A$fat2l$5 |    0000066F  A$fat2l$5
     0000066F  C$fat2l.c |    00000670  A$fat2l$5 |    00000671  A$fat2l$5
     00000674  A$fat2l$5 |    00000675  A$fat2l$5 |    00000676  A$fat2l$5
     00000677  A$fat2l$5 |    00000678  A$fat2l$5 |    00000679  A$fat2l$5
     0000067A  A$fat2l$5 |    0000067B  A$fat2l$5 |    0000067C  A$fat2l$5
     0000067F  A$fat2l$5 |    00000680  A$fat2l$5 |    00000681  A$fat2l$5
     00000684  A$fat2l$5 |    00000685  A$fat2l$5 |    00000686  A$fat2l$5
     00000689  A$fat2l$5 |    0000068A  A$fat2l$5 |    0000068B  A$fat2l$5
     0000068E  A$fat2l$5 |    0000068F  A$fat2l$5 |    00000690  A$fat2l$5
     00000693  A$fat2l$5 |    00000694  A$fat2l$5 |    00000697  A$fat2l$5
     00000698  A$fat2l$5 |    00000699  A$fat2l$5 |    0000069A  A$fat2l$5
     0000069D  A$fat2l$5 |    0000069E  A$fat2l$5 |    0000069F  A$fat2l$5
     000006A0  A$fat2l$5 |    000006A1  A$fat2l$5 |    000006A4  A$fat2l$5
     000006A5  A$fat2l$5 |    000006A6  A$fat2l$5 |    000006A7  A$fat2l$5
     000006A8  A$fat2l$5 |    000006AA  A$fat2l$5 |    000006AB  A$fat2l$5
     000006AC  A$fat2l$6 |    000006AE  A$fat2l$6 |    000006AF  A$fat2l$6
     000006AF  C$fat2l.c |    000006B0  A$fat2l$6 |    000006B2  A$fat2l$6
     000006B5  A$fat2l$6 |    000006B8  A$fat2l$6 |    000006BB  A$fat2l$6
     000006BE  A$fat2l$6 |    000006BE  C$fat2l.c |    000006C1  A$fat2l$6
     000006C3  A$fat2l$6 |    000006C6  A$fat2l$6 |    000006C9  A$fat2l$6
     000006CB  A$fat2l$6 |    000006CE  A$fat2l$6 |    000006D1  A$fat2l$6
     000006D3  A$fat2l$6 |    000006D6  A$fat2l$6 |    000006D8  A$fat2l$6
     000006DB  A$fat2l$6 |    000006DD  A$fat2l$6 |    000006DF  A$fat2l$6
     000006E3  A$fat2l$6 |    000006E7  A$fat2l$6 |    000006EB  A$fat2l$6
     000006EF  A$fat2l$6 |    000006F1  A$fat2l$6 |    000006F4  A$fat2l$6
     000006F5  A$fat2l$6 |    000006F6  A$fat2l$6 |    000006F9  A$fat2l$6
     000006FA  A$fat2l$6 |    000006FD  A$fat2l$6 |    000006FF  A$fat2l$6
     00000702  A$fat2l$6 |    00000705  A$fat2l$6 |    00000708  A$fat2l$6
     0000070B  A$fat2l$6 |    0000070C  A$fat2l$6 |    0000070D  A$fat2l$6
     0000070E  A$fat2l$6 |    0000070E  C$fat2l.c |    00000711  A$fat2l$6
     00000713  A$fat2l$6 |    00000714  A$fat2l$6 |    00000717  A$fat2l$6
     00000719  A$fat2l$6 |    0000071A  A$fat2l$6 |    0000071D  A$fat2l$6
     0000071E  A$fat2l$6 |    0000071F  A$fat2l$6 |    00000722  A$fat2l$6
     00000723  A$fat2l$6 |    00000724  A$fat2l$6 |    00000724  C$fat2l.c
     00000727  A$fat2l$6 |    0000072A  A$fat2l$6 |    0000072B  A$fat2l$6
     0000072C  A$fat2l$6 |    0000072F  A$fat2l$6 |    00000732  A$fat2l$6
     00000733  A$fat2l$6 |    00000736  A$fat2l$6 |    00000737  A$fat2l$6
     0000073A  A$fat2l$6 |    0000073B  A$fat2l$6 |    0000073C  A$fat2l$6
     0000073F  A$fat2l$6 |    00000740  A$fat2l$6 |    00000741  A$fat2l$6
     00000742  A$fat2l$6 |    00000743  A$fat2l$6 |    00000744  A$fat2l$6
     00000745  A$fat2l$6 |    00000747  A$fat2l$6 |    00000747  C$fat2l.c
     0000074A  A$fat2l$6 |    0000074B  A$fat2l$6 |    0000074E  A$fat2l$6
     0000074F  A$fat2l$6 |    00000752  A$fat2l$6 |    00000752  C$fat2l.c
ASxxxx Linker V03.00 + NoICE + sdld,  page 8.
Hexadecimal  [32-Bits]

Area                       Addr        Size        Decimal Bytes (Attributes)
--------------------       ----        ----        ------- ----- ------------
_CODE                  00000000    000084DB =       34011. bytes (REL,CON)

        Value  Global            Value  Global            Value  Global    
        -----  ------            -----  ------            -----  ------    
     00000755  A$fat2l$6 |    00000758  A$fat2l$7 |    00000759  A$fat2l$7
     0000075C  A$fat2l$7 |    0000075D  A$fat2l$7 |    0000075D  C$fat2l.c
     00000760  A$fat2l$7 |    00000762  A$fat2l$7 |    00000763  A$fat2l$7
     00000766  A$fat2l$7 |    00000768  A$fat2l$7 |    00000769  A$fat2l$7
     0000076B  A$fat2l$7 |    0000076C  A$fat2l$7 |    0000076D  A$fat2l$7
     0000076E  A$fat2l$7 |    00000771  A$fat2l$7 |    00000773  A$fat2l$7
     00000773  C$fat2l.c |    00000776  A$fat2l$7 |    00000779  A$fat2l$7
     0000077A  A$fat2l$7 |    0000077D  A$fat2l$7 |    0000077D  C$fat2l.c
     00000780  A$fat2l$7 |    00000781  A$fat2l$7 |    00000784  A$fat2l$7
     00000785  A$fat2l$7 |    00000785  C$fat2l.c |    00000788  A$fat2l$7
     0000078B  A$fat2l$7 |    0000078C  A$fat2l$7 |    0000078F  A$fat2l$7
     00000790  A$fat2l$7 |    00000790  C$fat2l.c |    00000793  A$fat2l$7
     00000796  A$fat2l$7 |    00000797  A$fat2l$7 |    0000079A  A$fat2l$7
     0000079B  A$fat2l$7 |    0000079B  C$fat2l.c |    0000079E  A$fat2l$7
     000007A1  A$fat2l$7 |    000007A2  A$fat2l$7 |    000007A4  A$fat2l$7
     000007A4  C$fat2l.c |    000007A7  A$fat2l$7 |    000007A9  A$fat2l$7
     000007AC  A$fat2l$7 |    000007AF  A$fat2l$7 |    000007B1  A$fat2l$7
     000007B4  A$fat2l$7 |    000007B7  A$fat2l$7 |    000007BA  A$fat2l$7
     000007BB  A$fat2l$7 |    000007BC  A$fat2l$7 |    000007BD  A$fat2l$7
     000007C0  A$fat2l$7 |    000007C0  C$fat2l.c |    000007C1  A$fat2l$7
     000007C2  A$fat2l$7 |    000007C5  A$fat2l$7 |    000007C6  A$fat2l$7
     000007C9  A$fat2l$7 |    000007CA  A$fat2l$7 |    000007CD  A$fat2l$7
     000007CE  A$fat2l$7 |    000007CF  A$fat2l$7 |    000007D0  A$fat2l$7
     000007D1  A$fat2l$7 |    000007D4  A$fat2l$7 |    000007D7  A$fat2l$7
     000007DA  A$fat2l$7 |    000007DD  A$fat2l$7 |    000007DD  C$fat2l.c
     000007E0  A$fat2l$7 |    000007E2  A$fat2l$7 |    000007E3  A$fat2l$7
     000007E6  A$fat2l$7 |    000007E8  A$fat2l$7 |    000007E9  A$fat2l$7
     000007EA  A$fat2l$7 |    000007EB  A$fat2l$8 |    000007EC  A$fat2l$8
     000007ED  A$fat2l$8 |    000007EE  A$fat2l$8 |    000007F1  A$fat2l$8
     000007F2  A$fat2l$8 |    000007F3  A$fat2l$8 |    000007F4  A$fat2l$8
     000007F7  A$fat2l$8 |    000007FA  A$fat2l$8 |    000007FB  A$fat2l$8
     000007FE  A$fat2l$8 |    00000801  A$fat2l$8 |    00000802  A$fat2l$8
     00000805  A$fat2l$8 |    00000806  A$fat2l$8 |    00000807  A$fat2l$8
     00000808  A$fat2l$8 |    00000809  A$fat2l$8 |    0000080A  A$fat2l$8
     0000080D  A$fat2l$8 |    00000810  A$fat2l$8 |    00000810  C$fat2l.c
     00000813  A$fat2l$8 |    00000815  A$fat2l$8 |    00000818  A$fat2l$8
     0000081B  A$fat2l$8 |    0000081D  A$fat2l$8 |    00000820  A$fat2l$8
     00000823  A$fat2l$8 |    00000826  A$fat2l$8 |    00000827  A$fat2l$8
     00000828  A$fat2l$8 |    00000829  A$fat2l$8 |    0000082C  A$fat2l$8
     0000082C  C$fat2l.c |    0000082D  A$fat2l$8 |    0000082E  A$fat2l$8
     0000082F  A$fat2l$8 |    00000832  A$fat2l$8 |    00000833  A$fat2l$8
     00000836  A$fat2l$8 |    00000837  A$fat2l$8 |    0000083A  A$fat2l$8
     0000083B  A$fat2l$8 |    0000083C  A$fat2l$8 |    0000083D  A$fat2l$8
     0000083E  A$fat2l$8 |    0000083F  A$fat2l$8 |    00000842  A$fat2l$8
     00000845  A$fat2l$8 |    00000848  A$fat2l$8 |    0000084B  A$fat2l$8
     0000084B  C$fat2l.c |    0000084E  A$fat2l$8 |    00000850  A$fat2l$8
     00000851  A$fat2l$8 |    00000854  A$fat2l$8 |    00000856  A$fat2l$8
     00000857  A$fat2l$8 |    00000858  A$fat2l$8 |    00000859  A$fat2l$8
     0000085A  A$fat2l$8 |    0000085B  A$fat2l$8 |    0000085C  A$fat2l$8
     0000085F  A$fat2l$8 |    00000862  A$fat2l$8 |    00000866  A$fat2l$8
     0000086A  A$fat2l$8 |    0000086B  A$fat2l$8 |    0000086C  A$fat2l$8
ASxxxx Linker V03.00 + NoICE + sdld,  page 9.
Hexadecimal  [32-Bits]

Area                       Addr        Size        Decimal Bytes (Attributes)
--------------------       ----        ----        ------- ----- ------------
_CODE                  00000000    000084DB =       34011. bytes (REL,CON)

        Value  Global            Value  Global            Value  Global    
        -----  ------            -----  ------            -----  ------    
     0000086F  A$fat2l$8 |    00000872  A$fat2l$8 |    00000873  A$fat2l$8
     00000876  A$fat2l$8 |    00000879  A$fat2l$8 |    0000087A  A$fat2l$8
     0000087D  A$fat2l$8 |    00000880  A$fat2l$8 |    00000881  A$fat2l$8
     00000884  A$fat2l$8 |    00000887  A$fat2l$8 |    00000888  A$fat2l$8
     0000088B  A$fat2l$8 |    0000088C  A$fat2l$8 |    0000088D  A$fat2l$8
     0000088E  A$fat2l$8 |    0000088F  A$fat2l$8 |    00000892  A$fat2l$8
     00000895  A$fat2l$8 |    00000898  A$fat2l$8 |    0000089B  A$fat2l$8
     0000089C  A$fat2l$8 |    0000089D  A$fat2l$8 |    000008A0  A$fat2l$9
     000008A3  A$fat2l$9 |    000008A6  A$fat2l$9 |    000008A9  A$fat2l$9
     000008A9  C$fat2l.c |    000008AC  A$fat2l$9 |    000008AE  A$fat2l$9
     000008AF  A$fat2l$9 |    000008B2  A$fat2l$9 |    000008B4  A$fat2l$9
     000008B5  A$fat2l$9 |    000008B6  A$fat2l$9 |    000008B7  A$fat2l$9
     000008B8  A$fat2l$9 |    000008B9  A$fat2l$9 |    000008BA  A$fat2l$9
     000008BB  A$fat2l$9 |    000008BC  A$fat2l$9 |    000008BE  A$fat2l$9
     000008BE  C$fat2l.c |    000008C1  A$fat2l$9 |    000008C4  A$fat2l$9
     000008C5  A$fat2l$9 |    000008C8  A$fat2l$9 |    000008C9  A$fat2l$9
     000008CA  A$fat2l$9 |    000008CB  A$fat2l$9 |    000008CE  A$fat2l$9
     000008CF  A$fat2l$9 |    000008D0  A$fat2l$9 |    000008D3  A$fat2l$9
     000008D4  A$fat2l$9 |    000008D5  A$fat2l$9 |    000008D8  A$fat2l$9
     000008D9  A$fat2l$9 |    000008DA  A$fat2l$9 |    000008DD  A$fat2l$9
     000008DE  A$fat2l$9 |    000008DF  A$fat2l$9 |    000008E2  A$fat2l$9
     000008E5  A$fat2l$9 |    000008E8  A$fat2l$9 |    000008EB  A$fat2l$9
     000008EE  A$fat2l$9 |    000008EF  A$fat2l$9 |    000008F0  A$fat2l$9
     000008F3  A$fat2l$9 |    000008F6  A$fat2l$9 |    000008F9  A$fat2l$9
     000008FC  A$fat2l$9 |    000008FF  A$fat2l$9 |    00000902  A$fat2l$9
     00000905  A$fat2l$9 |    00000908  A$fat2l$9 |    0000090A  A$fat2l$9
     0000090A  C$fat2l.c |    0000090D  A$fat2l$9 |    0000090E  A$fat2l$9
     00000911  A$fat2l$9 |    00000912  A$fat2l$9 |    00000914  A$fat2l$9
     00000914  C$fat2l.c |    00000915  A$fat2l$9 |    00000918  A$fat2l$9
     00000919  A$fat2l$9 |    0000091A  A$fat2l$9 |    0000091D  A$fat2l$9
     00000920  A$fat2l$9 |    00000923  A$fat2l$9 |    00000924  A$fat2l$9
     00000927  A$fat2l$9 |    00000928  A$fat2l$9 |    00000929  A$fat2l$9
     0000092C  A$fat2l$9 |    0000092D  A$fat2l$9 |    00000930  A$fat2l$9
     00000931  A$fat2l$9 |    00000932  A$fat2l$9 |    00000935  A$fat2l$9
     00000938  A$fat2l$9 |    0000093B  A$fat2l$9 |    0000093C  A$fat2l$9
     0000093D  A$fat2l$9 |    0000093E  A$fat2l$9 |    0000093E  C$fat2l.c
     0000093F  A$fat2l$9 |    00000942  A$fat2l$9 |    00000943  A$fat2l$9
     00000946  A$fat2l$9 |    00000949  A$fat2l$1 |    0000094A  A$fat2l$1
     0000094D  A$fat2l$1 |    00000950  A$fat2l$1 |    00000951  A$fat2l$1
     00000954  A$fat2l$1 |    00000957  A$fat2l$1 |    00000958  A$fat2l$1
     0000095B  A$fat2l$1 |    0000095E  A$fat2l$1 |    0000095F  A$fat2l$1
     00000962  A$fat2l$1 |    00000965  A$fat2l$1 |    00000966  A$fat2l$1
     00000967  A$fat2l$1 |    0000096A  A$fat2l$1 |    0000096B  A$fat2l$1
     0000096C  A$fat2l$1 |    0000096F  A$fat2l$1 |    00000972  A$fat2l$1
     00000973  A$fat2l$1 |    00000974  A$fat2l$1 |    00000974  C$fat2l.c
     00000977  A$fat2l$1 |    00000978  A$fat2l$1 |    0000097B  A$fat2l$1
     0000097C  A$fat2l$1 |    0000097C  C$fat2l.c |    0000097F  A$fat2l$1
     00000982  A$fat2l$1 |    00000984  A$fat2l$1 |    00000984  C$fat2l.c
     00000986  A$fat2l$1 |    00000988  A$fat2l$1 |    0000098A  A$fat2l$1
     0000098A  C$fat2l.c |    0000098A  XG$fatIni |    0000098B  Ffat2l$__
     000009B3  Ffat2l$__ |    000009EE  Ffat2l$__ |    00000A0F  Ffat2l$__
ASxxxx Linker V03.00 + NoICE + sdld,  page 10.
Hexadecimal  [32-Bits]

Area                       Addr        Size        Decimal Bytes (Attributes)
--------------------       ----        ----        ------- ----- ------------
_CODE                  00000000    000084DB =       34011. bytes (REL,CON)

        Value  Global            Value  Global            Value  Global    
        -----  ------            -----  ------            -----  ------    
     00000A31  Ffat2l$__ |    00000A41  Ffat2l$__ |    00000A6E  Ffat2l$__
     00000ABC  A$fat2l$1 |    00000ABC  C$fat2l.c |    00000ABC  G$fatWrit
     00000ABC  _fatWrite |    00000ABE  A$fat2l$1 |    00000AC2  A$fat2l$1
     00000AC4  A$fat2l$1 |    00000AC7  A$fat2l$1 |    00000AC8  A$fat2l$1
     00000AC9  A$fat2l$1 |    00000ACC  A$fat2l$1 |    00000ACF  A$fat2l$1
     00000AD2  A$fat2l$1 |    00000AD3  A$fat2l$1 |    00000AD4  A$fat2l$1
     00000AD4  C$fat2l.c |    00000AD7  A$fat2l$1 |    00000AD8  A$fat2l$1
     00000AD9  A$fat2l$1 |    00000ADA  A$fat2l$1 |    00000ADB  A$fat2l$1
     00000ADE  A$fat2l$1 |    00000AE1  A$fat2l$1 |    00000AE4  A$fat2l$1
     00000AE5  A$fat2l$1 |    00000AE6  A$fat2l$1 |    00000AE9  A$fat2l$1
     00000AEB  A$fat2l$1 |    00000AEC  A$fat2l$1 |    00000AED  A$fat2l$1
     00000AEE  A$fat2l$1 |    00000AEF  A$fat2l$1 |    00000AF2  A$fat2l$1
     00000AF3  A$fat2l$1 |    00000AF4  A$fat2l$1 |    00000AF8  A$fat2l$1
     00000AF9  A$fat2l$1 |    00000AFA  A$fat2l$1 |    00000AFB  A$fat2l$1
     00000AFD  A$fat2l$1 |    00000AFE  A$fat2l$1 |    00000B01  A$fat2l$1
     00000B04  A$fat2l$1 |    00000B05  A$fat2l$1 |    00000B08  A$fat2l$1
     00000B0B  A$fat2l$1 |    00000B0C  A$fat2l$1 |    00000B0E  A$fat2l$1
     00000B11  A$fat2l$1 |    00000B12  A$fat2l$1 |    00000B13  A$fat2l$1
     00000B14  A$fat2l$1 |    00000B15  A$fat2l$1 |    00000B16  A$fat2l$1
     00000B17  A$fat2l$1 |    00000B18  A$fat2l$1 |    00000B1A  A$fat2l$1
     00000B1A  C$fat2l.c |    00000B1D  A$fat2l$1 |    00000B1E  A$fat2l$1
     00000B21  A$fat2l$1 |    00000B22  A$fat2l$1 |    00000B24  A$fat2l$1
     00000B27  A$fat2l$1 |    00000B28  A$fat2l$1 |    00000B2B  A$fat2l$1
     00000B2E  A$fat2l$1 |    00000B2E  C$fat2l.c |    00000B2F  A$fat2l$1
     00000B30  A$fat2l$1 |    00000B31  A$fat2l$1 |    00000B32  A$fat2l$1
     00000B33  A$fat2l$1 |    00000B34  A$fat2l$1 |    00000B35  A$fat2l$1
     00000B36  A$fat2l$1 |    00000B37  A$fat2l$1 |    00000B38  A$fat2l$1
     00000B3A  A$fat2l$1 |    00000B3B  A$fat2l$1 |    00000B3D  A$fat2l$1
     00000B3E  A$fat2l$1 |    00000B3F  A$fat2l$1 |    00000B40  A$fat2l$1
     00000B43  A$fat2l$1 |    00000B44  A$fat2l$1 |    00000B45  A$fat2l$1
     00000B46  A$fat2l$1 |    00000B48  A$fat2l$1 |    00000B4B  A$fat2l$1
     00000B4C  A$fat2l$1 |    00000B4E  A$fat2l$1 |    00000B51  A$fat2l$1
     00000B54  A$fat2l$1 |    00000B57  A$fat2l$1 |    00000B58  A$fat2l$1
     00000B59  A$fat2l$1 |    00000B5A  A$fat2l$1 |    00000B5D  A$fat2l$1
     00000B60  A$fat2l$1 |    00000B61  A$fat2l$1 |    00000B64  A$fat2l$1
     00000B65  A$fat2l$1 |    00000B66  A$fat2l$1 |    00000B67  A$fat2l$1
     00000B68  A$fat2l$1 |    00000B69  A$fat2l$1 |    00000B6A  A$fat2l$1
     00000B6C  A$fat2l$1 |    00000B6C  C$fat2l.c |    00000B6F  A$fat2l$1
     00000B70  A$fat2l$1 |    00000B73  A$fat2l$1 |    00000B74  A$fat2l$1
     00000B76  A$fat2l$1 |    00000B76  C$fat2l.c |    00000B78  A$fat2l$1
     00000B7A  A$fat2l$1 |    00000B7C  A$fat2l$1 |    00000B7C  C$fat2l.c
     00000B7C  XG$fatWri |    00000B7D  Ffat2l$__ |    00000B94  Ffat2l$__
     00000BAB  A$fat2l$1 |    00000BAB  C$fat2l.c |    00000BAB  G$fatRead
     00000BAB  _fatReadB |    00000BAD  A$fat2l$1 |    00000BB1  A$fat2l$1
     00000BB3  A$fat2l$1 |    00000BB6  A$fat2l$1 |    00000BB7  A$fat2l$1
     00000BB8  A$fat2l$1 |    00000BBB  A$fat2l$1 |    00000BBE  A$fat2l$1
     00000BC1  A$fat2l$1 |    00000BC4  A$fat2l$1 |    00000BC7  A$fat2l$1
     00000BC9  A$fat2l$1 |    00000BCC  A$fat2l$1 |    00000BCF  A$fat2l$1
     00000BD1  A$fat2l$1 |    00000BD4  A$fat2l$1 |    00000BD4  C$fat2l.c
     00000BD7  A$fat2l$1 |    00000BD9  A$fat2l$1 |    00000BDC  A$fat2l$1
     00000BDF  A$fat2l$1 |    00000BE1  A$fat2l$1 |    00000BE4  A$fat2l$1
ASxxxx Linker V03.00 + NoICE + sdld,  page 11.
Hexadecimal  [32-Bits]

Area                       Addr        Size        Decimal Bytes (Attributes)
--------------------       ----        ----        ------- ----- ------------
_CODE                  00000000    000084DB =       34011. bytes (REL,CON)

        Value  Global            Value  Global            Value  Global    
        -----  ------            -----  ------            -----  ------    
     00000BE7  A$fat2l$1 |    00000BEA  A$fat2l$1 |    00000BEB  A$fat2l$1
     00000BEC  A$fat2l$1 |    00000BED  A$fat2l$1 |    00000BEE  A$fat2l$1
     00000BEF  A$fat2l$1 |    00000BF0  A$fat2l$1 |    00000BF1  A$fat2l$1
     00000BF2  A$fat2l$1 |    00000BF3  A$fat2l$1 |    00000BF6  A$fat2l$1
     00000BF7  A$fat2l$1 |    00000BF8  A$fat2l$1 |    00000BFC  A$fat2l$1
     00000BFD  A$fat2l$1 |    00000BFE  A$fat2l$1 |    00000BFF  A$fat2l$1
     00000C01  A$fat2l$1 |    00000C02  A$fat2l$1 |    00000C03  A$fat2l$1
     00000C04  A$fat2l$1 |    00000C05  A$fat2l$1 |    00000C06  A$fat2l$1
     00000C07  A$fat2l$1 |    00000C09  A$fat2l$1 |    00000C0C  A$fat2l$1
     00000C0D  A$fat2l$1 |    00000C0E  A$fat2l$1 |    00000C0F  A$fat2l$1
     00000C10  A$fat2l$1 |    00000C11  A$fat2l$1 |    00000C12  A$fat2l$1
     00000C14  A$fat2l$1 |    00000C14  C$fat2l.c |    00000C17  A$fat2l$1
     00000C18  A$fat2l$1 |    00000C1B  A$fat2l$1 |    00000C1C  A$fat2l$1
     00000C1F  A$fat2l$1 |    00000C22  A$fat2l$1 |    00000C24  A$fat2l$1
     00000C27  A$fat2l$1 |    00000C2A  A$fat2l$1 |    00000C2C  A$fat2l$1
     00000C2F  A$fat2l$1 |    00000C32  A$fat2l$1 |    00000C34  A$fat2l$1
     00000C37  A$fat2l$1 |    00000C3A  A$fat2l$1 |    00000C3C  A$fat2l$1
     00000C3F  A$fat2l$1 |    00000C3F  C$fat2l.c |    00000C42  A$fat2l$1
     00000C45  A$fat2l$1 |    00000C46  A$fat2l$1 |    00000C47  A$fat2l$1
     00000C48  A$fat2l$1 |    00000C49  A$fat2l$1 |    00000C4A  A$fat2l$1
     00000C4B  A$fat2l$1 |    00000C4C  A$fat2l$1 |    00000C4D  A$fat2l$1
     00000C4F  A$fat2l$1 |    00000C50  A$fat2l$1 |    00000C52  A$fat2l$1
     00000C53  A$fat2l$1 |    00000C54  A$fat2l$1 |    00000C55  A$fat2l$1
     00000C58  A$fat2l$1 |    00000C59  A$fat2l$1 |    00000C5A  A$fat2l$1
     00000C5E  A$fat2l$1 |    00000C5F  A$fat2l$1 |    00000C60  A$fat2l$1
     00000C61  A$fat2l$1 |    00000C63  A$fat2l$1 |    00000C64  A$fat2l$1
     00000C67  A$fat2l$1 |    00000C6A  A$fat2l$1 |    00000C6B  A$fat2l$1
     00000C6C  A$fat2l$1 |    00000C6D  A$fat2l$1 |    00000C6F  A$fat2l$1
     00000C72  A$fat2l$1 |    00000C73  A$fat2l$1 |    00000C74  A$fat2l$1
     00000C75  A$fat2l$1 |    00000C76  A$fat2l$1 |    00000C77  A$fat2l$1
     00000C78  A$fat2l$1 |    00000C7A  A$fat2l$1 |    00000C7A  C$fat2l.c
     00000C7D  A$fat2l$1 |    00000C7E  A$fat2l$1 |    00000C81  A$fat2l$1
     00000C82  A$fat2l$1 |    00000C85  A$fat2l$1 |    00000C85  C$fat2l.c
     00000C86  A$fat2l$1 |    00000C87  A$fat2l$1 |    00000C87  C$fat2l.c
     00000C8A  A$fat2l$1 |    00000C8A  C$fat2l.c |    00000C8D  A$fat2l$1
     00000C90  A$fat2l$1 |    00000C93  A$fat2l$1 |    00000C96  A$fat2l$1
     00000C9A  A$fat2l$1 |    00000C9E  A$fat2l$1 |    00000CA1  A$fat2l$1
     00000CA4  A$fat2l$1 |    00000CA5  A$fat2l$1 |    00000CA8  A$fat2l$1
     00000CA9  A$fat2l$1 |    00000CAA  A$fat2l$1 |    00000CAB  A$fat2l$1
     00000CAC  A$fat2l$1 |    00000CAD  A$fat2l$1 |    00000CAE  A$fat2l$1
     00000CB0  A$fat2l$1 |    00000CB2  A$fat2l$1 |    00000CB4  A$fat2l$1
     00000CB6  A$fat2l$1 |    00000CB8  A$fat2l$1 |    00000CBA  A$fat2l$1
     00000CBD  A$fat2l$1 |    00000CC0  A$fat2l$1 |    00000CC3  A$fat2l$1
     00000CC6  A$fat2l$1 |    00000CC9  A$fat2l$1 |    00000CCA  A$fat2l$1
     00000CCD  A$fat2l$1 |    00000CCE  A$fat2l$1 |    00000CD0  A$fat2l$1
     00000CD1  A$fat2l$1 |    00000CD2  A$fat2l$1 |    00000CD3  A$fat2l$1
     00000CD4  A$fat2l$1 |    00000CD5  A$fat2l$1 |    00000CD6  A$fat2l$1
     00000CD9  A$fat2l$1 |    00000CDA  A$fat2l$1 |    00000CDB  A$fat2l$1
     00000CDC  A$fat2l$1 |    00000CDE  A$fat2l$1 |    00000CDF  A$fat2l$1
     00000CE0  A$fat2l$1 |    00000CE3  A$fat2l$1 |    00000CE5  A$fat2l$1
     00000CE8  A$fat2l$1 |    00000CEA  A$fat2l$1 |    00000CEA  C$fat2l.c
ASxxxx Linker V03.00 + NoICE + sdld,  page 12.
Hexadecimal  [32-Bits]

Area                       Addr        Size        Decimal Bytes (Attributes)
--------------------       ----        ----        ------- ----- ------------
_CODE                  00000000    000084DB =       34011. bytes (REL,CON)

        Value  Global            Value  Global            Value  Global    
        -----  ------            -----  ------            -----  ------    
     00000CED  A$fat2l$1 |    00000CEF  A$fat2l$1 |    00000CF0  A$fat2l$1
     00000CF3  A$fat2l$1 |    00000CF5  A$fat2l$1 |    00000CF6  A$fat2l$1
     00000CF7  A$fat2l$1 |    00000CF8  A$fat2l$1 |    00000CF9  A$fat2l$1
     00000CF9  C$fat2l.c |    00000CFC  A$fat2l$1 |    00000CFC  C$fat2l.c
     00000CFF  A$fat2l$1 |    00000D02  A$fat2l$1 |    00000D05  A$fat2l$1
     00000D08  A$fat2l$1 |    00000D0C  A$fat2l$1 |    00000D10  A$fat2l$1
     00000D13  A$fat2l$1 |    00000D16  A$fat2l$1 |    00000D17  A$fat2l$1
     00000D1A  A$fat2l$1 |    00000D1B  A$fat2l$1 |    00000D1C  A$fat2l$1
     00000D1D  A$fat2l$1 |    00000D1E  A$fat2l$1 |    00000D1F  A$fat2l$1
     00000D20  A$fat2l$1 |    00000D22  A$fat2l$1 |    00000D24  A$fat2l$1
     00000D26  A$fat2l$1 |    00000D28  A$fat2l$1 |    00000D2A  A$fat2l$1
     00000D2C  A$fat2l$1 |    00000D2F  A$fat2l$1 |    00000D32  A$fat2l$1
     00000D35  A$fat2l$1 |    00000D38  A$fat2l$1 |    00000D3B  A$fat2l$1
     00000D3C  A$fat2l$1 |    00000D3F  A$fat2l$1 |    00000D40  A$fat2l$1
     00000D42  A$fat2l$1 |    00000D43  A$fat2l$1 |    00000D44  A$fat2l$1
     00000D45  A$fat2l$1 |    00000D46  A$fat2l$1 |    00000D47  A$fat2l$1
     00000D48  A$fat2l$1 |    00000D4B  A$fat2l$1 |    00000D4C  A$fat2l$1
     00000D4D  A$fat2l$1 |    00000D4E  A$fat2l$1 |    00000D50  A$fat2l$1
     00000D51  A$fat2l$1 |    00000D52  A$fat2l$1 |    00000D55  A$fat2l$1
     00000D57  A$fat2l$1 |    00000D5A  A$fat2l$1 |    00000D5C  A$fat2l$1
     00000D5C  C$fat2l.c |    00000D5F  A$fat2l$1 |    00000D61  A$fat2l$1
     00000D62  A$fat2l$1 |    00000D65  A$fat2l$1 |    00000D67  A$fat2l$1
     00000D68  A$fat2l$1 |    00000D69  A$fat2l$1 |    00000D6A  A$fat2l$1
     00000D6B  A$fat2l$1 |    00000D6B  C$fat2l.c |    00000D6D  A$fat2l$1
     00000D6F  A$fat2l$1 |    00000D71  A$fat2l$1 |    00000D71  C$fat2l.c
     00000D71  XG$fatRea |    00000D72  Ffat2l$__ |    00000D89  Ffat2l$__
     00000DA0  A$fat2l$1 |    00000DA0  C$fat2l.c |    00000DA0  G$fatRead
     00000DA0  _fatReadS |    00000DA2  A$fat2l$1 |    00000DA6  A$fat2l$1
     00000DA8  A$fat2l$1 |    00000DAB  A$fat2l$1 |    00000DAC  A$fat2l$1
     00000DAD  A$fat2l$1 |    00000DAD  C$fat2l.c |    00000DB0  A$fat2l$1
     00000DB3  A$fat2l$1 |    00000DB4  A$fat2l$1 |    00000DB5  A$fat2l$1
     00000DB6  A$fat2l$1 |    00000DB6  C$fat2l.c |    00000DB9  A$fat2l$1
     00000DBC  A$fat2l$1 |    00000DBD  A$fat2l$1 |    00000DBE  A$fat2l$1
     00000DC1  A$fat2l$1 |    00000DC2  A$fat2l$1 |    00000DC3  A$fat2l$1
     00000DC4  A$fat2l$1 |    00000DC8  A$fat2l$1 |    00000DCA  A$fat2l$1
     00000DCB  A$fat2l$1 |    00000DCC  A$fat2l$1 |    00000DCF  A$fat2l$1
     00000DD0  A$fat2l$1 |    00000DD3  A$fat2l$1 |    00000DD4  A$fat2l$1
     00000DD6  A$fat2l$1 |    00000DD9  A$fat2l$1 |    00000DDA  A$fat2l$1
     00000DDB  A$fat2l$1 |    00000DDC  A$fat2l$1 |    00000DDD  A$fat2l$1
     00000DDE  A$fat2l$1 |    00000DDF  A$fat2l$1 |    00000DE0  A$fat2l$1
     00000DE1  A$fat2l$1 |    00000DE3  A$fat2l$1 |    00000DE3  C$fat2l.c
     00000DE6  A$fat2l$1 |    00000DE7  A$fat2l$1 |    00000DEA  A$fat2l$1
     00000DEB  A$fat2l$1 |    00000DEE  A$fat2l$1 |    00000DEE  C$fat2l.c
     00000DF2  A$fat2l$1 |    00000DF4  A$fat2l$1 |    00000DF7  A$fat2l$1
     00000DFA  A$fat2l$1 |    00000DFD  A$fat2l$1 |    00000DFE  A$fat2l$1
     00000DFF  A$fat2l$1 |    00000E00  A$fat2l$1 |    00000E01  A$fat2l$1
     00000E02  A$fat2l$1 |    00000E03  A$fat2l$1 |    00000E04  A$fat2l$1
     00000E05  A$fat2l$1 |    00000E06  A$fat2l$1 |    00000E07  A$fat2l$1
     00000E0A  A$fat2l$1 |    00000E0D  A$fat2l$1 |    00000E10  A$fat2l$1
     00000E13  A$fat2l$1 |    00000E16  A$fat2l$1 |    00000E17  A$fat2l$1
     00000E1A  A$fat2l$1 |    00000E1D  A$fat2l$1 |    00000E20  A$fat2l$1
ASxxxx Linker V03.00 + NoICE + sdld,  page 13.
Hexadecimal  [32-Bits]

Area                       Addr        Size        Decimal Bytes (Attributes)
--------------------       ----        ----        ------- ----- ------------
_CODE                  00000000    000084DB =       34011. bytes (REL,CON)

        Value  Global            Value  Global            Value  Global    
        -----  ------            -----  ------            -----  ------    
     00000E22  A$fat2l$1 |    00000E23  A$fat2l$1 |    00000E26  A$fat2l$1
     00000E28  A$fat2l$1 |    00000E29  A$fat2l$1 |    00000E2D  A$fat2l$1
     00000E2D  C$fat2l.c |    00000E30  A$fat2l$1 |    00000E31  A$fat2l$1
     00000E32  A$fat2l$1 |    00000E33  A$fat2l$1 |    00000E36  A$fat2l$1
     00000E37  A$fat2l$1 |    00000E3A  A$fat2l$1 |    00000E3D  A$fat2l$1
     00000E3F  A$fat2l$1 |    00000E42  A$fat2l$1 |    00000E44  A$fat2l$1
     00000E45  A$fat2l$1 |    00000E46  A$fat2l$1 |    00000E47  A$fat2l$1
     00000E48  A$fat2l$1 |    00000E4B  A$fat2l$1 |    00000E4C  A$fat2l$1
     00000E4D  A$fat2l$1 |    00000E50  A$fat2l$1 |    00000E52  A$fat2l$1
     00000E55  A$fat2l$1 |    00000E58  A$fat2l$1 |    00000E5B  A$fat2l$1
     00000E5C  A$fat2l$1 |    00000E5F  A$fat2l$1 |    00000E61  A$fat2l$1
     00000E62  A$fat2l$1 |    00000E63  A$fat2l$1 |    00000E63  C$fat2l.c
     00000E66  A$fat2l$1 |    00000E69  A$fat2l$1 |    00000E6B  A$fat2l$1
     00000E6D  A$fat2l$1 |    00000E6D  C$fat2l.c |    00000E70  A$fat2l$1
     00000E71  A$fat2l$1 |    00000E74  A$fat2l$1 |    00000E77  A$fat2l$1
     00000E7A  A$fat2l$1 |    00000E7D  A$fat2l$1 |    00000E80  A$fat2l$1
     00000E81  A$fat2l$1 |    00000E82  A$fat2l$1 |    00000E83  A$fat2l$1
     00000E84  A$fat2l$1 |    00000E87  A$fat2l$1 |    00000E8A  A$fat2l$1
     00000E8B  A$fat2l$1 |    00000E8C  A$fat2l$1 |    00000E8D  A$fat2l$1
     00000E8D  C$fat2l.c |    00000E90  A$fat2l$1 |    00000E91  A$fat2l$1
     00000E93  A$fat2l$1 |    00000E94  A$fat2l$1 |    00000E96  A$fat2l$1
     00000E96  C$fat2l.c |    00000E99  A$fat2l$1 |    00000E9A  A$fat2l$1
     00000E9D  A$fat2l$1 |    00000EA0  A$fat2l$1 |    00000EA3  A$fat2l$1
     00000EA6  A$fat2l$1 |    00000EA9  A$fat2l$1 |    00000EAA  A$fat2l$1
     00000EAB  A$fat2l$1 |    00000EAC  A$fat2l$1 |    00000EAD  A$fat2l$1
     00000EB0  A$fat2l$1 |    00000EB3  A$fat2l$1 |    00000EB4  A$fat2l$1
     00000EB5  A$fat2l$1 |    00000EB6  A$fat2l$1 |    00000EB6  C$fat2l.c
     00000EB9  A$fat2l$1 |    00000EBA  A$fat2l$1 |    00000EBC  A$fat2l$1
     00000EBD  A$fat2l$1 |    00000EBF  A$fat2l$1 |    00000EBF  C$fat2l.c
     00000EC1  A$fat2l$1 |    00000EC3  A$fat2l$1 |    00000EC5  A$fat2l$1
     00000EC5  C$fat2l.c |    00000EC5  XG$fatRea |    00000EC6  Ffat2l$__
     00000EE7  A$fat2l$1 |    00000EE7  C$fat2l.c |    00000EE7  G$fatChec
     00000EE7  _fatCheck |    00000EE9  A$fat2l$1 |    00000EED  A$fat2l$1
     00000EEF  A$fat2l$1 |    00000EEF  C$fat2l.c |    00000EF2  A$fat2l$1
     00000EF5  A$fat2l$1 |    00000EF7  A$fat2l$1 |    00000EF9  A$fat2l$1
     00000EFB  A$fat2l$1 |    00000EFD  A$fat2l$1 |    00000EFF  A$fat2l$1
     00000F01  A$fat2l$1 |    00000F01  C$fat2l.c |    00000F04  A$fat2l$1
     00000F06  A$fat2l$1 |    00000F07  A$fat2l$1 |    00000F09  A$fat2l$1
     00000F0A  A$fat2l$1 |    00000F0C  A$fat2l$1 |    00000F0E  A$fat2l$1
     00000F10  A$fat2l$1 |    00000F10  C$fat2l.c |    00000F13  A$fat2l$1
     00000F16  A$fat2l$1 |    00000F17  A$fat2l$1 |    00000F1A  A$fat2l$1
     00000F1B  A$fat2l$1 |    00000F1C  A$fat2l$1 |    00000F1D  A$fat2l$1
     00000F1E  A$fat2l$1 |    00000F1F  A$fat2l$1 |    00000F20  A$fat2l$1
     00000F22  A$fat2l$1 |    00000F22  C$fat2l.c |    00000F22  XG$fatChe
     00000F23  A$fat2l$1 |    00000F23  C$fat2l.c |    00000F23  G$fatStdC
     00000F23  _fatStdCh |    00000F25  A$fat2l$1 |    00000F29  A$fat2l$1
     00000F2B  A$fat2l$1 |    00000F2B  C$fat2l.c |    00000F2E  A$fat2l$1
     00000F31  A$fat2l$1 |    00000F32  A$fat2l$1 |    00000F33  A$fat2l$1
     00000F34  A$fat2l$1 |    00000F36  A$fat2l$1 |    00000F39  A$fat2l$1
     00000F3A  A$fat2l$1 |    00000F3D  A$fat2l$1 |    00000F3E  A$fat2l$1
     00000F41  A$fat2l$1 |    00000F41  C$fat2l.c |    00000F44  A$fat2l$1
ASxxxx Linker V03.00 + NoICE + sdld,  page 14.
Hexadecimal  [32-Bits]

Area                       Addr        Size        Decimal Bytes (Attributes)
--------------------       ----        ----        ------- ----- ------------
_CODE                  00000000    000084DB =       34011. bytes (REL,CON)

        Value  Global            Value  Global            Value  Global    
        -----  ------            -----  ------            -----  ------    
     00000F45  A$fat2l$1 |    00000F46  A$fat2l$1 |    00000F46  C$fat2l.c
     00000F49  A$fat2l$1 |    00000F4A  A$fat2l$1 |    00000F4C  A$fat2l$1
     00000F4C  C$fat2l.c |    00000F4D  A$fat2l$1 |    00000F4E  A$fat2l$1
     00000F4F  A$fat2l$1 |    00000F50  A$fat2l$1 |    00000F51  A$fat2l$1
     00000F52  A$fat2l$1 |    00000F55  A$fat2l$1 |    00000F56  A$fat2l$1
     00000F59  A$fat2l$1 |    00000F5A  A$fat2l$1 |    00000F5C  A$fat2l$1
     00000F5F  A$fat2l$1 |    00000F60  A$fat2l$1 |    00000F63  A$fat2l$1
     00000F64  A$fat2l$1 |    00000F66  A$fat2l$1 |    00000F66  C$fat2l.c
     00000F67  A$fat2l$1 |    00000F68  A$fat2l$1 |    00000F69  A$fat2l$1
     00000F6C  A$fat2l$1 |    00000F6D  A$fat2l$1 |    00000F6E  A$fat2l$1
     00000F6F  A$fat2l$1 |    00000F70  A$fat2l$1 |    00000F71  A$fat2l$1
     00000F72  A$fat2l$1 |    00000F75  A$fat2l$1 |    00000F76  A$fat2l$1
     00000F79  A$fat2l$1 |    00000F7A  A$fat2l$1 |    00000F7C  A$fat2l$1
     00000F7F  A$fat2l$1 |    00000F80  A$fat2l$1 |    00000F83  A$fat2l$1
     00000F84  A$fat2l$1 |    00000F86  A$fat2l$1 |    00000F86  C$fat2l.c
     00000F89  A$fat2l$1 |    00000F8A  A$fat2l$1 |    00000F8C  A$fat2l$1
     00000F8C  C$fat2l.c |    00000F8F  A$fat2l$1 |    00000F90  A$fat2l$1
     00000F92  A$fat2l$1 |    00000F95  A$fat2l$1 |    00000F98  A$fat2l$1
     00000F9A  A$fat2l$1 |    00000F9B  A$fat2l$1 |    00000F9C  A$fat2l$1
     00000F9D  A$fat2l$1 |    00000F9E  A$fat2l$1 |    00000FA1  A$fat2l$1
     00000FA4  A$fat2l$1 |    00000FA5  A$fat2l$1 |    00000FA6  A$fat2l$1
     00000FA7  A$fat2l$1 |    00000FAA  A$fat2l$1 |    00000FAB  A$fat2l$1
     00000FAC  A$fat2l$1 |    00000FAD  A$fat2l$1 |    00000FAE  A$fat2l$1
     00000FB0  A$fat2l$1 |    00000FB3  A$fat2l$1 |    00000FB4  A$fat2l$1
     00000FB7  A$fat2l$1 |    00000FB8  A$fat2l$1 |    00000FBA  A$fat2l$1
     00000FBA  C$fat2l.c |    00000FBC  A$fat2l$1 |    00000FBE  A$fat2l$1
     00000FBE  C$fat2l.c |    00000FBE  XG$fatStd |    00000FBF  A$fat2l$1
     00000FBF  C$fat2l.c |    00000FBF  G$fatOpen |    00000FBF  _fatOpen 
     00000FC1  A$fat2l$1 |    00000FC5  A$fat2l$1 |    00000FC7  A$fat2l$1
     00000FCA  A$fat2l$1 |    00000FCB  A$fat2l$1 |    00000FCC  A$fat2l$1
     00000FCC  C$fat2l.c |    00000FCF  A$fat2l$1 |    00000FD0  A$fat2l$1
     00000FD2  A$fat2l$1 |    00000FD5  A$fat2l$1 |    00000FD6  A$fat2l$1
     00000FD7  A$fat2l$1 |    00000FD8  A$fat2l$1 |    00000FDB  A$fat2l$1
     00000FDE  A$fat2l$1 |    00000FDF  A$fat2l$1 |    00000FE2  A$fat2l$1
     00000FE3  A$fat2l$1 |    00000FE4  A$fat2l$1 |    00000FE7  A$fat2l$1
     00000FEA  A$fat2l$1 |    00000FEB  A$fat2l$1 |    00000FEE  A$fat2l$2
     00000FEF  A$fat2l$2 |    00000FF0  A$fat2l$2 |    00000FF1  A$fat2l$2
     00000FF2  A$fat2l$2 |    00000FF3  A$fat2l$2 |    00000FF5  A$fat2l$2
     00000FF6  A$fat2l$2 |    00000FF9  A$fat2l$2 |    00000FF9  C$fat2l.c
     00000FFC  A$fat2l$2 |    00000FFF  A$fat2l$2 |    00001002  A$fat2l$2
     00001003  A$fat2l$2 |    00001004  A$fat2l$2 |    00001007  A$fat2l$2
     00001008  A$fat2l$2 |    0000100A  A$fat2l$2 |    0000100D  A$fat2l$2
     0000100F  A$fat2l$2 |    00001012  A$fat2l$2 |    00001013  A$fat2l$2
     00001014  A$fat2l$2 |    00001015  A$fat2l$2 |    00001016  A$fat2l$2
     00001017  A$fat2l$2 |    0000101A  A$fat2l$2 |    0000101B  A$fat2l$2
     0000101C  A$fat2l$2 |    0000101F  A$fat2l$2 |    00001021  A$fat2l$2
     00001022  A$fat2l$2 |    00001022  C$fat2l.c |    00001025  A$fat2l$2
     00001026  A$fat2l$2 |    00001027  A$fat2l$2 |    00001027  C$fat2l.c
     0000102A  A$fat2l$2 |    0000102B  A$fat2l$2 |    0000102C  A$fat2l$2
     0000102D  A$fat2l$2 |    0000102D  C$fat2l.c |    00001030  A$fat2l$2
     00001031  A$fat2l$2 |    00001033  A$fat2l$2 |    00001033  C$fat2l.c
ASxxxx Linker V03.00 + NoICE + sdld,  page 15.
Hexadecimal  [32-Bits]

Area                       Addr        Size        Decimal Bytes (Attributes)
--------------------       ----        ----        ------- ----- ------------
_CODE                  00000000    000084DB =       34011. bytes (REL,CON)

        Value  Global            Value  Global            Value  Global    
        -----  ------            -----  ------            -----  ------    
     00001036  A$fat2l$2 |    00001039  A$fat2l$2 |    0000103A  A$fat2l$2
     0000103B  A$fat2l$2 |    0000103C  A$fat2l$2 |    0000103D  A$fat2l$2
     0000103E  A$fat2l$2 |    00001041  A$fat2l$2 |    00001044  A$fat2l$2
     00001048  A$fat2l$2 |    0000104C  A$fat2l$2 |    0000104F  A$fat2l$2
     00001052  A$fat2l$2 |    00001055  A$fat2l$2 |    00001058  A$fat2l$2
     0000105B  A$fat2l$2 |    0000105E  A$fat2l$2 |    00001061  A$fat2l$2
     00001064  A$fat2l$2 |    00001067  A$fat2l$2 |    0000106A  A$fat2l$2
     0000106D  A$fat2l$2 |    00001070  A$fat2l$2 |    00001071  A$fat2l$2
     00001074  A$fat2l$2 |    00001075  A$fat2l$2 |    00001078  A$fat2l$2
     0000107A  A$fat2l$2 |    0000107B  A$fat2l$2 |    0000107B  C$fat2l.c
     0000107D  A$fat2l$2 |    0000107E  A$fat2l$2 |    0000107F  A$fat2l$2
     00001081  A$fat2l$2 |    00001082  A$fat2l$2 |    00001084  A$fat2l$2
     00001084  C$fat2l.c |    00001085  A$fat2l$2 |    00001088  A$fat2l$2
     0000108B  A$fat2l$2 |    0000108C  A$fat2l$2 |    0000108D  A$fat2l$2
     0000108E  A$fat2l$2 |    0000108F  A$fat2l$2 |    00001090  A$fat2l$2
     00001091  A$fat2l$2 |    00001092  A$fat2l$2 |    00001093  A$fat2l$2
     00001094  A$fat2l$2 |    00001095  A$fat2l$2 |    00001096  A$fat2l$2
     00001097  A$fat2l$2 |    00001098  A$fat2l$2 |    00001099  A$fat2l$2
     0000109A  A$fat2l$2 |    0000109D  A$fat2l$2 |    000010A0  A$fat2l$2
     000010A4  A$fat2l$2 |    000010A8  A$fat2l$2 |    000010AB  A$fat2l$2
     000010AE  A$fat2l$2 |    000010B1  A$fat2l$2 |    000010B4  A$fat2l$2
     000010B7  A$fat2l$2 |    000010BA  A$fat2l$2 |    000010BD  A$fat2l$2
     000010C0  A$fat2l$2 |    000010C3  A$fat2l$2 |    000010C6  A$fat2l$2
     000010C9  A$fat2l$2 |    000010CC  A$fat2l$2 |    000010CD  A$fat2l$2
     000010D0  A$fat2l$2 |    000010D1  A$fat2l$2 |    000010D4  A$fat2l$2
     000010D6  A$fat2l$2 |    000010D7  A$fat2l$2 |    000010D7  C$fat2l.c
     000010D9  A$fat2l$2 |    000010DA  A$fat2l$2 |    000010DB  A$fat2l$2
     000010DD  A$fat2l$2 |    000010DE  A$fat2l$2 |    000010DE  C$fat2l.c
     000010E0  A$fat2l$2 |    000010E2  A$fat2l$2 |    000010E4  A$fat2l$2
     000010E4  C$fat2l.c |    000010E4  XG$fatOpe |    000010E5  A$fat2l$2
     000010E5  C$fat2l.c |    000010E5  G$fatClos |    000010E5  _fatClose
     000010E7  A$fat2l$2 |    000010EB  A$fat2l$2 |    000010ED  A$fat2l$2
     000010ED  C$fat2l.c |    000010F0  A$fat2l$2 |    000010F3  A$fat2l$2
     000010F4  A$fat2l$2 |    000010F5  A$fat2l$2 |    000010F7  A$fat2l$2
     000010FA  A$fat2l$2 |    000010FB  A$fat2l$2 |    000010FE  A$fat2l$2
     000010FF  A$fat2l$2 |    00001101  A$fat2l$2 |    00001101  C$fat2l.c
     00001105  A$fat2l$2 |    00001107  A$fat2l$2 |    0000110A  A$fat2l$2
     0000110D  A$fat2l$2 |    00001110  A$fat2l$2 |    00001113  A$fat2l$2
     00001114  A$fat2l$2 |    00001115  A$fat2l$2 |    00001116  A$fat2l$2
     00001118  A$fat2l$2 |    00001118  C$fat2l.c |    0000111C  A$fat2l$2
     00001120  A$fat2l$2 |    00001124  A$fat2l$2 |    00001128  A$fat2l$2
     00001128  C$fat2l.c |    0000112B  A$fat2l$2 |    0000112C  A$fat2l$2
     0000112D  A$fat2l$2 |    0000112E  A$fat2l$2 |    0000112F  A$fat2l$2
     00001130  A$fat2l$2 |    00001130  C$fat2l.c |    00001132  A$fat2l$2
     00001134  A$fat2l$2 |    00001134  C$fat2l.c |    00001136  A$fat2l$2
     00001138  A$fat2l$2 |    00001138  C$fat2l.c |    00001138  XG$fatClo
     00001139  A$fat2l$2 |    00001139  C$fat2l.c |    00001139  G$fatRefo
     00001139  _fatRefor |    0000113B  A$fat2l$2 |    0000113F  A$fat2l$2
     00001141  A$fat2l$2 |    00001141  C$fat2l.c |    00001144  A$fat2l$2
     00001146  A$fat2l$2 |    00001148  A$fat2l$2 |    0000114B  A$fat2l$2
     0000114D  A$fat2l$2 |    0000114F  A$fat2l$2 |    00001152  A$fat2l$2
ASxxxx Linker V03.00 + NoICE + sdld,  page 16.
Hexadecimal  [32-Bits]

Area                       Addr        Size        Decimal Bytes (Attributes)
--------------------       ----        ----        ------- ----- ------------
_CODE                  00000000    000084DB =       34011. bytes (REL,CON)

        Value  Global            Value  Global            Value  Global    
        -----  ------            -----  ------            -----  ------    
     00001154  A$fat2l$2 |    00001156  A$fat2l$2 |    00001159  A$fat2l$2
     0000115B  A$fat2l$2 |    0000115D  A$fat2l$2 |    0000115F  A$fat2l$2
     00001161  A$fat2l$2 |    00001161  C$fat2l.c |    00001164  A$fat2l$2
     00001167  A$fat2l$2 |    0000116A  A$fat2l$2 |    0000116B  A$fat2l$2
     0000116C  A$fat2l$2 |    0000116D  A$fat2l$2 |    0000116E  A$fat2l$2
     0000116F  A$fat2l$2 |    00001170  A$fat2l$2 |    00001171  A$fat2l$2
     00001172  A$fat2l$2 |    00001173  A$fat2l$2 |    00001174  A$fat2l$2
     00001177  A$fat2l$2 |    00001178  A$fat2l$2 |    00001179  A$fat2l$2
     0000117D  A$fat2l$2 |    0000117E  A$fat2l$2 |    0000117F  A$fat2l$2
     00001180  A$fat2l$2 |    00001182  A$fat2l$2 |    00001183  A$fat2l$2
     00001184  A$fat2l$2 |    00001185  A$fat2l$2 |    00001188  A$fat2l$2
     00001189  A$fat2l$2 |    0000118C  A$fat2l$2 |    0000118D  A$fat2l$2
     0000118F  A$fat2l$2 |    00001192  A$fat2l$2 |    00001195  A$fat2l$2
     00001196  A$fat2l$2 |    00001197  A$fat2l$2 |    00001197  C$fat2l.c
     0000119A  A$fat2l$2 |    0000119C  A$fat2l$2 |    0000119C  C$fat2l.c
     0000119C  XG$fatRef |    0000119D  A$fat2l$2 |    0000119D  C$fat2l.c
     0000119D  G$fatRead |    0000119D  _fatReadB |    0000119F  A$fat2l$2
     000011A3  A$fat2l$2 |    000011A5  A$fat2l$2 |    000011A6  A$fat2l$2
     000011A7  A$fat2l$2 |    000011A7  C$fat2l.c |    000011AA  A$fat2l$2
     000011AD  A$fat2l$2 |    000011B0  A$fat2l$2 |    000011B1  A$fat2l$2
     000011B2  A$fat2l$2 |    000011B3  A$fat2l$2 |    000011B4  A$fat2l$2
     000011B5  A$fat2l$2 |    000011B6  A$fat2l$2 |    000011B7  A$fat2l$2
     000011B9  A$fat2l$2 |    000011BC  A$fat2l$2 |    000011BD  A$fat2l$2
     000011C0  A$fat2l$2 |    000011C3  A$fat2l$2 |    000011C4  A$fat2l$2
     000011C5  A$fat2l$2 |    000011C6  A$fat2l$2 |    000011C7  A$fat2l$2
     000011C8  A$fat2l$2 |    000011C9  A$fat2l$2 |    000011CA  A$fat2l$2
     000011CB  A$fat2l$2 |    000011CC  A$fat2l$2 |    000011CD  A$fat2l$2
     000011CE  A$fat2l$2 |    000011D0  A$fat2l$2 |    000011D2  A$fat2l$2
     000011D4  A$fat2l$2 |    000011D4  C$fat2l.c |    000011D5  A$fat2l$2
     000011D6  A$fat2l$2 |    000011D9  A$fat2l$2 |    000011DA  A$fat2l$2
     000011DB  A$fat2l$2 |    000011DF  A$fat2l$2 |    000011E0  A$fat2l$2
     000011E1  A$fat2l$2 |    000011E2  A$fat2l$2 |    000011E4  A$fat2l$2
     000011E5  A$fat2l$2 |    000011E8  A$fat2l$2 |    000011EB  A$fat2l$2
     000011EC  A$fat2l$2 |    000011ED  A$fat2l$2 |    000011EE  A$fat2l$2
     000011F0  A$fat2l$2 |    000011F3  A$fat2l$2 |    000011F4  A$fat2l$2
     000011F5  A$fat2l$2 |    000011F6  A$fat2l$2 |    000011F7  A$fat2l$2
     000011F8  A$fat2l$2 |    000011F9  A$fat2l$2 |    000011FB  A$fat2l$2
     000011FB  C$fat2l.c |    000011FE  A$fat2l$2 |    000011FF  A$fat2l$2
     00001202  A$fat2l$2 |    00001203  A$fat2l$2 |    00001205  A$fat2l$2
     00001205  C$fat2l.c |    00001206  A$fat2l$2 |    00001207  A$fat2l$2
     00001208  A$fat2l$2 |    00001209  A$fat2l$2 |    0000120A  A$fat2l$2
     0000120B  A$fat2l$2 |    0000120C  A$fat2l$2 |    0000120D  A$fat2l$2
     0000120E  A$fat2l$2 |    0000120F  A$fat2l$2 |    00001210  A$fat2l$2
     00001210  C$fat2l.c |    00001213  A$fat2l$2 |    00001216  A$fat2l$2
     00001217  A$fat2l$2 |    00001218  A$fat2l$2 |    00001219  A$fat2l$2
     0000121A  A$fat2l$2 |    0000121B  A$fat2l$2 |    0000121C  A$fat2l$2
     0000121D  A$fat2l$2 |    0000121E  A$fat2l$2 |    00001220  A$fat2l$2
     00001221  A$fat2l$2 |    00001223  A$fat2l$2 |    00001224  A$fat2l$2
     00001227  A$fat2l$2 |    0000122A  A$fat2l$2 |    0000122B  A$fat2l$2
     0000122C  A$fat2l$2 |    0000122D  A$fat2l$2 |    0000122E  A$fat2l$2
     0000122F  A$fat2l$2 |    00001230  A$fat2l$2 |    00001231  A$fat2l$2
ASxxxx Linker V03.00 + NoICE + sdld,  page 17.
Hexadecimal  [32-Bits]

Area                       Addr        Size        Decimal Bytes (Attributes)
--------------------       ----        ----        ------- ----- ------------
_CODE                  00000000    000084DB =       34011. bytes (REL,CON)

        Value  Global            Value  Global            Value  Global    
        -----  ------            -----  ------            -----  ------    
     00001231  C$fat2l.c |    00001233  A$fat2l$2 |    00001235  A$fat2l$2
     00001237  A$fat2l$2 |    00001237  C$fat2l.c |    00001237  XG$fatRea
     00001238  Ffat2l$__ |    0000124B  A$fat2l$2 |    0000124B  C$fat2l.c
     0000124B  G$fatWrit |    0000124B  _fatWrite |    0000124D  A$fat2l$2
     00001251  A$fat2l$2 |    00001253  A$fat2l$2 |    00001254  A$fat2l$2
     00001255  A$fat2l$2 |    00001255  C$fat2l.c |    00001258  A$fat2l$2
     0000125B  A$fat2l$2 |    0000125E  A$fat2l$2 |    0000125F  A$fat2l$2
     00001262  A$fat2l$2 |    00001265  A$fat2l$2 |    00001266  A$fat2l$2
     00001267  A$fat2l$2 |    00001268  A$fat2l$2 |    0000126A  A$fat2l$2
     0000126D  A$fat2l$2 |    0000126E  A$fat2l$2 |    0000126F  A$fat2l$2
     00001270  A$fat2l$2 |    00001271  A$fat2l$2 |    00001272  A$fat2l$2
     00001273  A$fat2l$2 |    00001274  A$fat2l$2 |    00001275  A$fat2l$2
     00001276  A$fat2l$2 |    00001277  A$fat2l$2 |    00001278  A$fat2l$2
     00001279  A$fat2l$2 |    0000127A  A$fat2l$2 |    0000127B  A$fat2l$2
     0000127C  A$fat2l$2 |    0000127E  A$fat2l$2 |    00001280  A$fat2l$2
     00001282  A$fat2l$2 |    00001282  C$fat2l.c |    00001283  A$fat2l$2
     00001284  A$fat2l$2 |    00001287  A$fat2l$2 |    00001288  A$fat2l$2
     00001289  A$fat2l$2 |    0000128D  A$fat2l$2 |    0000128E  A$fat2l$2
     0000128F  A$fat2l$2 |    00001290  A$fat2l$2 |    00001292  A$fat2l$2
     00001293  A$fat2l$2 |    00001296  A$fat2l$2 |    00001299  A$fat2l$2
     0000129A  A$fat2l$2 |    0000129B  A$fat2l$2 |    0000129C  A$fat2l$2
     0000129E  A$fat2l$2 |    000012A1  A$fat2l$2 |    000012A2  A$fat2l$2
     000012A3  A$fat2l$2 |    000012A4  A$fat2l$2 |    000012A5  A$fat2l$2
     000012A6  A$fat2l$2 |    000012A7  A$fat2l$2 |    000012A9  A$fat2l$2
     000012A9  C$fat2l.c |    000012AC  A$fat2l$2 |    000012AD  A$fat2l$2
     000012B0  A$fat2l$2 |    000012B1  A$fat2l$2 |    000012B3  A$fat2l$2
     000012B3  C$fat2l.c |    000012B6  A$fat2l$2 |    000012B9  A$fat2l$2
     000012BA  A$fat2l$2 |    000012BB  A$fat2l$2 |    000012BC  A$fat2l$2
     000012BD  A$fat2l$2 |    000012BE  A$fat2l$2 |    000012BF  A$fat2l$2
     000012C0  A$fat2l$2 |    000012C1  A$fat2l$2 |    000012C2  A$fat2l$2
     000012C3  A$fat2l$2 |    000012C4  A$fat2l$2 |    000012C4  C$fat2l.c
     000012C5  A$fat2l$2 |    000012C6  A$fat2l$2 |    000012C7  A$fat2l$2
     000012C8  A$fat2l$2 |    000012C9  A$fat2l$2 |    000012CA  A$fat2l$2
     000012CB  A$fat2l$2 |    000012CC  A$fat2l$2 |    000012CD  A$fat2l$2
     000012CE  A$fat2l$2 |    000012D0  A$fat2l$2 |    000012D1  A$fat2l$2
     000012D3  A$fat2l$2 |    000012D4  A$fat2l$2 |    000012D5  A$fat2l$2
     000012D6  A$fat2l$2 |    000012D7  A$fat2l$2 |    000012D8  A$fat2l$2
     000012D9  A$fat2l$2 |    000012DA  A$fat2l$2 |    000012DB  A$fat2l$2
     000012DC  A$fat2l$2 |    000012DD  A$fat2l$2 |    000012DD  C$fat2l.c
     000012DF  A$fat2l$2 |    000012E1  A$fat2l$2 |    000012E3  A$fat2l$2
     000012E3  C$fat2l.c |    000012E3  XG$fatWri |    000012E4  Ffat2l$__
     000012F7  A$fat2l$2 |    000012F7  C$fat2l.c |    000012F7  G$fatFind
     000012F7  _fatFindF |    000012F9  A$fat2l$2 |    000012FD  A$fat2l$2
     000012FF  A$fat2l$2 |    00001302  A$fat2l$2 |    00001303  A$fat2l$2
     00001304  A$fat2l$2 |    00001304  C$fat2l.c |    00001308  A$fat2l$2
     0000130C  A$fat2l$2 |    0000130C  C$fat2l.c |    0000130F  A$fat2l$2
     00001312  A$fat2l$2 |    00001315  A$fat2l$2 |    00001318  A$fat2l$2
     0000131B  A$fat2l$2 |    0000131D  A$fat2l$2 |    00001320  A$fat2l$2
     00001323  A$fat2l$2 |    00001325  A$fat2l$2 |    00001328  A$fat2l$2
     00001329  A$fat2l$2 |    0000132A  A$fat2l$2 |    0000132B  A$fat2l$2
     0000132C  A$fat2l$2 |    0000132D  A$fat2l$2 |    0000132F  A$fat2l$2
ASxxxx Linker V03.00 + NoICE + sdld,  page 18.
Hexadecimal  [32-Bits]

Area                       Addr        Size        Decimal Bytes (Attributes)
--------------------       ----        ----        ------- ----- ------------
_CODE                  00000000    000084DB =       34011. bytes (REL,CON)

        Value  Global            Value  Global            Value  Global    
        -----  ------            -----  ------            -----  ------    
     00001331  A$fat2l$2 |    00001333  A$fat2l$2 |    00001335  A$fat2l$2
     00001337  A$fat2l$2 |    00001339  A$fat2l$2 |    00001339  C$fat2l.c
     0000133C  A$fat2l$2 |    0000133D  A$fat2l$2 |    0000133F  A$fat2l$2
     0000133F  C$fat2l.c |    00001343  A$fat2l$2 |    00001347  A$fat2l$2
     00001347  C$fat2l.c |    00001349  A$fat2l$2 |    00001349  C$fat2l.c
     0000134C  A$fat2l$2 |    0000134F  A$fat2l$2 |    0000134F  C$fat2l.c
     00001350  A$fat2l$2 |    00001351  A$fat2l$2 |    00001352  A$fat2l$2
     00001353  A$fat2l$2 |    00001356  A$fat2l$2 |    00001357  A$fat2l$2
     00001358  A$fat2l$2 |    00001359  A$fat2l$2 |    0000135A  A$fat2l$2
     0000135C  A$fat2l$2 |    0000135E  A$fat2l$2 |    00001360  A$fat2l$2
     00001362  A$fat2l$2 |    00001364  A$fat2l$2 |    00001366  A$fat2l$2
     00001369  A$fat2l$2 |    0000136C  A$fat2l$2 |    0000136F  A$fat2l$2
     00001372  A$fat2l$2 |    00001375  A$fat2l$2 |    00001378  A$fat2l$2
     00001379  A$fat2l$2 |    0000137C  A$fat2l$2 |    0000137F  A$fat2l$2
     00001382  A$fat2l$2 |    00001384  A$fat2l$2 |    00001387  A$fat2l$2
     00001387  C$fat2l.c |    0000138A  A$fat2l$2 |    0000138C  A$fat2l$2
     0000138D  A$fat2l$2 |    00001390  A$fat2l$2 |    00001392  A$fat2l$2
     00001393  A$fat2l$2 |    00001396  A$fat2l$2 |    00001399  A$fat2l$2
     0000139A  A$fat2l$2 |    0000139B  A$fat2l$2 |    0000139E  A$fat2l$2
     0000139F  A$fat2l$2 |    000013A1  A$fat2l$2 |    000013A1  C$fat2l.c
     000013A4  A$fat2l$2 |    000013A5  A$fat2l$2 |    000013A7  A$fat2l$2
     000013A7  C$fat2l.c |    000013AA  A$fat2l$2 |    000013AD  A$fat2l$2
     000013B0  A$fat2l$2 |    000013B3  A$fat2l$2 |    000013B5  A$fat2l$2
     000013B7  A$fat2l$2 |    000013BB  A$fat2l$2 |    000013BF  A$fat2l$2
     000013C0  A$fat2l$2 |    000013C2  A$fat2l$2 |    000013C4  A$fat2l$2
     000013C4  C$fat2l.c |    000013C5  A$fat2l$2 |    000013C6  A$fat2l$2
     000013C7  A$fat2l$2 |    000013C8  A$fat2l$2 |    000013C9  A$fat2l$2
     000013CB  A$fat2l$2 |    000013CD  A$fat2l$2 |    000013CF  A$fat2l$2
     000013D1  A$fat2l$2 |    000013D3  A$fat2l$2 |    000013D5  A$fat2l$2
     000013D8  A$fat2l$2 |    000013DB  A$fat2l$2 |    000013DC  A$fat2l$2
     000013DE  A$fat2l$2 |    000013DF  A$fat2l$2 |    000013E0  A$fat2l$2
     000013E1  A$fat2l$2 |    000013E4  A$fat2l$2 |    000013E7  A$fat2l$2
     000013E7  C$fat2l.c |    000013EB  A$fat2l$2 |    000013EE  A$fat2l$2
     000013F1  A$fat2l$2 |    000013F5  A$fat2l$2 |    000013F9  A$fat2l$2
     000013FB  A$fat2l$2 |    000013FB  C$fat2l.c |    000013FF  A$fat2l$2
     000013FF  C$fat2l.c |    00001402  A$fat2l$2 |    00001404  A$fat2l$2
     00001404  C$fat2l.c |    00001407  A$fat2l$2 |    00001409  A$fat2l$2
     0000140C  A$fat2l$2 |    0000140D  A$fat2l$2 |    00001410  A$fat2l$2
     00001413  A$fat2l$2 |    00001414  A$fat2l$2 |    00001417  A$fat2l$2
     00001417  C$fat2l.c |    00001419  A$fat2l$2 |    00001419  C$fat2l.c
     0000141C  A$fat2l$2 |    0000141E  A$fat2l$2 |    00001421  A$fat2l$2
     00001424  A$fat2l$2 |    00001427  A$fat2l$2 |    0000142A  A$fat2l$2
     0000142D  A$fat2l$2 |    0000142D  C$fat2l.c |    00001430  A$fat2l$2
     00001433  A$fat2l$2 |    00001434  A$fat2l$2 |    00001437  A$fat2l$2
     0000143A  A$fat2l$2 |    0000143D  A$fat2l$2 |    0000143D  C$fat2l.c
     00001440  A$fat2l$2 |    00001443  A$fat2l$2 |    00001445  A$fat2l$2
     00001447  A$fat2l$2 |    00001447  C$fat2l.c |    00001447  XG$fatFin
     00001448  A$fat2l$2 |    00001448  C$fat2l.c |    00001448  G$fatSetC
     00001448  _fatSetCo |    0000144A  A$fat2l$2 |    0000144E  A$fat2l$2
     00001450  A$fat2l$2 |    00001453  A$fat2l$2 |    00001454  A$fat2l$2
     00001455  A$fat2l$2 |    00001455  C$fat2l.c |    00001456  A$fat2l$2
ASxxxx Linker V03.00 + NoICE + sdld,  page 19.
Hexadecimal  [32-Bits]

Area                       Addr        Size        Decimal Bytes (Attributes)
--------------------       ----        ----        ------- ----- ------------
_CODE                  00000000    000084DB =       34011. bytes (REL,CON)

        Value  Global            Value  Global            Value  Global    
        -----  ------            -----  ------            -----  ------    
     00001457  A$fat2l$2 |    00001458  A$fat2l$2 |    0000145B  A$fat2l$2
     0000145E  A$fat2l$2 |    0000145F  A$fat2l$2 |    00001462  A$fat2l$2
     00001463  A$fat2l$2 |    00001464  A$fat2l$2 |    00001467  A$fat2l$2
     0000146A  A$fat2l$2 |    0000146B  A$fat2l$2 |    0000146E  A$fat2l$2
     0000146F  A$fat2l$2 |    00001470  A$fat2l$2 |    00001471  A$fat2l$2
     00001472  A$fat2l$2 |    00001473  A$fat2l$2 |    00001475  A$fat2l$2
     00001476  A$fat2l$2 |    00001479  A$fat2l$2 |    0000147C  A$fat2l$2
     0000147F  A$fat2l$2 |    00001482  A$fat2l$2 |    00001485  A$fat2l$2
     00001485  C$fat2l.c |    00001488  A$fat2l$2 |    00001489  A$fat2l$2
     0000148B  A$fat2l$2 |    0000148E  A$fat2l$2 |    00001491  A$fat2l$2
     00001493  A$fat2l$2 |    00001493  C$fat2l.c |    00001496  A$fat2l$2
     00001499  A$fat2l$2 |    0000149C  A$fat2l$2 |    0000149D  A$fat2l$2
     0000149E  A$fat2l$2 |    0000149F  A$fat2l$2 |    000014A0  A$fat2l$2
     000014A3  A$fat2l$2 |    000014A6  A$fat2l$2 |    000014A7  A$fat2l$2
     000014A7  C$fat2l.c |    000014A8  A$fat2l$2 |    000014A9  A$fat2l$2
     000014AB  A$fat2l$2 |    000014AD  A$fat2l$2 |    000014AF  A$fat2l$2
     000014B1  A$fat2l$2 |    000014B3  A$fat2l$2 |    000014B5  A$fat2l$2
     000014B5  C$fat2l.c |    000014B6  A$fat2l$2 |    000014B8  A$fat2l$2
     000014B9  A$fat2l$2 |    000014BC  A$fat2l$2 |    000014BD  A$fat2l$2
     000014BF  A$fat2l$2 |    000014C1  A$fat2l$2 |    000014C3  A$fat2l$2
     000014C4  A$fat2l$2 |    000014C6  A$fat2l$2 |    000014C9  A$fat2l$2
     000014CB  A$fat2l$2 |    000014CC  A$fat2l$2 |    000014CF  A$fat2l$2
     000014D1  A$fat2l$2 |    000014D2  A$fat2l$2 |    000014D3  A$fat2l$2
     000014D4  A$fat2l$2 |    000014D5  A$fat2l$2 |    000014D8  A$fat2l$2
     000014D8  C$fat2l.c |    000014DB  A$fat2l$2 |    000014DE  A$fat2l$2
     000014E0  A$fat2l$2 |    000014E0  C$fat2l.c |    000014E1  A$fat2l$2
     000014E2  A$fat2l$2 |    000014E5  A$fat2l$2 |    000014E6  A$fat2l$2
     000014E8  A$fat2l$2 |    000014E8  C$fat2l.c |    000014EB  A$fat2l$2
     000014ED  A$fat2l$2 |    000014EE  A$fat2l$2 |    000014EF  A$fat2l$2
     000014F0  A$fat2l$2 |    000014F1  A$fat2l$2 |    000014F2  A$fat2l$2
     000014F3  A$fat2l$2 |    000014F3  C$fat2l.c |    000014F6  A$fat2l$2
     000014F9  A$fat2l$2 |    000014FA  A$fat2l$2 |    000014FD  A$fat2l$2
     000014FE  A$fat2l$2 |    000014FE  C$fat2l.c |    00001501  A$fat2l$2
     00001504  A$fat2l$2 |    00001506  A$fat2l$2 |    00001508  A$fat2l$3
     0000150B  A$fat2l$3 |    0000150B  C$fat2l.c |    0000150E  A$fat2l$3
     0000150F  A$fat2l$3 |    00001511  A$fat2l$3 |    00001511  C$fat2l.c
     00001514  A$fat2l$3 |    00001517  A$fat2l$3 |    0000151A  A$fat2l$3
     0000151B  A$fat2l$3 |    0000151C  A$fat2l$3 |    0000151F  A$fat2l$3
     00001520  A$fat2l$3 |    00001521  A$fat2l$3 |    00001524  A$fat2l$3
     00001525  A$fat2l$3 |    00001526  A$fat2l$3 |    00001529  A$fat2l$3
     0000152A  A$fat2l$3 |    0000152B  A$fat2l$3 |    0000152E  A$fat2l$3
     00001530  A$fat2l$3 |    00001530  C$fat2l.c |    00001533  A$fat2l$3
     00001536  A$fat2l$3 |    00001539  A$fat2l$3 |    0000153A  A$fat2l$3
     0000153B  A$fat2l$3 |    0000153E  A$fat2l$3 |    0000153F  A$fat2l$3
     00001540  A$fat2l$3 |    00001543  A$fat2l$3 |    00001544  A$fat2l$3
     00001545  A$fat2l$3 |    00001548  A$fat2l$3 |    00001549  A$fat2l$3
     0000154A  A$fat2l$3 |    0000154D  A$fat2l$3 |    0000154D  C$fat2l.c
     00001550  A$fat2l$3 |    00001553  A$fat2l$3 |    00001555  A$fat2l$3
     00001557  A$fat2l$3 |    00001559  A$fat2l$3 |    0000155B  A$fat2l$3
     0000155D  A$fat2l$3 |    0000155F  A$fat2l$3 |    00001561  A$fat2l$3
     00001563  A$fat2l$3 |    00001563  C$fat2l.c |    00001566  A$fat2l$3
ASxxxx Linker V03.00 + NoICE + sdld,  page 20.
Hexadecimal  [32-Bits]

Area                       Addr        Size        Decimal Bytes (Attributes)
--------------------       ----        ----        ------- ----- ------------
_CODE                  00000000    000084DB =       34011. bytes (REL,CON)

        Value  Global            Value  Global            Value  Global    
        -----  ------            -----  ------            -----  ------    
     00001568  A$fat2l$3 |    00001569  A$fat2l$3 |    0000156B  A$fat2l$3
     0000156C  A$fat2l$3 |    0000156D  A$fat2l$3 |    0000156E  A$fat2l$3
     0000156F  A$fat2l$3 |    00001570  A$fat2l$3 |    00001573  A$fat2l$3
     00001576  A$fat2l$3 |    00001576  C$fat2l.c |    00001579  A$fat2l$3
     0000157C  A$fat2l$3 |    0000157D  A$fat2l$3 |    0000157E  A$fat2l$3
     00001581  A$fat2l$3 |    00001582  A$fat2l$3 |    00001583  A$fat2l$3
     00001586  A$fat2l$3 |    00001587  A$fat2l$3 |    00001588  A$fat2l$3
     0000158B  A$fat2l$3 |    0000158C  A$fat2l$3 |    0000158D  A$fat2l$3
[...]
     00007737  A$usb$220 |    00007739  A$usb$220 |    0000773B  A$usb$220
     0000773B  C$usb.c$4 |    0000773E  A$usb$220 |    00007740  A$usb$220
     00007741  A$usb$221 |    00007741  C$usb.c$4 |    00007743  A$usb$221
     00007744  A$usb$221 |    00007745  A$usb$221 |    00007748  A$usb$221
     00007749  A$usb$221 |    0000774B  A$usb$222 |    0000774D  A$usb$222
     0000774D  C$usb.c$4 |    00007750  A$usb$222 |    00007753  A$usb$222
     00007754  A$usb$222 |    00007755  A$usb$222 |    00007756  A$usb$222
     00007757  A$usb$223 |    00007758  A$usb$223 |    00007759  A$usb$223
     0000775A  A$usb$223 |    0000775B  A$usb$223 |    0000775C  A$usb$223
     0000775D  A$usb$223 |    0000775F  A$usb$224 |    0000775F  C$usb.c$4
     00007762  A$usb$224 |    00007765  A$usb$224 |    00007766  A$usb$224
     00007767  A$usb$224 |    00007768  A$usb$224 |    00007769  A$usb$224
     0000776A  A$usb$225 |    0000776A  C$usb.c$4 |    0000776D  A$usb$225
     00007770  A$usb$225 |    00007771  A$usb$225 |    00007772  A$usb$225
     00007773  A$usb$225 |    00007774  A$usb$225 |    00007775  A$usb$225
     00007777  A$usb$226 |    00007778  A$usb$226 |    0000777A  A$usb$226
     0000777B  A$usb$226 |    0000777B  C$usb.c$4 |    0000777E  A$usb$226
     0000777F  A$usb$226 |    00007782  A$usb$226 |    00007783  A$usb$227
     00007783  C$usb.c$4 |    00007786  A$usb$227 |    00007789  A$usb$227
     0000778A  A$usb$227 |    0000778C  A$usb$228 |    0000778C  C$usb.c$4
     0000778F  A$usb$228 |    00007792  A$usb$228 |    00007793  A$usb$228
     00007795  A$usb$228 |    00007795  C$usb.c$4 |    00007798  A$usb$228
     0000779B  A$usb$228 |    0000779C  A$usb$229 |    0000779D  A$usb$229
     0000779E  A$usb$229 |    0000779F  A$usb$229 |    000077A0  A$usb$230
     000077A0  C$usb.c$4 |    000077A0  XG$usbPro |    000077A1  Fusb$__st
     000077D2  _vsprintf |    00007807  _sprintf  |    0000783B  _strncmp 
ASxxxx Linker V03.00 + NoICE + sdld,  page 107.
Hexadecimal  [32-Bits]

Area                       Addr        Size        Decimal Bytes (Attributes)
--------------------       ----        ----        ------- ----- ------------
_CODE                  00000000    000084DB =       34011. bytes (REL,CON)

        Value  Global            Value  Global            Value  Global    
        -----  ------            -----  ------            -----  ------    
     000078BF  ___sdcc_c |    000078C0  _puts     |    000078F3  _vprintf 
     00007913  _printf   |    00007930  _strlen   |    00007A5A  __print_f
     000084C1  __mulint  |    000084C7  __mul16  
ASxxxx Linker V03.00 + NoICE + sdld,  page 108.
Hexadecimal  [32-Bits]

Area                       Addr        Size        Decimal Bytes (Attributes)
--------------------       ----        ----        ------- ----- ------------
_VECT00                00000000    00000006 =           6. bytes (ABS,CON)

        Value  Global            Value  Global            Value  Global    
        -----  ------            -----  ------            -----  ------    
     00000000  A$_boot$2 |    00000003  A$_boot$2
ASxxxx Linker V03.00 + NoICE + sdld,  page 109.
Hexadecimal  [32-Bits]

Area                       Addr        Size        Decimal Bytes (Attributes)
--------------------       ----        ----        ------- ----- ------------
_VECT11                00000000    00000002 =           2. bytes (ABS,CON)

        Value  Global            Value  Global            Value  Global    
        -----  ------            -----  ------            -----  ------    
     00000008  A$_boot$3
ASxxxx Linker V03.00 + NoICE + sdld,  page 110.
Hexadecimal  [32-Bits]

Area                       Addr        Size        Decimal Bytes (Attributes)
--------------------       ----        ----        ------- ----- ------------
_VECT22                00000000    00000002 =           2. bytes (ABS,CON)

        Value  Global            Value  Global            Value  Global    
        -----  ------            -----  ------            -----  ------    
     00000010  A$_boot$3
ASxxxx Linker V03.00 + NoICE + sdld,  page 111.
Hexadecimal  [32-Bits]

Area                       Addr        Size        Decimal Bytes (Attributes)
--------------------       ----        ----        ------- ----- ------------
_VECT33                00000000    00000002 =           2. bytes (ABS,CON)

        Value  Global            Value  Global            Value  Global    
        -----  ------            -----  ------            -----  ------    
     00000018  A$_boot$4
ASxxxx Linker V03.00 + NoICE + sdld,  page 112.
Hexadecimal  [32-Bits]

Area                       Addr        Size        Decimal Bytes (Attributes)
--------------------       ----        ----        ------- ----- ------------
_VECT44                00000000    00000002 =           2. bytes (ABS,CON)

        Value  Global            Value  Global            Value  Global    
        -----  ------            -----  ------            -----  ------    
     00000020  A$_boot$4
ASxxxx Linker V03.00 + NoICE + sdld,  page 113.
Hexadecimal  [32-Bits]

Area                       Addr        Size        Decimal Bytes (Attributes)
--------------------       ----        ----        ------- ----- ------------
_VECT55                00000000    00000002 =           2. bytes (ABS,CON)

        Value  Global            Value  Global            Value  Global    
        -----  ------            -----  ------            -----  ------    
     00000028  A$_boot$4
ASxxxx Linker V03.00 + NoICE + sdld,  page 114.
Hexadecimal  [32-Bits]

Area                       Addr        Size        Decimal Bytes (Attributes)
--------------------       ----        ----        ------- ----- ------------
_VECT66                00000000    00000002 =           2. bytes (ABS,CON)

        Value  Global            Value  Global            Value  Global    
        -----  ------            -----  ------            -----  ------    
     00000030  A$_boot$5
ASxxxx Linker V03.00 + NoICE + sdld,  page 115.
Hexadecimal  [32-Bits]

Area                       Addr        Size        Decimal Bytes (Attributes)
--------------------       ----        ----        ------- ----- ------------
_VECT77                00000000    0000002D =          45. bytes (ABS,CON)

        Value  Global            Value  Global            Value  Global    
        -----  ------            -----  ------            -----  ------    
     00000038  A$_boot$5 |    0000003C  A$_boot$5 |    0000003F  A$_boot$5
     00000040  A$_boot$6 |    00000041  A$_boot$6 |    00000044  A$_boot$6
     00000045  A$_boot$6 |    00000046  A$_boot$6 |    0000004A  A$_boot$6
     0000004B  A$_boot$6
ASxxxx Linker V03.00 + NoICE + sdld,  page 116.
Hexadecimal  [32-Bits]

Area                       Addr        Size        Decimal Bytes (Attributes)
--------------------       ----        ----        ------- ----- ------------
_VECT_NMI8             00000000    00000026 =          38. bytes (ABS,CON)

        Value  Global            Value  Global            Value  Global    
        -----  ------            -----  ------            -----  ------    
     00000066  A$_boot$7 |    0000006A  A$_boot$7 |    0000006D  A$_boot$7
     0000006E  A$_boot$7 |    0000006F  A$_boot$8 |    00000072  A$_boot$8
     00000073  A$_boot$8 |    00000074  A$_boot$8 |    00000078  A$_boot$8
ASxxxx Linker V03.00 + NoICE + sdld,  page 117.
Hexadecimal  [32-Bits]

Area                       Addr        Size        Decimal Bytes (Attributes)
--------------------       ----        ----        ------- ----- ------------
_SYSTEM_CODE           000084DB    000001D8 =         472. bytes (REL,CON)

        Value  Global            Value  Global            Value  Global    
        -----  ------            -----  ------            -----  ------    
     000084DB  A$_boot$1 |    000084DC  A$_boot$1 |    000084DE  A$_boot$1
     000084E0  A$_boot$1 |    000084E3  A$_boot$1 |    000084E5  A$_boot$1
     000084E8  A$_boot$1 |    000084EA  A$_boot$1 |    000084ED  A$_boot$1
     000084F0  A$_boot$1 |    000084F2  A$_boot$1 |    000084F5  A$_boot$1
     000084F7  A$_boot$1 |    000084FA  A$_boot$1 |    000084FD  A$_boot$1
     00008500  A$_boot$1 |    00008501  A$_boot$1 |    00008502  A$_boot$1
     00008503  A$_boot$1 |    00008506  A$_boot$1 |    00008509  A$_boot$1
     0000850C  A$_boot$1 |    0000850D  A$_boot$1 |    0000850E  A$_boot$1
     00008512  A$_boot$1 |    00008516  A$_boot$1 |    00008517  A$_boot$1
     00008518  A$_boot$1 |    00008518  _OUT_     |    00008519  A$_boot$1
     0000851A  A$_boot$1 |    0000851C  A$_boot$1 |    00008520  A$_boot$1
     00008522  A$_boot$1 |    00008525  A$_boot$1 |    00008528  A$_boot$1
     0000852A  A$_boot$1 |    0000852C  A$_boot$2 |    0000852D  A$_boot$2
     0000852E  A$_boot$2 |    0000852F  A$_boot$2 |    0000852F  _IN_     
     00008530  A$_boot$2 |    00008531  A$_boot$2 |    00008533  A$_boot$2
     00008537  A$_boot$2 |    00008539  A$_boot$2 |    0000853C  A$_boot$2
     0000853E  A$_boot$2 |    00008540  A$_boot$2 |    00008541  A$_boot$2
     00008543  A$_boot$2 |    00008544  A$_boot$2 |    00008545  A$_boot$2
     00008546  A$_boot$2 |    00008546  _OUTI     |    00008547  A$_boot$2
     00008548  A$_boot$2 |    00008549  A$_boot$2 |    0000854B  A$_boot$2
     0000854F  A$_boot$2 |    00008551  A$_boot$2 |    00008554  A$_boot$2
     00008557  A$_boot$2 |    0000855A  A$_boot$2 |    0000855D  A$_boot$2
     0000855F  A$_boot$2 |    00008561  A$_boot$2 |    00008562  A$_boot$2
     00008563  A$_boot$2 |    00008564  A$_boot$2 |    00008565  A$_boot$2
     00008565  _INI      |    00008566  A$_boot$2 |    00008567  A$_boot$2
     00008568  A$_boot$2 |    0000856A  A$_boot$2 |    0000856E  A$_boot$2
     00008570  A$_boot$2 |    00008573  A$_boot$2 |    00008576  A$_boot$2
     00008579  A$_boot$2 |    0000857C  A$_boot$2 |    0000857E  A$_boot$2
     00008580  A$_boot$2 |    00008581  A$_boot$2 |    00008582  A$_boot$2
     00008583  A$_boot$2 |    00008584  A$_boot$2 |    00008584  _memset  
     00008585  A$_boot$2 |    00008586  A$_boot$2 |    00008587  A$_boot$2
     00008588  A$_boot$2 |    0000858A  A$_boot$2 |    0000858E  A$_boot$2
     00008590  A$_boot$2 |    00008593  A$_boot$2 |    00008596  A$_boot$2
     00008599  A$_boot$2 |    0000859C  A$_boot$2 |    0000859F  A$_boot$2
     000085A2  A$_boot$2 |    000085A5  A$_boot$2 |    000085A6  A$_boot$2
     000085A7  A$_boot$2 |    000085A8  A$_boot$2 |    000085A9  A$_boot$2
     000085AA  A$_boot$2 |    000085AC  A$_boot$2 |    000085AE  A$_boot$2
     000085B0  A$_boot$2 |    000085B0  _memcpy   |    000085B1  A$_boot$2
     000085B2  A$_boot$2 |    000085B3  A$_boot$2 |    000085B4  A$_boot$2
     000085B6  A$_boot$3 |    000085BA  A$_boot$3 |    000085BC  A$_boot$3
     000085BF  A$_boot$3 |    000085C2  A$_boot$3 |    000085C5  A$_boot$3
     000085C8  A$_boot$3 |    000085CB  A$_boot$3 |    000085CE  A$_boot$3
     000085CF  A$_boot$3 |    000085D0  A$_boot$3 |    000085D2  A$_boot$3
     000085D4  A$_boot$3 |    000085D6  A$_boot$3 |    000085D7  A$_boot$3
     000085D8  A$_boot$3 |    000085D9  A$_boot$3 |    000085DA  A$_boot$3
     000085DB  A$_boot$3 |    000085DB  debug     |    000085DE  A$_boot$3
     000085E0  A$_boot$3 |    000085E3  A$_boot$3 |    000085E5  A$_boot$3
     000085E7  A$_boot$3 |    000085E9  A$_boot$3 |    000085EC  A$_boot$3
     000085EE  A$_boot$3 |    000085F1  A$_boot$3 |    000085F3  A$_boot$3
     000085F4  A$_boot$3 |    000085F6  A$_boot$3 |    000085F7  A$_boot$3
ASxxxx Linker V03.00 + NoICE + sdld,  page 118.
Hexadecimal  [32-Bits]

Area                       Addr        Size        Decimal Bytes (Attributes)
--------------------       ----        ----        ------- ----- ------------
_SYSTEM_CODE           000084DB    000001D8 =         472. bytes (REL,CON)

        Value  Global            Value  Global            Value  Global    
        -----  ------            -----  ------            -----  ------    
     000085F9  A$_boot$3 |    000085FA  A$_boot$3 |    000085FC  A$_boot$3
     000085FF  A$_boot$3 |    00008601  A$_boot$3 |    00008604  A$_boot$3
     00008606  A$_boot$3 |    00008607  A$_boot$3 |    00008609  A$_boot$3
     0000860B  A$_boot$3 |    0000860D  A$_boot$3 |    0000860F  A$_boot$3
     00008612  A$_boot$3 |    00008614  A$_boot$3 |    00008617  A$_boot$3
     00008619  A$_boot$3 |    0000861C  A$_boot$3 |    0000861E  A$_boot$3
     00008620  A$_boot$3 |    00008622  A$_boot$3 |    00008624  A$_boot$3
     00008625  A$_boot$3 |    00008628  A$_boot$3 |    0000862A  A$_boot$3
     0000862D  A$_boot$3 |    0000862F  A$_boot$3 |    00008631  A$_boot$3
     00008633  A$_boot$3 |    00008635  A$_boot$3 |    00008637  A$_boot$3
     0000863A  A$_boot$3 |    0000863C  A$_boot$3 |    0000863D  A$_boot$4
     00008640  A$_boot$4 |    00008643  A$_boot$4 |    00008646  A$_boot$4
     00008647  A$_boot$4 |    00008648  A$_boot$4 |    00008649  A$_boot$4
     0000864A  A$_boot$4 |    0000864B  A$_boot$4 |    0000864C  A$_boot$4
     0000864D  A$_boot$4 |    0000864E  A$_boot$4 |    0000864F  A$_boot$4
     00008650  A$_boot$4 |    00008652  A$_boot$4 |    00008655  A$_boot$4
     00008657  A$_boot$4 |    0000865A  A$_boot$4 |    0000865C  A$_boot$4
     0000865F  A$_boot$4 |    00008661  A$_boot$4 |    00008664  A$_boot$4
     00008666  A$_boot$4 |    00008669  A$_boot$4 |    0000866B  A$_boot$4
     0000866E  A$_boot$4 |    00008670  A$_boot$4 |    00008673  A$_boot$4
     00008675  A$_boot$4 |    00008678  A$_boot$4 |    0000867A  A$_boot$4
     0000867D  A$_boot$4 |    0000867F  A$_boot$4 |    00008681  A$_boot$4
     00008683  A$_boot$4 |    00008685  A$_boot$4 |    00008686  A$_boot$4
     00008687  A$_boot$4 |    00008688  A$_boot$4 |    00008689  A$_boot$4
     0000868C  A$_boot$4 |    0000868E  A$_boot$4 |    00008690  A$_boot$4
     00008692  A$_boot$4 |    00008694  A$_boot$4 |    00008697  A$_boot$4
     00008699  A$_boot$4 |    0000869B  A$_boot$4 |    0000869D  A$_boot$4
     0000869F  A$_boot$4 |    000086A0  A$_boot$4 |    000086A1  A$_boot$4
     000086A2  A$_boot$4 |    000086A5  A$_boot$4 |    000086A7  A$_boot$4
     000086AA  A$_boot$4 |    000086AC  A$_boot$4 |    000086AE  A$_boot$4
     000086B0  A$_boot$4 |    000086B2  A$_boot$4
ASxxxx Linker V03.00 + NoICE + sdld,  page 119.
Hexadecimal  [32-Bits]

Area                       Addr        Size        Decimal Bytes (Attributes)
--------------------       ----        ----        ------- ----- ------------
_GSINIT                000086B3    00000017 =          23. bytes (REL,CON)

        Value  Global            Value  Global            Value  Global    
        -----  ------            -----  ------            -----  ------    
     000086B3  A$_boot$1 |    000086B6  A$_boot$1 |    000086B9  A$_boot$1
     000086BB  A$_boot$1 |    000086BC  A$_boot$1 |    000086BD  A$_boot$1
     000086BE  A$_boot$1 |    000086BF  A$_boot$1 |    000086C1  A$_boot$1
     000086C4  A$_boot$1 |    000086C7  A$_boot$1 |    000086C9  A$_boot$1
ASxxxx Linker V03.00 + NoICE + sdld,  page 120.
Hexadecimal  [32-Bits]

Area                       Addr        Size        Decimal Bytes (Attributes)
--------------------       ----        ----        ------- ----- ------------
_INITIALIZER           000086CA    00000140 =         320. bytes (REL,CON)

        Value  Global            Value  Global            Value  Global    
        -----  ------            -----  ------            -----  ------    
     000086CA  Flibrary$ |    000086CE  Fmain$__x |    00008809  Fusb$__xi
ASxxxx Linker V03.00 + NoICE + sdld,  page 121.
Hexadecimal  [32-Bits]

Area                       Addr        Size        Decimal Bytes (Attributes)
--------------------       ----        ----        ------- ----- ------------
_END_INITIALIZER       0000880A    00000100 =         256. bytes (REL,CON)

        Value  Global            Value  Global            Value  Global    
        -----  ------            -----  ------            -----  ------    
ASxxxx Linker V03.00 + NoICE + sdld,  page 122.
Hexadecimal  [32-Bits]

Area                       Addr        Size        Decimal Bytes (Attributes)
--------------------       ----        ----        ------- ----- ------------
_DATA                  0000890A    00001573 =        5491. bytes (REL,CON)

        Value  Global            Value  Global            Value  Global    
        -----  ------            -----  ------            -----  ------    
     0000890A  G$dsb$0$0 |    0000890A  _dsb      |    00008C0A  G$fdcStre
     00008C0A  _fdcStrea |    00008E0A  G$fdcStre |    00008E0A  _fdcStrea
     00008E0C  G$fdcBuff |    00008E0C  _fdcBuffe |    00008E0E  G$lbuffer
     00008E0E  _lbuffer  |    00008E4E  G$lbuffer |    00008E4E  _lbuffer_
     00008E4F  G$keynums |    00008E4F  _keynums  |    00008E50  Flibrary$
     00009DE5  G$dummy$0 |    00009DE5  _dummy    |    00009DE9  G$cmd_buf
     00009DE9  _cmd_buff |    00009DEB  G$sdcAbor |    00009DEB  _sdcAbort
     00009DEC  Fstdio_ua |    00009E6C  Fstdio_ua |    00009E6D  G$lastRep
     00009E6D  _lastRepo |    00009E75  G$buffer$ |    00009E75  _buffer  
ASxxxx Linker V03.00 + NoICE + sdld,  page 123.
Hexadecimal  [32-Bits]

Area                       Addr        Size        Decimal Bytes (Attributes)
--------------------       ----        ----        ------- ----- ------------
_INITIALIZED           00009E7D    00000140 =         320. bytes (REL,CON)

        Value  Global            Value  Global            Value  Global    
        -----  ------            -----  ------            -----  ------    
     00009E7D  Flibrary$ |    00009E81  G$rom_dat |    00009E81  _rom_data
     00009FBC  G$unreadR |    00009FBC  _unreadRe
ASxxxx Linker V03.00 + NoICE + sdld,  page 124.
Hexadecimal  [32-Bits]

Area                       Addr        Size        Decimal Bytes (Attributes)
--------------------       ----        ----        ------- ----- ------------
_HOME                  00009FBD    00000213 =         531. bytes (REL,CON)

        Value  Global            Value  Global            Value  Global    
        -----  ------            -----  ------            -----  ------    
     00009FBD  __divulon |    0000A04F  __mullong
ASxxxx Linker V03.00 + NoICE + sdld,  page 125.

Files Linked                              [ module(s) ]

_boot.rel                                 [ bootblk ]
asmi.rel                                  [ asmi ]
config.rel                                [ config ]
fat2l.rel                                 [ fat2l ]
fdc.rel                                   [ fdc ]
hdmi.rel                                  [ hdmi ]
interrupt.rel                             [ interrupt ]
keyboard.rel                              [ keyboard ]
library.rel                               [ library ]
main.rel                                  [ main ]
phy.rel                                   [ phy ]
rommgr.rel                                [ rommgr ]
sdc.rel                                   [ sdc ]
stdio_uart.rel                            [ stdio_uart ]
system.rel                                [ system ]
usb.rel                                   [ usb ]


Libraries Linked                          [ object file ]

/usr/share/sdcc/lib/z80/z80.lib           [ sprintf.rel ]
/usr/share/sdcc/lib/z80/z80.lib           [ _strncmp.rel ]
/usr/share/sdcc/lib/z80/z80.lib           [ _divulong.rel ]
/usr/share/sdcc/lib/z80/z80.lib           [ __sdcc_call_hl.rel ]
/usr/share/sdcc/lib/z80/z80.lib           [ puts.rel ]
/usr/share/sdcc/lib/z80/z80.lib           [ vprintf.rel ]
/usr/share/sdcc/lib/z80/z80.lib           [ strlen.rel ]
/usr/share/sdcc/lib/z80/z80.lib           [ _mullong.rel ]
/usr/share/sdcc/lib/z80/z80.lib           [ printf_large.rel ]
/usr/share/sdcc/lib/z80/z80.lib           [ mul.rel ]


