ASxxxx Linker V03.00 + NoICE + sdld,  page 1.
Hexadecimal  [32-Bits]

Area                       Addr        Size        Decimal Bytes (Attributes)
--------------------       ----        ----        ------- ----- ------------
.  .ABS.               00000000    00000000 =           0. bytes (ABS,CON)

        Value  Global            Value  Global            Value  Global    
        -----  ------            -----  ------            -----  ------    
     00000000  .__.ABS.  |    00000000  l__CABS   |    00000000  l__DABS  
     00000000  l__END_IN |    00000000  l__GSFINA |    00000000  l__HOME  
     00000000  l__VECT0  |    00000000  l__VECT1  |    00000000  l__VECT2 
     00000000  l__VECT3  |    00000000  l__VECT4  |    00000000  l__VECT5 
     00000000  l__VECT6  |    00000000  l__VECT7  |    00000000  l__VECT_N
     00000000  s__CABS   |    00000000  s__CODE   |    00000000  s__DABS  
     00000000  s__VECT0  |    00000000  s__VECT00 |    00000000  s__VECT1 
     00000000  s__VECT11 |    00000000  s__VECT2  |    00000000  s__VECT22
     00000000  s__VECT3  |    00000000  s__VECT33 |    00000000  s__VECT4 
     00000000  s__VECT44 |    00000000  s__VECT5  |    00000000  s__VECT55
     00000000  s__VECT6  |    00000000  s__VECT66 |    00000000  s__VECT7 
     00000000  s__VECT77 |    00000000  s__VECT_N |    00000000  s__VECT_N
     00000002  l__VECT11 |    00000002  l__VECT22 |    00000002  l__VECT33
     00000002  l__VECT44 |    00000002  l__VECT55 |    00000002  l__VECT66
     00000004  l__INITIA |    00000004  l__INITIA |    00000006  l__VECT00
     00000017  l__GSINIT |    00000026  l__VECT_N |    0000002D  l__VECT77
     0000009A  l__DATA   |    00000100  l__SYSTEM |    00002820  l__CODE  
     00002820  s__SYSTEM |    00002920  s__GSINIT |    00002937  s__INITIA
     0000293B  s__END_IN |    0000C000  s__DATA   |    0000C09A  s__INITIA
     0000C09E  s__GSFINA |    0000C09E  s__HOME  
ASxxxx Linker V03.00 + NoICE + sdld,  page 2.
Hexadecimal  [32-Bits]

Area                       Addr        Size        Decimal Bytes (Attributes)
--------------------       ----        ----        ------- ----- ------------
_CODE                  00000000    00002820 =       10272. bytes (REL,CON)

        Value  Global            Value  Global            Value  Global    
        -----  ------            -----  ------            -----  ------    
     0000008C  A$hdmi$67 |    0000008C  C$hdmi.c$ |    0000008C  C$hdmi.c$
     0000008C  G$i2cWait |    0000008C  _i2cWait  |    0000008E  A$hdmi$68
     0000008F  A$hdmi$69 |    00000090  A$hdmi$70 |    00000093  A$hdmi$71
     00000094  A$hdmi$72 |    00000096  A$hdmi$73 |    00000098  A$hdmi$78
     00000098  C$hdmi.c$ |    00000098  XG$i2cWai |    00000099  A$hdmi$91
     00000099  C$hdmi.c$ |    00000099  C$hdmi.c$ |    00000099  G$hdmi_in
     00000099  _hdmi_ini |    0000009B  A$hdmi$92 |    0000009C  A$hdmi$93
     0000009D  A$hdmi$94 |    000000A0  A$hdmi$95 |    000000A1  A$hdmi$96
     000000A2  A$hdmi$97 |    000000A4  A$hdmi$98 |    000000A5  A$hdmi$99
     000000A7  A$hdmi$10 |    000000A8  A$hdmi$10 |    000000A9  A$hdmi$10
     000000AC  A$hdmi$10 |    000000AD  A$hdmi$10 |    000000AE  A$hdmi$10
     000000AF  A$hdmi$10 |    000000B1  A$hdmi$10 |    000000B2  A$hdmi$10
     000000B3  A$hdmi$10 |    000000B6  A$hdmi$11 |    000000B7  A$hdmi$11
     000000B8  A$hdmi$11 |    000000B9  A$hdmi$11 |    000000BA  A$hdmi$11
     000000BD  A$hdmi$11 |    000000BE  A$hdmi$11 |    000000BF  A$hdmi$11
     000000C2  A$hdmi$11 |    000000C5  A$hdmi$11 |    000000C6  A$hdmi$12
     000000C7  A$hdmi$12 |    000000C7  C$hdmi.c$ |    000000CA  A$hdmi$12
     000000CB  A$hdmi$12 |    000000CE  A$hdmi$13 |    000000CE  C$hdmi.c$
     000000D1  A$hdmi$13 |    000000D2  A$hdmi$13 |    000000D5  A$hdmi$13
     000000D5  C$hdmi.c$ |    000000D8  A$hdmi$13 |    000000D9  A$hdmi$13
     000000DC  A$hdmi$14 |    000000DC  C$hdmi.c$ |    000000DF  A$hdmi$14
     000000E0  A$hdmi$14 |    000000E3  A$hdmi$14 |    000000E4  A$hdmi$15
     000000E4  C$hdmi.c$ |    000000E4  C$hdmi.c$ |    000000E4  XG$hdmi_i
     000000E7  Fhdmi$__s |    00000101  Fhdmi$__s |    00000112  Fhdmi$__s
     00000128  A$hdmi$17 |    00000128  C$hdmi.c$ |    00000128  G$hdmi_re
     00000128  _hdmi_rea |    00000129  A$hdmi$17 |    00000129  C$hdmi.c$
     0000012D  A$hdmi$18 |    0000012F  A$hdmi$18 |    00000133  A$hdmi$18
     00000133  C$hdmi.c$ |    00000136  A$hdmi$18 |    00000137  A$hdmi$18
     0000013A  A$hdmi$19 |    0000013A  C$hdmi.c$ |    0000013D  A$hdmi$19
     0000013E  A$hdmi$19 |    00000141  A$hdmi$19 |    00000141  C$hdmi.c$
     00000144  A$hdmi$19 |    00000145  A$hdmi$19 |    00000148  A$hdmi$20
     00000148  C$hdmi.c$ |    0000014B  A$hdmi$20 |    0000014C  A$hdmi$20
     0000014F  A$hdmi$20 |    00000150  A$hdmi$21 |    00000150  C$hdmi.c$
     00000152  A$hdmi$21 |    00000153  A$hdmi$21 |    00000154  A$hdmi$21
     00000157  A$hdmi$21 |    00000158  A$hdmi$21 |    0000015A  A$hdmi$21
     0000015C  A$hdmi$22 |    0000015C  C$hdmi.c$ |    0000015E  A$hdmi$22
     0000015F  A$hdmi$22 |    00000160  A$hdmi$22 |    00000163  A$hdmi$22
     00000164  A$hdmi$22 |    00000166  A$hdmi$22 |    00000168  A$hdmi$23
     00000168  C$hdmi.c$ |    00000168  C$hdmi.c$ |    0000016B  A$hdmi$23
     0000016C  A$hdmi$23 |    0000016D  A$hdmi$23 |    0000016F  A$hdmi$23
     00000170  A$hdmi$23 |    00000173  A$hdmi$24 |    00000173  C$hdmi.c$
     00000176  A$hdmi$24 |    00000177  A$hdmi$24 |    0000017A  A$hdmi$24
     0000017B  A$hdmi$25 |    0000017B  C$hdmi.c$ |    0000017D  A$hdmi$25
     0000017E  A$hdmi$25 |    0000017F  A$hdmi$25 |    00000182  A$hdmi$25
     00000183  A$hdmi$25 |    00000185  A$hdmi$25 |    00000187  A$hdmi$26
     00000187  C$hdmi.c$ |    0000018A  A$hdmi$26 |    0000018B  A$hdmi$26
     0000018E  A$hdmi$26 |    0000018E  C$hdmi.c$ |    00000191  A$hdmi$26
     00000192  A$hdmi$26 |    00000195  A$hdmi$27 |    00000195  C$hdmi.c$
     00000198  A$hdmi$27 |    00000199  A$hdmi$27 |    0000019C  A$hdmi$27
     0000019D  A$hdmi$28 |    0000019D  C$hdmi.c$ |    0000019F  A$hdmi$28
ASxxxx Linker V03.00 + NoICE + sdld,  page 3.
Hexadecimal  [32-Bits]

Area                       Addr        Size        Decimal Bytes (Attributes)
--------------------       ----        ----        ------- ----- ------------
_CODE                  00000000    00002820 =       10272. bytes (REL,CON)

        Value  Global            Value  Global            Value  Global    
        -----  ------            -----  ------            -----  ------    
     000001A0  A$hdmi$28 |    000001A1  A$hdmi$28 |    000001A4  A$hdmi$28
     000001A5  A$hdmi$28 |    000001A7  A$hdmi$28 |    000001A9  A$hdmi$29
     000001A9  C$hdmi.c$ |    000001AC  A$hdmi$29 |    000001AD  A$hdmi$29
     000001B0  A$hdmi$29 |    000001B1  A$hdmi$29 |    000001B1  C$hdmi.c$
     000001B3  A$hdmi$30 |    000001B4  A$hdmi$30 |    000001B5  A$hdmi$30
     000001B8  A$hdmi$30 |    000001B9  A$hdmi$30 |    000001BB  A$hdmi$30
     000001BD  A$hdmi$30 |    000001BD  C$hdmi.c$ |    000001BF  A$hdmi$31
     000001C0  A$hdmi$31 |    000001C1  A$hdmi$31 |    000001C4  A$hdmi$31
     000001C5  A$hdmi$31 |    000001C9  A$hdmi$31 |    000001CB  A$hdmi$31
     000001CE  A$hdmi$32 |    000001CE  C$hdmi.c$ |    000001D1  A$hdmi$32
     000001D2  A$hdmi$32 |    000001D5  A$hdmi$32 |    000001D6  A$hdmi$32
     000001D6  C$hdmi.c$ |    000001D8  A$hdmi$33 |    000001D9  A$hdmi$33
     000001DA  A$hdmi$33 |    000001DD  A$hdmi$33 |    000001DE  A$hdmi$33
     000001E0  A$hdmi$33 |    000001E2  A$hdmi$33 |    000001E2  C$hdmi.c$
     000001E5  A$hdmi$34 |    000001E6  A$hdmi$34 |    000001E9  A$hdmi$34
     000001EA  A$hdmi$34 |    000001EA  C$hdmi.c$ |    000001EE  A$hdmi$34
     000001F0  A$hdmi$34 |    000001F3  A$hdmi$34 |    000001F4  A$hdmi$35
     000001F4  C$hdmi.c$ |    000001F4  XG$hdmi_r |    000001F5  Fhdmi$__s
     00000201  A$hdmi$37 |    00000201  C$hdmi.c$ |    00000201  C$hdmi.c$
     00000201  G$hdmi_wr |    00000201  _hdmi_wri |    00000204  A$hdmi$37
     00000205  A$hdmi$37 |    00000208  A$hdmi$37 |    00000208  C$hdmi.c$
     0000020B  A$hdmi$37 |    0000020C  A$hdmi$37 |    0000020F  A$hdmi$38
     0000020F  C$hdmi.c$ |    00000212  A$hdmi$38 |    00000213  A$hdmi$38
     00000216  A$hdmi$38 |    00000216  C$hdmi.c$ |    00000219  A$hdmi$39
     0000021A  A$hdmi$39 |    0000021D  A$hdmi$39 |    0000021E  A$hdmi$39
     0000021E  C$hdmi.c$ |    00000220  A$hdmi$39 |    00000221  A$hdmi$39
     00000222  A$hdmi$40 |    00000225  A$hdmi$40 |    00000226  A$hdmi$40
     00000228  A$hdmi$40 |    0000022A  A$hdmi$40 |    0000022A  C$hdmi.c$
     0000022C  A$hdmi$40 |    0000022D  A$hdmi$40 |    0000022E  A$hdmi$41
     00000231  A$hdmi$41 |    00000232  A$hdmi$41 |    00000234  A$hdmi$41
     00000236  A$hdmi$42 |    00000236  C$hdmi.c$ |    00000236  C$hdmi.c$
     00000239  A$hdmi$42 |    0000023A  A$hdmi$42 |    0000023B  A$hdmi$42
     0000023D  A$hdmi$42 |    0000023E  A$hdmi$42 |    00000241  A$hdmi$42
     00000241  C$hdmi.c$ |    00000244  A$hdmi$43 |    00000245  A$hdmi$43
     00000248  A$hdmi$43 |    00000249  A$hdmi$43 |    00000249  C$hdmi.c$
     0000024B  A$hdmi$43 |    0000024C  A$hdmi$43 |    0000024D  A$hdmi$44
     00000250  A$hdmi$44 |    00000251  A$hdmi$44 |    00000253  A$hdmi$44
     00000255  A$hdmi$44 |    00000255  C$hdmi.c$ |    00000258  A$hdmi$44
     00000259  A$hdmi$44 |    0000025A  A$hdmi$45 |    0000025C  A$hdmi$45
     0000025D  A$hdmi$45 |    00000260  A$hdmi$45 |    00000260  C$hdmi.c$
     00000263  A$hdmi$45 |    00000264  A$hdmi$45 |    00000267  A$hdmi$45
     00000268  A$hdmi$46 |    00000268  C$hdmi.c$ |    0000026A  A$hdmi$46
     0000026B  A$hdmi$46 |    0000026C  A$hdmi$46 |    0000026F  A$hdmi$46
     00000270  A$hdmi$46 |    00000272  A$hdmi$47 |    00000274  A$hdmi$47
     00000274  C$hdmi.c$ |    00000276  A$hdmi$47 |    00000277  A$hdmi$47
     00000278  A$hdmi$47 |    0000027B  A$hdmi$47 |    0000027C  A$hdmi$48
     0000027C  C$hdmi.c$ |    0000027F  A$hdmi$48 |    00000280  A$hdmi$48
     00000283  A$hdmi$48 |    00000284  A$hdmi$49 |    00000284  C$hdmi.c$
     00000286  A$hdmi$49 |    00000287  A$hdmi$49 |    00000288  A$hdmi$49
     0000028B  A$hdmi$49 |    0000028C  A$hdmi$49 |    0000028E  A$hdmi$49
     00000290  A$hdmi$50 |    00000290  C$hdmi.c$ |    00000293  A$hdmi$50
ASxxxx Linker V03.00 + NoICE + sdld,  page 4.
Hexadecimal  [32-Bits]

Area                       Addr        Size        Decimal Bytes (Attributes)
--------------------       ----        ----        ------- ----- ------------
_CODE                  00000000    00002820 =       10272. bytes (REL,CON)

        Value  Global            Value  Global            Value  Global    
        -----  ------            -----  ------            -----  ------    
     00000294  A$hdmi$50 |    00000297  A$hdmi$50 |    00000298  A$hdmi$51
     00000298  C$hdmi.c$ |    00000298  C$hdmi.c$ |    00000298  XG$hdmi_w
     00000299  Fhdmi$__s |    000002A5  A$hdmi$52 |    000002A5  C$hdmi.c$
     000002A5  C$hdmi.c$ |    000002A5  G$hdmi_po |    000002A5  _hdmi_pow
     000002A8  A$hdmi$53 |    000002A9  A$hdmi$53 |    000002AC  A$hdmi$53
     000002AC  C$hdmi.c$ |    000002AF  A$hdmi$53 |    000002B0  A$hdmi$53
     000002B3  A$hdmi$54 |    000002B3  C$hdmi.c$ |    000002B6  A$hdmi$54
     000002B7  A$hdmi$54 |    000002BA  A$hdmi$54 |    000002BA  C$hdmi.c$
     000002BD  A$hdmi$54 |    000002BE  A$hdmi$54 |    000002C1  A$hdmi$55
     000002C1  C$hdmi.c$ |    000002C4  A$hdmi$55 |    000002C5  A$hdmi$55
     000002C8  A$hdmi$55 |    000002C8  C$hdmi.c$ |    000002CB  A$hdmi$56
     000002CC  A$hdmi$56 |    000002CF  A$hdmi$56 |    000002CF  C$hdmi.c$
     000002D2  A$hdmi$56 |    000002D3  A$hdmi$56 |    000002D6  A$hdmi$57
     000002D6  C$hdmi.c$ |    000002D9  A$hdmi$57 |    000002DA  A$hdmi$57
     000002DD  A$hdmi$57 |    000002DD  C$hdmi.c$ |    000002E0  A$hdmi$57
     000002E1  A$hdmi$57 |    000002E4  A$hdmi$58 |    000002E4  C$hdmi.c$
     000002E7  A$hdmi$58 |    000002E8  A$hdmi$58 |    000002EB  A$hdmi$58
     000002EB  C$hdmi.c$ |    000002EE  A$hdmi$59 |    000002EF  A$hdmi$59
     000002F2  A$hdmi$59 |    000002F2  C$hdmi.c$ |    000002F5  A$hdmi$59
     000002F6  A$hdmi$59 |    000002F9  A$hdmi$60 |    000002F9  C$hdmi.c$
     000002FC  A$hdmi$60 |    000002FD  A$hdmi$60 |    00000300  A$hdmi$60
     00000300  C$hdmi.c$ |    00000303  A$hdmi$60 |    00000304  A$hdmi$60
     00000307  A$hdmi$61 |    00000307  C$hdmi.c$ |    0000030A  A$hdmi$61
     0000030B  A$hdmi$61 |    0000030E  A$hdmi$61 |    0000030E  C$hdmi.c$
     00000311  A$hdmi$62 |    00000312  A$hdmi$62 |    00000315  A$hdmi$62
     00000315  C$hdmi.c$ |    00000318  A$hdmi$62 |    00000319  A$hdmi$62
     0000031C  A$hdmi$63 |    0000031C  C$hdmi.c$ |    0000031F  A$hdmi$63
     00000320  A$hdmi$63 |    00000323  A$hdmi$63 |    00000323  C$hdmi.c$
     00000326  A$hdmi$63 |    00000327  A$hdmi$63 |    0000032A  A$hdmi$64
     0000032A  C$hdmi.c$ |    0000032D  A$hdmi$64 |    0000032E  A$hdmi$64
     00000331  A$hdmi$64 |    00000331  C$hdmi.c$ |    00000334  A$hdmi$65
     00000335  A$hdmi$65 |    00000338  A$hdmi$65 |    00000338  C$hdmi.c$
     0000033B  A$hdmi$65 |    0000033C  A$hdmi$65 |    0000033F  A$hdmi$66
     0000033F  C$hdmi.c$ |    00000342  A$hdmi$66 |    00000343  A$hdmi$66
     00000346  A$hdmi$66 |    00000346  C$hdmi.c$ |    00000349  A$hdmi$66
     0000034A  A$hdmi$66 |    0000034D  A$hdmi$67 |    0000034D  C$hdmi.c$
     00000350  A$hdmi$67 |    00000351  A$hdmi$67 |    00000354  A$hdmi$67
     00000354  C$hdmi.c$ |    00000357  A$hdmi$68 |    00000358  A$hdmi$68
     0000035B  A$hdmi$68 |    0000035B  C$hdmi.c$ |    0000035E  A$hdmi$68
     0000035F  A$hdmi$68 |    00000362  A$hdmi$68 |    00000363  A$hdmi$69
     00000363  C$hdmi.c$ |    00000363  XG$hdmi_p |    00000364  A$hdmi$70
     00000364  C$hdmi.c$ |    00000364  C$hdmi.c$ |    00000364  G$hdmi_po
     00000364  _hdmi_pow |    00000366  A$hdmi$70 |    00000367  A$hdmi$70
     00000368  A$hdmi$70 |    0000036B  A$hdmi$71 |    0000036C  A$hdmi$71
     0000036D  A$hdmi$71 |    0000036F  A$hdmi$71 |    00000370  A$hdmi$71
     00000371  A$hdmi$71 |    00000372  A$hdmi$71 |    00000374  A$hdmi$71
     00000375  A$hdmi$71 |    00000376  A$hdmi$71 |    00000379  A$hdmi$72
     0000037A  A$hdmi$72 |    0000037A  C$hdmi.c$ |    0000037A  XG$hdmi_p
     0000037B  A$hdmi$73 |    0000037B  C$hdmi.c$ |    0000037B  C$hdmi.c$
     0000037B  G$hdmiPro |    0000037B  _hdmiProc |    0000037D  A$hdmi$73
     0000037E  A$hdmi$74 |    0000037F  A$hdmi$74 |    00000382  A$hdmi$74
ASxxxx Linker V03.00 + NoICE + sdld,  page 5.
Hexadecimal  [32-Bits]

Area                       Addr        Size        Decimal Bytes (Attributes)
--------------------       ----        ----        ------- ----- ------------
_CODE                  00000000    00002820 =       10272. bytes (REL,CON)

        Value  Global            Value  Global            Value  Global    
        -----  ------            -----  ------            -----  ------    
     00000383  A$hdmi$74 |    00000384  A$hdmi$74 |    00000386  A$hdmi$74
     00000388  A$hdmi$74 |    0000038A  A$hdmi$74 |    0000038C  A$hdmi$74
     0000038D  A$hdmi$74 |    0000038E  A$hdmi$75 |    00000391  A$hdmi$75
     00000392  A$hdmi$75 |    00000394  A$hdmi$75 |    00000394  C$hdmi.c$
     00000394  C$hdmi.c$ |    00000397  A$hdmi$76 |    00000397  C$hdmi.c$
     00000399  A$hdmi$76 |    0000039A  A$hdmi$76 |    0000039B  A$hdmi$76
     0000039E  A$hdmi$76 |    0000039F  A$hdmi$76 |    000003A0  A$hdmi$77
     000003A2  A$hdmi$77 |    000003A4  A$hdmi$77 |    000003A5  A$hdmi$77
     000003A5  C$hdmi.c$ |    000003A7  A$hdmi$77 |    000003A8  A$hdmi$77
     000003A9  A$hdmi$77 |    000003AC  A$hdmi$78 |    000003AD  A$hdmi$78
     000003AF  A$hdmi$78 |    000003B2  A$hdmi$78 |    000003B2  C$hdmi.c$
     000003B4  A$hdmi$78 |    000003B5  A$hdmi$78 |    000003B6  A$hdmi$78
     000003B9  A$hdmi$79 |    000003BA  A$hdmi$79 |    000003BC  A$hdmi$79
     000003BD  A$hdmi$80 |    000003BD  C$hdmi.c$ |    000003BD  C$hdmi.c$
     000003BD  C$hdmi.c$ |    000003BD  XG$hdmiPr |    000003C0  Fhdmi$__s
     000003D0  Fhdmi$__s |    000003DE  A$interru |    000003DE  C$interru
     000003DE  C$interru |    000003DE  G$nmi_han |    000003DE  XG$nmi_ha
     000003DE  _nmi_hand |    000003DF  A$interru |    000003DF  C$interru
     000003DF  C$interru |    000003DF  G$int_han |    000003DF  _int_hand
     000003E1  A$interru |    000003E2  A$interru |    000003E3  A$interru
     000003E6  A$interru |    000003E7  A$interru |    000003E7  C$interru
     000003E7  C$interru |    000003E7  XG$int_ha |    000003E8  A$keyboar
     000003E8  C$keyboar |    000003E8  G$pause$0 |    000003E8  _pause   
     000003EA  A$keyboar |    000003EE  A$keyboar |    000003F0  A$keyboar
     000003F1  A$keyboar |    000003F2  A$keyboar |    000003F2  C$keyboar
     000003F5  A$keyboar |    000003F8  A$keyboar |    000003F9  A$keyboar
     000003FA  A$keyboar |    000003FC  A$keyboar |    000003FF  A$keyboar
     00000400  A$keyboar |    00000402  A$keyboar |    00000405  A$keyboar
     00000406  A$keyboar |    00000408  A$keyboar |    0000040B  A$keyboar
     0000040C  A$keyboar |    0000040E  A$keyboar |    00000411  A$keyboar
     00000414  A$keyboar |    00000417  A$keyboar |    0000041A  A$keyboar
     0000041D  A$keyboar |    00000420  A$keyboar |    00000423  A$keyboar
     00000426  A$keyboar |    00000429  A$keyboar |    0000042B  A$keyboar
     0000042D  A$keyboar |    0000042F  A$keyboar |    0000042F  C$keyboar
     0000042F  XG$pause$ |    00000430  A$keyboar |    00000430  C$keyboar
     00000430  G$hid_to_ |    00000430  _hid_to_s |    00000432  A$keyboar
     00000436  A$keyboar |    00000438  A$keyboar |    0000043B  A$keyboar
     0000043C  A$keyboar |    0000043D  A$keyboar |    0000043D  C$keyboar
     00000440  A$keyboar |    00000441  A$keyboar |    00000442  A$keyboar
     00000443  A$keyboar |    00000445  A$keyboar |    00000446  A$keyboar
     00000448  A$keyboar |    00000449  A$keyboar |    0000044A  A$keyboar
     0000044B  A$keyboar |    0000044C  A$keyboar |    0000044E  A$keyboar
     0000044F  A$keyboar |    00000451  A$keyboar |    00000454  A$keyboar
     00000455  A$keyboar |    00000457  A$keyboar |    00000458  A$keyboar
     0000045A  A$keyboar |    0000045D  A$keyboar |    0000045E  A$keyboar
     00000460  A$keyboar |    00000461  A$keyboar |    00000463  A$keyboar
     00000466  A$keyboar |    00000467  A$keyboar |    00000469  A$keyboar
     0000046A  A$keyboar |    0000046C  A$keyboar |    0000046F  A$keyboar
     00000470  A$keyboar |    00000472  A$keyboar |    00000473  A$keyboar
     00000475  A$keyboar |    00000478  A$keyboar |    00000479  A$keyboar
     0000047B  A$keyboar |    0000047C  A$keyboar |    0000047E  A$keyboar
ASxxxx Linker V03.00 + NoICE + sdld,  page 6.
Hexadecimal  [32-Bits]

Area                       Addr        Size        Decimal Bytes (Attributes)
--------------------       ----        ----        ------- ----- ------------
_CODE                  00000000    00002820 =       10272. bytes (REL,CON)

        Value  Global            Value  Global            Value  Global    
        -----  ------            -----  ------            -----  ------    
     00000481  A$keyboar |    00000482  A$keyboar |    00000484  A$keyboar
     00000485  A$keyboar |    00000487  A$keyboar |    0000048A  A$keyboar
     0000048B  A$keyboar |    0000048D  A$keyboar |    0000048E  A$keyboar
     00000490  A$keyboar |    00000493  A$keyboar |    00000494  A$keyboar
     00000496  A$keyboar |    00000497  A$keyboar |    00000499  A$keyboar
     0000049C  A$keyboar |    0000049D  A$keyboar |    0000049F  A$keyboar
     000004A0  A$keyboar |    000004A2  A$keyboar |    000004A5  A$keyboar
     000004A6  A$keyboar |    000004A8  A$keyboar |    000004A9  A$keyboar
     000004AB  A$keyboar |    000004AE  A$keyboar |    000004AF  A$keyboar
     000004B1  A$keyboar |    000004B2  A$keyboar |    000004B4  A$keyboar
     000004B7  A$keyboar |    000004B8  A$keyboar |    000004BA  A$keyboar
     000004BB  A$keyboar |    000004BD  A$keyboar |    000004C0  A$keyboar
     000004C1  A$keyboar |    000004C3  A$keyboar |    000004C4  A$keyboar
     000004C6  A$keyboar |    000004C9  A$keyboar |    000004CA  A$keyboar
     000004CC  A$keyboar |    000004CD  A$keyboar |    000004CF  A$keyboar
     000004D2  A$keyboar |    000004D3  A$keyboar |    000004D5  A$keyboar
     000004D6  A$keyboar |    000004D8  A$keyboar |    000004DB  A$keyboar
     000004DC  A$keyboar |    000004DE  A$keyboar |    000004DF  A$keyboar
     000004E1  A$keyboar |    000004E4  A$keyboar |    000004E5  A$keyboar
     000004E7  A$keyboar |    000004E8  A$keyboar |    000004EA  A$keyboar
     000004ED  A$keyboar |    000004EE  A$keyboar |    000004F0  A$keyboar
     000004F1  A$keyboar |    000004F3  A$keyboar |    000004F6  A$keyboar
     000004F7  A$keyboar |    000004F9  A$keyboar |    000004FA  A$keyboar
     000004FC  A$keyboar |    000004FF  A$keyboar |    00000500  A$keyboar
     00000502  A$keyboar |    00000503  A$keyboar |    00000505  A$keyboar
     00000508  A$keyboar |    00000509  A$keyboar |    0000050B  A$keyboar
     0000050C  A$keyboar |    0000050E  A$keyboar |    00000511  A$keyboar
     00000512  A$keyboar |    00000514  A$keyboar |    00000515  A$keyboar
     00000517  A$keyboar |    0000051A  A$keyboar |    0000051B  A$keyboar
     0000051D  A$keyboar |    0000051E  A$keyboar |    00000520  A$keyboar
     00000523  A$keyboar |    00000524  A$keyboar |    00000526  A$keyboar
     00000527  A$keyboar |    00000529  A$keyboar |    0000052C  A$keyboar
     0000052D  A$keyboar |    0000052F  A$keyboar |    00000530  A$keyboar
     00000532  A$keyboar |    00000535  A$keyboar |    00000536  A$keyboar
     00000538  A$keyboar |    00000539  A$keyboar |    0000053B  A$keyboar
     0000053E  A$keyboar |    0000053F  A$keyboar |    00000541  A$keyboar
     00000542  A$keyboar |    00000544  A$keyboar |    00000547  A$keyboar
     00000548  A$keyboar |    0000054A  A$keyboar |    0000054B  A$keyboar
     0000054D  A$keyboar |    00000550  A$keyboar |    00000551  A$keyboar
     00000553  A$keyboar |    00000554  A$keyboar |    00000556  A$keyboar
     00000559  A$keyboar |    0000055A  A$keyboar |    0000055C  A$keyboar
     0000055D  A$keyboar |    0000055F  A$keyboar |    00000562  A$keyboar
     00000563  A$keyboar |    00000565  A$keyboar |    00000566  A$keyboar
     00000568  A$keyboar |    0000056B  A$keyboar |    0000056C  A$keyboar
     0000056E  A$keyboar |    0000056F  A$keyboar |    00000571  A$keyboar
     00000574  A$keyboar |    00000575  A$keyboar |    00000577  A$keyboar
     00000578  A$keyboar |    0000057A  A$keyboar |    0000057D  A$keyboar
     0000057E  A$keyboar |    00000580  A$keyboar |    00000581  A$keyboar
     00000583  A$keyboar |    00000586  A$keyboar |    00000587  A$keyboar
     00000589  A$keyboar |    0000058A  A$keyboar |    0000058C  A$keyboar
     0000058F  A$keyboar |    00000590  A$keyboar |    00000592  A$keyboar
ASxxxx Linker V03.00 + NoICE + sdld,  page 7.
Hexadecimal  [32-Bits]

Area                       Addr        Size        Decimal Bytes (Attributes)
--------------------       ----        ----        ------- ----- ------------
_CODE                  00000000    00002820 =       10272. bytes (REL,CON)

        Value  Global            Value  Global            Value  Global    
        -----  ------            -----  ------            -----  ------    
     00000593  A$keyboar |    00000595  A$keyboar |    00000598  A$keyboar
     00000599  A$keyboar |    0000059B  A$keyboar |    0000059C  A$keyboar
     0000059E  A$keyboar |    000005A1  A$keyboar |    000005A2  A$keyboar
     000005A4  A$keyboar |    000005A5  A$keyboar |    000005A7  A$keyboar
     000005AA  A$keyboar |    000005AB  A$keyboar |    000005AD  A$keyboar
     000005AE  A$keyboar |    000005B0  A$keyboar |    000005B3  A$keyboar
     000005B4  A$keyboar |    000005B6  A$keyboar |    000005B7  A$keyboar
     000005B9  A$keyboar |    000005BC  A$keyboar |    000005BD  A$keyboar
     000005BF  A$keyboar |    000005C0  A$keyboar |    000005C2  A$keyboar
     000005C5  A$keyboar |    000005C6  A$keyboar |    000005C8  A$keyboar
     000005C9  A$keyboar |    000005CB  A$keyboar |    000005CE  A$keyboar
     000005CF  A$keyboar |    000005D1  A$keyboar |    000005D2  A$keyboar
     000005D4  A$keyboar |    000005D7  A$keyboar |    000005D8  A$keyboar
     000005DA  A$keyboar |    000005DB  A$keyboar |    000005DD  A$keyboar
     000005E0  A$keyboar |    000005E1  A$keyboar |    000005E3  A$keyboar
     000005E4  A$keyboar |    000005E6  A$keyboar |    000005E9  A$keyboar
     000005EA  A$keyboar |    000005EC  A$keyboar |    000005ED  A$keyboar
     000005EF  A$keyboar |    000005F2  A$keyboar |    000005F3  A$keyboar
     000005F5  A$keyboar |    000005F6  A$keyboar |    000005F8  A$keyboar
     000005FB  A$keyboar |    000005FC  A$keyboar |    000005FE  A$keyboar
     000005FF  A$keyboar |    00000601  A$keyboar |    00000604  A$keyboar
     00000605  A$keyboar |    00000607  A$keyboar |    00000608  A$keyboar
     0000060A  A$keyboar |    0000060D  A$keyboar |    0000060E  A$keyboar
     00000610  A$keyboar |    00000611  A$keyboar |    00000613  A$keyboar
     00000616  A$keyboar |    00000617  A$keyboar |    00000619  A$keyboar
     0000061A  A$keyboar |    0000061C  A$keyboar |    0000061F  A$keyboar
     00000620  A$keyboar |    00000622  A$keyboar |    00000623  A$keyboar
     00000625  A$keyboar |    00000628  A$keyboar |    00000629  A$keyboar
     0000062B  A$keyboar |    0000062C  A$keyboar |    0000062E  A$keyboar
     00000631  A$keyboar |    00000632  A$keyboar |    00000634  A$keyboar
     00000635  A$keyboar |    00000637  A$keyboar |    0000063A  A$keyboar
     0000063B  A$keyboar |    0000063D  A$keyboar |    0000063E  A$keyboar
     00000640  A$keyboar |    00000643  A$keyboar |    00000644  A$keyboar
     00000646  A$keyboar |    00000647  A$keyboar |    00000649  A$keyboar
     0000064C  A$keyboar |    0000064D  A$keyboar |    0000064F  A$keyboar
     00000650  A$keyboar |    00000652  A$keyboar |    00000655  A$keyboar
     00000656  A$keyboar |    00000658  A$keyboar |    00000659  A$keyboar
     0000065B  A$keyboar |    0000065E  A$keyboar |    0000065F  A$keyboar
     00000661  A$keyboar |    00000662  A$keyboar |    00000664  A$keyboar
     00000667  A$keyboar |    00000668  A$keyboar |    0000066A  A$keyboar
     0000066B  A$keyboar |    0000066D  A$keyboar |    00000670  A$keyboar
     00000671  A$keyboar |    00000673  A$keyboar |    00000674  A$keyboar
     00000676  A$keyboar |    00000679  A$keyboar |    0000067A  A$keyboar
     0000067C  A$keyboar |    0000067D  A$keyboar |    0000067F  A$keyboar
     00000682  A$keyboar |    00000683  A$keyboar |    00000685  A$keyboar
     00000686  A$keyboar |    00000688  A$keyboar |    0000068B  A$keyboar
     0000068C  A$keyboar |    0000068E  A$keyboar |    0000068F  A$keyboar
     00000691  A$keyboar |    00000694  A$keyboar |    00000695  A$keyboar
     00000697  A$keyboar |    00000698  A$keyboar |    0000069A  A$keyboar
     0000069D  A$keyboar |    0000069E  A$keyboar |    000006A0  A$keyboar
     000006A1  A$keyboar |    000006A3  A$keyboar |    000006A6  A$keyboar
ASxxxx Linker V03.00 + NoICE + sdld,  page 8.
Hexadecimal  [32-Bits]

Area                       Addr        Size        Decimal Bytes (Attributes)
--------------------       ----        ----        ------- ----- ------------
_CODE                  00000000    00002820 =       10272. bytes (REL,CON)

        Value  Global            Value  Global            Value  Global    
        -----  ------            -----  ------            -----  ------    
     000006A7  A$keyboar |    000006A9  A$keyboar |    000006AA  A$keyboar
     000006AC  A$keyboar |    000006AF  A$keyboar |    000006B0  A$keyboar
     000006B2  A$keyboar |    000006B3  A$keyboar |    000006B5  A$keyboar
     000006B8  A$keyboar |    000006B9  A$keyboar |    000006BB  A$keyboar
     000006BC  A$keyboar |    000006BE  A$keyboar |    000006C1  A$keyboar
     000006C2  A$keyboar |    000006C4  A$keyboar |    000006C5  A$keyboar
     000006C7  A$keyboar |    000006CA  A$keyboar |    000006CB  A$keyboar
     000006CD  A$keyboar |    000006CE  A$keyboar |    000006D0  A$keyboar
     000006D3  A$keyboar |    000006D4  A$keyboar |    000006D6  A$keyboar
     000006D7  A$keyboar |    000006D9  A$keyboar |    000006DC  A$keyboar
     000006DD  A$keyboar |    000006DF  A$keyboar |    000006E0  A$keyboar
     000006E2  A$keyboar |    000006E5  A$keyboar |    000006E6  A$keyboar
     000006E8  A$keyboar |    000006E9  A$keyboar |    000006EB  A$keyboar
     000006EE  A$keyboar |    000006EF  A$keyboar |    000006F1  A$keyboar
     000006F2  A$keyboar |    000006F4  A$keyboar |    000006F7  A$keyboar
     000006F8  A$keyboar |    000006FA  A$keyboar |    000006FB  A$keyboar
     000006FD  A$keyboar |    00000700  A$keyboar |    00000701  A$keyboar
     00000703  A$keyboar |    00000704  A$keyboar |    00000706  A$keyboar
     00000709  A$keyboar |    0000070A  A$keyboar |    0000070C  A$keyboar
     0000070D  A$keyboar |    0000070F  A$keyboar |    00000712  A$keyboar
     00000713  A$keyboar |    00000715  A$keyboar |    00000716  A$keyboar
     00000718  A$keyboar |    0000071B  A$keyboar |    0000071C  A$keyboar
     0000071E  A$keyboar |    0000071F  A$keyboar |    00000721  A$keyboar
     00000724  A$keyboar |    00000725  A$keyboar |    00000727  A$keyboar
     00000728  A$keyboar |    0000072A  A$keyboar |    0000072D  A$keyboar
     0000072E  A$keyboar |    00000730  A$keyboar |    00000731  A$keyboar
     00000733  A$keyboar |    00000736  A$keyboar |    00000737  A$keyboar
     00000739  A$keyboar |    0000073A  A$keyboar |    0000073C  A$keyboar
     0000073F  A$keyboar |    00000740  A$keyboar |    00000742  A$keyboar
     00000743  A$keyboar |    00000745  A$keyboar |    00000748  A$keyboar
     00000749  A$keyboar |    0000074B  A$keyboar |    0000074C  A$keyboar
     0000074E  A$keyboar |    00000751  A$keyboar |    00000752  A$keyboar
     00000754  A$keyboar |    00000755  A$keyboar |    00000757  A$keyboar
     0000075A  A$keyboar |    0000075B  A$keyboar |    0000075D  A$keyboar
     0000075E  A$keyboar |    00000760  A$keyboar |    00000763  A$keyboar
     00000764  A$keyboar |    00000766  A$keyboar |    00000767  A$keyboar
     00000769  A$keyboar |    0000076C  A$keyboar |    0000076D  A$keyboar
     0000076F  A$keyboar |    00000770  A$keyboar |    00000772  A$keyboar
     00000775  A$keyboar |    00000776  A$keyboar |    00000778  A$keyboar
     00000779  A$keyboar |    0000077B  A$keyboar |    0000077E  A$keyboar
     0000077F  A$keyboar |    00000781  A$keyboar |    00000782  A$keyboar
     00000784  A$keyboar |    00000787  A$keyboar |    00000788  A$keyboar
     0000078A  A$keyboar |    0000078B  A$keyboar |    0000078D  A$keyboar
     00000790  A$keyboar |    00000791  A$keyboar |    00000793  A$keyboar
     00000794  A$keyboar |    00000796  A$keyboar |    00000799  A$keyboar
     0000079A  A$keyboar |    0000079C  A$keyboar |    0000079D  A$keyboar
     0000079F  A$keyboar |    000007A2  A$keyboar |    000007A3  A$keyboar
     000007A5  A$keyboar |    000007A6  A$keyboar |    000007A8  A$keyboar
     000007AB  A$keyboar |    000007AC  A$keyboar |    000007AE  A$keyboar
     000007AF  A$keyboar |    000007B1  A$keyboar |    000007B4  A$keyboar
     000007B5  A$keyboar |    000007B7  A$keyboar |    000007B8  A$keyboar
ASxxxx Linker V03.00 + NoICE + sdld,  page 9.
Hexadecimal  [32-Bits]

Area                       Addr        Size        Decimal Bytes (Attributes)
--------------------       ----        ----        ------- ----- ------------
_CODE                  00000000    00002820 =       10272. bytes (REL,CON)

        Value  Global            Value  Global            Value  Global    
        -----  ------            -----  ------            -----  ------    
     000007BA  A$keyboar |    000007BD  A$keyboar |    000007BE  A$keyboar
     000007C0  A$keyboar |    000007C1  A$keyboar |    000007C3  A$keyboar
     000007C3  C$keyboar |    000007C6  A$keyboar |    000007C7  A$keyboar
     000007C8  A$keyboar |    000007C9  A$keyboar |    000007CB  A$keyboar
     000007CC  A$keyboar |    000007CE  A$keyboar |    000007CF  A$keyboar
     000007D0  A$keyboar |    000007D1  A$keyboar |    000007D2  A$keyboar
     000007D4  A$keyboar |    000007D5  A$keyboar |    000007D7  A$keyboar
     000007DA  A$keyboar |    000007DB  A$keyboar |    000007DD  A$keyboar
     000007DE  A$keyboar |    000007E0  A$keyboar |    000007E3  A$keyboar
     000007E4  A$keyboar |    000007E6  A$keyboar |    000007E7  A$keyboar
     000007E9  A$keyboar |    000007EC  A$keyboar |    000007ED  A$keyboar
     000007EF  A$keyboar |    000007F0  A$keyboar |    000007F2  A$keyboar
     000007F5  A$keyboar |    000007F6  A$keyboar |    000007F8  A$keyboar
     000007F9  A$keyboar |    000007FB  A$keyboar |    000007FE  A$keyboar
     000007FF  A$keyboar |    00000801  A$keyboar |    00000802  A$keyboar
     00000804  A$keyboar |    00000807  A$keyboar |    00000808  A$keyboar
     0000080A  A$keyboar |    0000080B  A$keyboar |    0000080D  A$keyboar
     00000810  A$keyboar |    00000811  A$keyboar |    00000813  A$keyboar
     00000814  A$keyboar |    00000816  A$keyboar |    00000819  A$keyboar
     0000081A  A$keyboar |    0000081C  A$keyboar |    0000081D  A$keyboar
     0000081F  A$keyboar |    00000822  A$keyboar |    00000823  A$keyboar
     00000825  A$keyboar |    00000826  A$keyboar |    00000828  A$keyboar
     0000082B  A$keyboar |    0000082C  A$keyboar |    0000082E  A$keyboar
     0000082F  A$keyboar |    00000831  A$keyboar |    00000834  A$keyboar
     00000835  A$keyboar |    00000837  A$keyboar |    00000838  A$keyboar
     0000083A  A$keyboar |    0000083D  A$keyboar |    0000083E  A$keyboar
     00000840  A$keyboar |    00000841  A$keyboar |    00000843  A$keyboar
     00000846  A$keyboar |    00000847  A$keyboar |    00000849  A$keyboar
     0000084A  A$keyboar |    0000084C  A$keyboar |    0000084F  A$keyboar
     00000850  A$keyboar |    00000852  A$keyboar |    00000853  A$keyboar
     00000855  A$keyboar |    00000858  A$keyboar |    00000859  A$keyboar
     0000085B  A$keyboar |    0000085C  A$keyboar |    0000085E  A$keyboar
     00000861  A$keyboar |    00000862  A$keyboar |    00000864  A$keyboar
     00000865  A$keyboar |    00000867  A$keyboar |    0000086A  A$keyboar
     0000086B  A$keyboar |    0000086D  A$keyboar |    0000086E  A$keyboar
     00000870  A$keyboar |    00000873  A$keyboar |    00000874  A$keyboar
     00000876  A$keyboar |    00000877  A$keyboar |    00000879  A$keyboar
     0000087C  A$keyboar |    0000087D  A$keyboar |    0000087F  A$keyboar
     00000880  A$keyboar |    00000882  A$keyboar |    00000885  A$keyboar
     00000886  A$keyboar |    00000888  A$keyboar |    00000889  A$keyboar
     0000088B  A$keyboar |    0000088E  A$keyboar |    0000088F  A$keyboar
     00000891  A$keyboar |    00000892  A$keyboar |    00000894  A$keyboar
     00000897  A$keyboar |    00000898  A$keyboar |    0000089A  A$keyboar
     0000089B  A$keyboar |    0000089D  A$keyboar |    000008A0  A$keyboar
     000008A1  A$keyboar |    000008A3  A$keyboar |    000008A4  A$keyboar
     000008A6  A$keyboar |    000008A9  A$keyboar |    000008AA  A$keyboar
     000008AC  A$keyboar |    000008AD  A$keyboar |    000008AF  A$keyboar
     000008B2  A$keyboar |    000008B3  A$keyboar |    000008B5  A$keyboar
     000008B6  A$keyboar |    000008B8  A$keyboar |    000008BB  A$keyboar
     000008BC  A$keyboar |    000008BE  A$keyboar |    000008BF  A$keyboar
     000008C1  A$keyboar |    000008C4  A$keyboar |    000008C5  A$keyboar
ASxxxx Linker V03.00 + NoICE + sdld,  page 10.
Hexadecimal  [32-Bits]

Area                       Addr        Size        Decimal Bytes (Attributes)
--------------------       ----        ----        ------- ----- ------------
_CODE                  00000000    00002820 =       10272. bytes (REL,CON)

        Value  Global            Value  Global            Value  Global    
        -----  ------            -----  ------            -----  ------    
     000008C7  A$keyboar |    000008C8  A$keyboar |    000008CA  A$keyboar
     000008CD  A$keyboar |    000008CE  A$keyboar |    000008D0  A$keyboar
     000008D1  A$keyboar |    000008D3  A$keyboar |    000008D6  A$keyboar
     000008D7  A$keyboar |    000008D9  A$keyboar |    000008DA  A$keyboar
     000008DC  A$keyboar |    000008DF  A$keyboar |    000008E0  A$keyboar
     000008E2  A$keyboar |    000008E3  A$keyboar |    000008E5  A$keyboar
     000008E8  A$keyboar |    000008E9  A$keyboar |    000008EB  A$keyboar
     000008EC  A$keyboar |    000008EE  A$keyboar |    000008F1  A$keyboar
     000008F2  A$keyboar |    000008F4  A$keyboar |    000008F5  A$keyboar
     000008F7  A$keyboar |    000008FA  A$keyboar |    000008FB  A$keyboar
     000008FD  A$keyboar |    000008FE  A$keyboar |    00000900  A$keyboar
     00000903  A$keyboar |    00000904  A$keyboar |    00000906  A$keyboar
     00000907  A$keyboar |    00000909  A$keyboar |    0000090C  A$keyboar
     0000090D  A$keyboar |    0000090F  A$keyboar |    00000910  A$keyboar
     00000912  A$keyboar |    00000915  A$keyboar |    00000916  A$keyboar
     00000918  A$keyboar |    00000919  A$keyboar |    0000091B  A$keyboar
     0000091E  A$keyboar |    0000091F  A$keyboar |    00000921  A$keyboar
     00000922  A$keyboar |    00000924  A$keyboar |    00000927  A$keyboar
     00000928  A$keyboar |    0000092A  A$keyboar |    0000092B  A$keyboar
     0000092D  A$keyboar |    00000930  A$keyboar |    00000931  A$keyboar
     00000933  A$keyboar |    00000934  A$keyboar |    00000936  A$keyboar
     00000939  A$keyboar |    0000093A  A$keyboar |    0000093C  A$keyboar
     0000093D  A$keyboar |    0000093F  A$keyboar |    00000942  A$keyboar
     00000943  A$keyboar |    00000945  A$keyboar |    00000946  A$keyboar
     00000948  A$keyboar |    0000094B  A$keyboar |    0000094C  A$keyboar
     0000094E  A$keyboar |    0000094F  A$keyboar |    00000951  A$keyboar
     00000954  A$keyboar |    00000955  A$keyboar |    00000957  A$keyboar
     00000958  A$keyboar |    0000095A  A$keyboar |    0000095D  A$keyboar
     0000095E  A$keyboar |    00000960  A$keyboar |    00000961  A$keyboar
     00000963  A$keyboar |    00000966  A$keyboar |    00000967  A$keyboar
     00000969  A$keyboar |    0000096A  A$keyboar |    0000096C  A$keyboar
     0000096F  A$keyboar |    00000970  A$keyboar |    00000972  A$keyboar
     00000973  A$keyboar |    00000975  A$keyboar |    00000978  A$keyboar
     00000979  A$keyboar |    0000097B  A$keyboar |    0000097C  A$keyboar
     0000097E  A$keyboar |    00000981  A$keyboar |    00000982  A$keyboar
     00000984  A$keyboar |    00000985  A$keyboar |    00000987  A$keyboar
     0000098A  A$keyboar |    0000098B  A$keyboar |    0000098D  A$keyboar
     0000098E  A$keyboar |    00000990  A$keyboar |    00000993  A$keyboar
     00000994  A$keyboar |    00000996  A$keyboar |    00000997  A$keyboar
     00000999  A$keyboar |    0000099C  A$keyboar |    0000099D  A$keyboar
     0000099F  A$keyboar |    000009A0  A$keyboar |    000009A2  A$keyboar
     000009A5  A$keyboar |    000009A6  A$keyboar |    000009A8  A$keyboar
     000009A9  A$keyboar |    000009AB  A$keyboar |    000009AE  A$keyboar
     000009AF  A$keyboar |    000009B1  A$keyboar |    000009B2  A$keyboar
     000009B4  A$keyboar |    000009B7  A$keyboar |    000009B8  A$keyboar
     000009BA  A$keyboar |    000009BB  A$keyboar |    000009BD  A$keyboar
     000009C0  A$keyboar |    000009C1  A$keyboar |    000009C3  A$keyboar
     000009C4  A$keyboar |    000009C6  A$keyboar |    000009C9  A$keyboar
     000009CA  A$keyboar |    000009CC  A$keyboar |    000009CD  A$keyboar
     000009CF  A$keyboar |    000009D2  A$keyboar |    000009D3  A$keyboar
     000009D5  A$keyboar |    000009D6  A$keyboar |    000009D8  A$keyboar
ASxxxx Linker V03.00 + NoICE + sdld,  page 11.
Hexadecimal  [32-Bits]

Area                       Addr        Size        Decimal Bytes (Attributes)
--------------------       ----        ----        ------- ----- ------------
_CODE                  00000000    00002820 =       10272. bytes (REL,CON)

        Value  Global            Value  Global            Value  Global    
        -----  ------            -----  ------            -----  ------    
     000009DB  A$keyboar |    000009DC  A$keyboar |    000009DE  A$keyboar
     000009DF  A$keyboar |    000009E1  A$keyboar |    000009E4  A$keyboar
     000009E5  A$keyboar |    000009E7  A$keyboar |    000009E8  A$keyboar
     000009EA  A$keyboar |    000009ED  A$keyboar |    000009EE  A$keyboar
     000009F0  A$keyboar |    000009F1  A$keyboar |    000009F3  A$keyboar
     000009F6  A$keyboar |    000009F7  A$keyboar |    000009F9  A$keyboar
     000009FA  A$keyboar |    000009FC  A$keyboar |    000009FF  A$keyboar
     00000A00  A$keyboar |    00000A02  A$keyboar |    00000A03  A$keyboar
     00000A05  A$keyboar |    00000A08  A$keyboar |    00000A09  A$keyboar
     00000A0B  A$keyboar |    00000A0C  A$keyboar |    00000A0E  A$keyboar
     00000A11  A$keyboar |    00000A12  A$keyboar |    00000A14  A$keyboar
     00000A15  A$keyboar |    00000A17  A$keyboar |    00000A1A  A$keyboar
     00000A1B  A$keyboar |    00000A1D  A$keyboar |    00000A1E  A$keyboar
     00000A20  A$keyboar |    00000A23  A$keyboar |    00000A24  A$keyboar
     00000A26  A$keyboar |    00000A27  A$keyboar |    00000A29  A$keyboar
     00000A2C  A$keyboar |    00000A2D  A$keyboar |    00000A2F  A$keyboar
     00000A30  A$keyboar |    00000A32  A$keyboar |    00000A35  A$keyboar
     00000A36  A$keyboar |    00000A38  A$keyboar |    00000A39  A$keyboar
     00000A3B  A$keyboar |    00000A3E  A$keyboar |    00000A3F  A$keyboar
     00000A41  A$keyboar |    00000A42  A$keyboar |    00000A44  A$keyboar
     00000A47  A$keyboar |    00000A48  A$keyboar |    00000A4A  A$keyboar
     00000A4B  A$keyboar |    00000A4D  A$keyboar |    00000A50  A$keyboar
     00000A51  A$keyboar |    00000A53  A$keyboar |    00000A54  A$keyboar
     00000A56  A$keyboar |    00000A59  A$keyboar |    00000A5A  A$keyboar
     00000A5C  A$keyboar |    00000A5D  A$keyboar |    00000A5F  A$keyboar
     00000A62  A$keyboar |    00000A63  A$keyboar |    00000A65  A$keyboar
     00000A66  A$keyboar |    00000A68  A$keyboar |    00000A6B  A$keyboar
     00000A6C  A$keyboar |    00000A6E  A$keyboar |    00000A6F  A$keyboar
     00000A71  A$keyboar |    00000A74  A$keyboar |    00000A75  A$keyboar
     00000A77  A$keyboar |    00000A78  A$keyboar |    00000A7A  A$keyboar
     00000A7D  A$keyboar |    00000A7E  A$keyboar |    00000A80  A$keyboar
     00000A81  A$keyboar |    00000A83  A$keyboar |    00000A86  A$keyboar
     00000A87  A$keyboar |    00000A89  A$keyboar |    00000A8A  A$keyboar
     00000A8C  A$keyboar |    00000A8F  A$keyboar |    00000A90  A$keyboar
     00000A92  A$keyboar |    00000A93  A$keyboar |    00000A95  A$keyboar
     00000A98  A$keyboar |    00000A99  A$keyboar |    00000A9B  A$keyboar
     00000A9C  A$keyboar |    00000A9E  A$keyboar |    00000AA1  A$keyboar
     00000AA2  A$keyboar |    00000AA4  A$keyboar |    00000AA5  A$keyboar
     00000AA7  A$keyboar |    00000AAA  A$keyboar |    00000AAB  A$keyboar
     00000AAD  A$keyboar |    00000AAE  A$keyboar |    00000AB0  A$keyboar
     00000AB3  A$keyboar |    00000AB4  A$keyboar |    00000AB6  A$keyboar
     00000AB7  A$keyboar |    00000AB9  A$keyboar |    00000ABC  A$keyboar
     00000ABD  A$keyboar |    00000ABF  A$keyboar |    00000AC0  A$keyboar
     00000AC2  A$keyboar |    00000AC5  A$keyboar |    00000AC6  A$keyboar
     00000AC8  A$keyboar |    00000AC9  A$keyboar |    00000ACB  A$keyboar
     00000ACE  A$keyboar |    00000ACF  A$keyboar |    00000AD1  A$keyboar
     00000AD2  A$keyboar |    00000AD4  A$keyboar |    00000AD7  A$keyboar
     00000AD8  A$keyboar |    00000ADA  A$keyboar |    00000ADB  A$keyboar
     00000ADD  A$keyboar |    00000AE0  A$keyboar |    00000AE1  A$keyboar
     00000AE3  A$keyboar |    00000AE4  A$keyboar |    00000AE6  A$keyboar
     00000AE9  A$keyboar |    00000AEA  A$keyboar |    00000AEC  A$keyboar
ASxxxx Linker V03.00 + NoICE + sdld,  page 12.
Hexadecimal  [32-Bits]

Area                       Addr        Size        Decimal Bytes (Attributes)
--------------------       ----        ----        ------- ----- ------------
_CODE                  00000000    00002820 =       10272. bytes (REL,CON)

        Value  Global            Value  Global            Value  Global    
        -----  ------            -----  ------            -----  ------    
     00000AED  A$keyboar |    00000AEF  A$keyboar |    00000AF2  A$keyboar
     00000AF3  A$keyboar |    00000AF5  A$keyboar |    00000AF6  A$keyboar
     00000AF8  A$keyboar |    00000AFB  A$keyboar |    00000AFC  A$keyboar
     00000AFE  A$keyboar |    00000AFF  A$keyboar |    00000B01  A$keyboar
     00000B04  A$keyboar |    00000B05  A$keyboar |    00000B07  A$keyboar
     00000B08  A$keyboar |    00000B0A  A$keyboar |    00000B0D  A$keyboar
     00000B0E  A$keyboar |    00000B10  A$keyboar |    00000B11  A$keyboar
     00000B13  A$keyboar |    00000B16  A$keyboar |    00000B17  A$keyboar
     00000B19  A$keyboar |    00000B1A  A$keyboar |    00000B1C  A$keyboar
     00000B1F  A$keyboar |    00000B20  A$keyboar |    00000B22  A$keyboar
     00000B23  A$keyboar |    00000B25  A$keyboar |    00000B28  A$keyboar
     00000B29  A$keyboar |    00000B2B  A$keyboar |    00000B2C  A$keyboar
     00000B2E  A$keyboar |    00000B31  A$keyboar |    00000B32  A$keyboar
     00000B34  A$keyboar |    00000B35  A$keyboar |    00000B37  A$keyboar
     00000B3A  A$keyboar |    00000B3B  A$keyboar |    00000B3D  A$keyboar
     00000B3E  A$keyboar |    00000B40  A$keyboar |    00000B43  A$keyboar
     00000B44  A$keyboar |    00000B46  A$keyboar |    00000B47  A$keyboar
     00000B49  A$keyboar |    00000B49  C$keyboar |    00000B4B  A$keyboar
     00000B4E  A$keyboar |    00000B50  A$keyboar |    00000B53  A$keyboar
     00000B56  A$keyboar |    00000B56  C$keyboar |    00000B59  A$keyboar
     00000B5B  A$keyboar |    00000B5C  A$keyboar |    00000B5F  A$keyboar
     00000B62  A$keyboar |    00000B63  A$keyboar |    00000B66  A$keyboar
     00000B69  A$keyboar |    00000B6A  A$keyboar |    00000B6D  A$keyboar
     00000B70  A$keyboar |    00000B73  A$keyboar |    00000B76  A$keyboar
     00000B78  A$keyboar |    00000B78  C$keyboar |    00000B79  A$keyboar
     00000B7C  A$keyboar |    00000B7F  A$keyboar |    00000B80  A$keyboar
     00000B83  A$keyboar |    00000B86  A$keyboar |    00000B86  C$keyboar
     00000B89  A$keyboar |    00000B8A  A$keyboar |    00000B8C  A$keyboar
     00000B8F  A$keyboar |    00000B90  A$keyboar |    00000B92  A$keyboar
     00000B95  A$keyboar |    00000B96  A$keyboar |    00000B98  A$keyboar
     00000B9B  A$keyboar |    00000B9D  A$keyboar |    00000B9F  A$keyboar
     00000BA2  A$keyboar |    00000BA3  A$keyboar |    00000BA5  A$keyboar
     00000BA8  A$keyboar |    00000BAA  A$keyboar |    00000BAC  A$keyboar
     00000BAE  A$keyboar |    00000BAE  C$keyboar |    00000BAE  C$keyboar
     00000BB1  A$keyboar |    00000BB4  A$keyboar |    00000BB5  A$keyboar
     00000BB6  A$keyboar |    00000BB7  A$keyboar |    00000BB8  A$keyboar
     00000BBA  A$keyboar |    00000BBA  C$keyboar |    00000BBA  C$keyboar
     00000BBD  A$keyboar |    00000BC0  A$keyboar |    00000BC1  A$keyboar
     00000BC2  A$keyboar |    00000BC3  A$keyboar |    00000BC4  A$keyboar
     00000BC6  A$keyboar |    00000BC6  C$keyboar |    00000BC6  C$keyboar
     00000BC9  A$keyboar |    00000BCC  A$keyboar |    00000BCD  A$keyboar
     00000BCE  A$keyboar |    00000BCF  A$keyboar |    00000BD1  A$keyboar
     00000BD2  A$keyboar |    00000BD3  A$keyboar |    00000BD5  A$keyboar
     00000BD5  C$keyboar |    00000BD5  C$keyboar |    00000BD8  A$keyboar
     00000BDB  A$keyboar |    00000BDC  A$keyboar |    00000BDD  A$keyboar
     00000BDE  A$keyboar |    00000BE0  A$keyboar |    00000BE1  A$keyboar
     00000BE2  A$keyboar |    00000BE4  A$keyboar |    00000BE4  C$keyboar
     00000BE4  C$keyboar |    00000BE7  A$keyboar |    00000BE7  C$keyboar
     00000BE9  A$keyboar |    00000BEB  A$keyboar |    00000BEB  C$keyboar
     00000BEB  XG$hid_to |    00000BEC  A$keyboar |    00000BEC  C$keyboar
     00000BEC  C$keyboar |    00000BEC  G$key_cle |    00000BEC  _key_clea
ASxxxx Linker V03.00 + NoICE + sdld,  page 13.
Hexadecimal  [32-Bits]

Area                       Addr        Size        Decimal Bytes (Attributes)
--------------------       ----        ----        ------- ----- ------------
_CODE                  00000000    00002820 =       10272. bytes (REL,CON)

        Value  Global            Value  Global            Value  Global    
        -----  ------            -----  ------            -----  ------    
     00000BEF  A$keyboar |    00000BF0  A$keyboar |    00000BF3  A$keyboar
     00000BF4  A$keyboar |    00000BF4  C$keyboar |    00000BF4  XG$key_cl
     00000BF5  A$keyboar |    00000BF5  C$keyboar |    00000BF5  C$keyboar
     00000BF5  G$update$ |    00000BF5  _update   |    00000BF8  A$keyboar
     00000BF9  A$keyboar |    00000BFC  A$keyboar |    00000BFD  A$keyboar
     00000BFD  C$keyboar |    00000BFD  XG$update |    00000BFE  A$keyboar
     00000BFE  C$keyboar |    00000BFE  G$kbdProc |    00000BFE  _kbdProce
     00000C00  A$keyboar |    00000C04  A$keyboar |    00000C06  A$keyboar
     00000C09  A$keyboar |    00000C0A  A$keyboar |    00000C0B  A$keyboar
     00000C0B  C$keyboar |    00000C0E  A$keyboar |    00000C11  A$keyboar
     00000C12  A$keyboar |    00000C13  A$keyboar |    00000C14  A$keyboar
     00000C16  A$keyboar |    00000C16  C$keyboar |    00000C19  A$keyboar
     00000C1C  A$keyboar |    00000C1D  A$keyboar |    00000C1E  A$keyboar
     00000C21  A$keyboar |    00000C22  A$keyboar |    00000C23  A$keyboar
     00000C24  A$keyboar |    00000C25  A$keyboar |    00000C28  A$keyboar
     00000C28  C$keyboar |    00000C2B  A$keyboar |    00000C2E  A$keyboar
     00000C2F  A$keyboar |    00000C31  A$keyboar |    00000C31  C$keyboar
     00000C34  A$keyboar |    00000C34  C$keyboar |    00000C37  A$keyboar
     00000C3A  A$keyboar |    00000C3B  A$keyboar |    00000C3C  A$keyboar
     00000C3D  A$keyboar |    00000C3F  A$keyboar |    00000C3F  C$keyboar
     00000C42  A$keyboar |    00000C45  A$keyboar |    00000C46  A$keyboar
     00000C47  A$keyboar |    00000C4A  A$keyboar |    00000C4B  A$keyboar
     00000C4C  A$keyboar |    00000C4D  A$keyboar |    00000C4E  A$keyboar
     00000C51  A$keyboar |    00000C51  C$keyboar |    00000C54  A$keyboar
     00000C55  A$keyboar |    00000C56  A$keyboar |    00000C57  A$keyboar
     00000C58  A$keyboar |    00000C59  A$keyboar |    00000C5A  A$keyboar
     00000C5B  A$keyboar |    00000C5E  A$keyboar |    00000C5F  A$keyboar
     00000C60  A$keyboar |    00000C61  A$keyboar |    00000C62  A$keyboar
     00000C65  A$keyboar |    00000C65  C$keyboar |    00000C68  A$keyboar
     00000C69  A$keyboar |    00000C6C  A$keyboar |    00000C6F  A$keyboar
     00000C72  A$keyboar |    00000C75  A$keyboar |    00000C76  A$keyboar
     00000C78  A$keyboar |    00000C7A  A$keyboar |    00000C7B  A$keyboar
     00000C7D  A$keyboar |    00000C7E  A$keyboar |    00000C7E  C$keyboar
     00000C7F  A$keyboar |    00000C80  A$keyboar |    00000C82  A$keyboar
     00000C84  A$keyboar |    00000C87  A$keyboar |    00000C89  A$keyboar
     00000C8C  A$keyboar |    00000C8C  C$keyboar |    00000C8D  A$keyboar
     00000C8F  A$keyboar |    00000C91  A$keyboar |    00000C94  A$keyboar
     00000C96  A$keyboar |    00000C99  A$keyboar |    00000C9A  A$keyboar
     00000C9B  A$keyboar |    00000C9C  A$keyboar |    00000C9D  A$keyboar
     00000C9E  A$keyboar |    00000C9F  A$keyboar |    00000C9F  C$keyboar
     00000CA3  A$keyboar |    00000CA3  C$keyboar |    00000CA7  A$keyboar
     00000CAB  A$keyboar |    00000CAB  C$keyboar |    00000CAE  A$keyboar
     00000CB0  A$keyboar |    00000CB1  A$keyboar |    00000CB2  A$keyboar
     00000CB3  A$keyboar |    00000CB4  A$keyboar |    00000CB6  A$keyboar
     00000CB7  A$keyboar |    00000CB8  A$keyboar |    00000CB9  A$keyboar
     00000CBA  A$keyboar |    00000CBB  A$keyboar |    00000CBE  A$keyboar
     00000CBF  A$keyboar |    00000CC0  A$keyboar |    00000CC1  A$keyboar
     00000CC2  A$keyboar |    00000CC5  A$keyboar |    00000CC8  A$keyboar
     00000CC8  C$keyboar |    00000CCB  A$keyboar |    00000CCD  A$keyboar
     00000CCF  A$keyboar |    00000CD2  A$keyboar |    00000CD3  A$keyboar
     00000CD5  A$keyboar |    00000CD5  C$keyboar |    00000CD8  A$keyboar
ASxxxx Linker V03.00 + NoICE + sdld,  page 14.
Hexadecimal  [32-Bits]

Area                       Addr        Size        Decimal Bytes (Attributes)
--------------------       ----        ----        ------- ----- ------------
_CODE                  00000000    00002820 =       10272. bytes (REL,CON)

        Value  Global            Value  Global            Value  Global    
        -----  ------            -----  ------            -----  ------    
     00000CDA  A$keyboar |    00000CDC  A$keyboar |    00000CDE  A$keyboar
     00000CE0  A$keyboar |    00000CE2  A$keyboar |    00000CE4  A$keyboar
     00000CE6  A$keyboar |    00000CE6  C$keyboar |    00000CE9  A$keyboar
     00000CEB  A$keyboar |    00000CEE  A$keyboar |    00000CF2  A$keyboar
     00000CF5  A$keyboar |    00000CF8  A$keyboar |    00000CF8  C$keyboar
     00000CFA  A$keyboar |    00000CFB  A$keyboar |    00000CFD  A$keyboar
     00000CFE  A$keyboar |    00000D01  A$keyboar |    00000D04  A$keyboar
     00000D05  A$keyboar |    00000D07  A$keyboar |    00000D08  A$keyboar
     00000D09  A$keyboar |    00000D0A  A$keyboar |    00000D0C  A$keyboar
     00000D0E  A$keyboar |    00000D0F  A$keyboar |    00000D12  A$keyboar
     00000D15  A$keyboar |    00000D16  A$keyboar |    00000D18  A$keyboar
     00000D19  A$keyboar |    00000D1A  A$keyboar |    00000D1C  A$keyboar
     00000D1E  A$keyboar |    00000D1F  A$keyboar |    00000D21  A$keyboar
     00000D22  A$keyboar |    00000D23  A$keyboar |    00000D26  A$keyboar
     00000D26  C$keyboar |    00000D29  A$keyboar |    00000D2C  A$keyboar
     00000D2D  A$keyboar |    00000D2E  A$keyboar |    00000D32  A$keyboar
     00000D34  A$keyboar |    00000D36  A$keyboar |    00000D37  A$keyboar
     00000D37  C$keyboar |    00000D3B  A$keyboar |    00000D3D  A$keyboar
     00000D3F  A$keyboar |    00000D40  A$keyboar |    00000D40  C$keyboar
     00000D43  A$keyboar |    00000D46  A$keyboar |    00000D48  A$keyboar
     00000D4B  A$keyboar |    00000D4B  C$keyboar |    00000D4D  A$keyboar
     00000D4D  C$keyboar |    00000D50  A$keyboar |    00000D53  A$keyboar
     00000D55  A$keyboar |    00000D56  A$keyboar |    00000D57  A$keyboar
     00000D58  A$keyboar |    00000D5A  A$keyboar |    00000D5B  A$keyboar
     00000D5C  A$keyboar |    00000D5D  A$keyboar |    00000D5E  A$keyboar
     00000D5F  A$keyboar |    00000D60  A$keyboar |    00000D63  A$keyboar
     00000D64  A$keyboar |    00000D65  A$keyboar |    00000D65  C$keyboar
     00000D66  A$keyboar |    00000D67  A$keyboar |    00000D69  A$keyboar
     00000D6B  A$keyboar |    00000D6B  C$keyboar |    00000D6E  A$keyboar
     00000D70  A$keyboar |    00000D72  A$keyboar |    00000D72  C$keyboar
     00000D72  XG$kbdPro |    00000D73  A$keyboar |    00000D73  C$keyboar
     00000D73  C$keyboar |    00000D73  G$kbdInit |    00000D73  _kbdInit 
     00000D76  A$keyboar |    00000D76  C$keyboar |    00000D77  A$keyboar
     00000D79  A$keyboar |    00000D7A  A$keyboar |    00000D7C  A$keyboar
     00000D7D  A$keyboar |    00000D7E  A$keyboar |    00000D7F  A$keyboar
     00000D80  A$keyboar |    00000D81  A$keyboar |    00000D83  A$keyboar
     00000D84  A$keyboar |    00000D86  A$keyboar |    00000D87  A$keyboar
     00000D88  A$keyboar |    00000D8B  A$keyboar |    00000D8C  A$keyboar
     00000D8D  A$keyboar |    00000D8E  A$keyboar |    00000D8F  A$keyboar
     00000D92  A$keyboar |    00000D93  A$keyboar |    00000D94  A$keyboar
     00000D97  A$keyboar |    00000D9A  A$keyboar |    00000D9B  A$keyboar
     00000D9C  A$keyboar |    00000D9C  C$keyboar |    00000D9F  A$keyboar
     00000DA0  A$keyboar |    00000DA3  A$keyboar |    00000DA4  A$keyboar
     00000DA4  C$keyboar |    00000DA4  XG$kbdIni |    00000DA5  Fkeyboard
     00000DBC  A$library |    00000DBC  C$library |    00000DBC  C$library
     00000DBC  G$globals |    00000DBC  _globals  |    00000DBF  A$library
     00000DBF  C$library |    00000DBF  XG$global |    00000DC0  A$library
     00000DC0  C$library |    00000DC0  C$library |    00000DC0  G$process
     00000DC0  _processE |    00000DC3  A$library |    00000DC3  C$library
     00000DC6  A$library |    00000DC6  C$library |    00000DC6  C$library
     00000DC6  XG$proces |    00000DC9  A$library |    00000DC9  C$library
ASxxxx Linker V03.00 + NoICE + sdld,  page 15.
Hexadecimal  [32-Bits]

Area                       Addr        Size        Decimal Bytes (Attributes)
--------------------       ----        ----        ------- ----- ------------
_CODE                  00000000    00002820 =       10272. bytes (REL,CON)

        Value  Global            Value  Global            Value  Global    
        -----  ------            -----  ------            -----  ------    
     00000DC9  G$console |    00000DC9  _console  |    00000DCB  A$library
     00000DCF  A$library |    00000DD1  A$library |    00000DD2  A$library
     00000DD3  A$library |    00000DD3  C$library |    00000DD6  A$library
     00000DD7  A$library |    00000DD8  A$library |    00000DDB  A$library
     00000DDE  A$library |    00000DE0  A$library |    00000DE4  A$library
     00000DE7  A$library |    00000DE9  A$library |    00000DEC  A$library
     00000DEE  A$library |    00000DF1  A$library |    00000DF3  A$library
     00000DF6  A$library |    00000DF9  A$library |    00000DFC  A$library
     00000DFD  A$library |    00000E00  A$library |    00000E03  A$library
     00000E04  A$library |    00000E07  A$library |    00000E0A  A$library
     00000E0B  A$library |    00000E0E  A$library |    00000E0F  A$library
     00000E12  A$library |    00000E15  A$library |    00000E16  A$library
     00000E17  A$library |    00000E19  A$library |    00000E1B  A$library
     00000E1B  C$library |    00000E1B  XG$consol |    00000E1C  Flibrary$
     00000E28  A$library |    00000E28  C$library |    00000E28  C$library
     00000E28  G$ul$0$0  |    00000E28  _ul       |    00000E2B  A$library
     00000E2C  A$library |    00000E2E  A$library |    00000E2F  A$library
     00000E30  A$library |    00000E33  A$library |    00000E34  A$library
     00000E35  A$library |    00000E36  A$library |    00000E37  A$library
     00000E39  A$library |    00000E3A  A$library |    00000E3B  A$library
     00000E3C  A$library |    00000E3D  A$library |    00000E3F  A$library
     00000E41  A$library |    00000E41  C$library |    00000E43  A$library
     00000E44  A$library |    00000E45  A$library |    00000E48  A$library
     00000E49  A$library |    00000E49  C$library |    00000E49  XG$ul$0$0
     00000E4A  A$main$71 |    00000E4A  C$main.c$ |    00000E4A  C$main.c$
     00000E4A  G$init$0$ |    00000E4A  _init     |    00000E4D  A$main$72
     00000E4F  A$main$74 |    00000E51  A$main$75 |    00000E52  A$main$76
     00000E54  A$main$80 |    00000E54  C$main.c$ |    00000E57  A$main$84
     00000E57  C$main.c$ |    00000E5A  A$main$85 |    00000E5B  A$main$86
     00000E5E  A$main$87 |    00000E5F  A$main$88 |    00000E62  A$main$92
     00000E62  C$main.c$ |    00000E65  A$main$93 |    00000E66  A$main$94
     00000E69  A$main$95 |    00000E6A  A$main$99 |    00000E6A  C$main.c$
     00000E6D  A$main$10 |    00000E6D  C$main.c$ |    00000E70  A$main$11
     00000E70  C$main.c$ |    00000E70  C$main.c$ |    00000E70  XG$init$0
     00000E73  Fmain$__s |    00000EA0  Fmain$__s |    00000EA9  A$main$12
     00000EA9  C$main.c$ |    00000EA9  G$main$0$ |    00000EA9  _main    
     00000EAB  A$main$13 |    00000EAF  A$main$13 |    00000EB1  A$main$13
     00000EB2  A$main$13 |    00000EB3  A$main$13 |    00000EB4  A$main$13
     00000EB4  C$main.c$ |    00000EB7  A$main$14 |    00000EB7  C$main.c$
     00000EBA  A$main$14 |    00000EBB  A$main$14 |    00000EBC  A$main$14
     00000EBE  A$main$14 |    00000EC1  A$main$14 |    00000EC3  A$main$15
     00000EC3  C$main.c$ |    00000EC6  A$main$15 |    00000EC9  A$main$15
     00000EC9  C$main.c$ |    00000ECC  A$main$15 |    00000ECD  A$main$16
     00000ED0  A$main$16 |    00000ED0  C$main.c$ |    00000ED2  A$main$16
     00000ED3  A$main$16 |    00000ED4  A$main$16 |    00000ED7  A$main$16
     00000ED8  A$main$16 |    00000EDB  A$main$17 |    00000EDF  A$main$17
     00000EE1  A$main$17 |    00000EE2  A$main$17 |    00000EE3  A$main$17
     00000EE6  A$main$17 |    00000EE7  A$main$17 |    00000EEA  A$main$17
     00000EEE  A$main$17 |    00000EF0  A$main$17 |    00000EF1  A$main$18
     00000EF2  A$main$18 |    00000EF5  A$main$18 |    00000EF6  A$main$18
     00000EF7  A$main$18 |    00000EF9  A$main$18 |    00000EFA  A$main$18
ASxxxx Linker V03.00 + NoICE + sdld,  page 16.
Hexadecimal  [32-Bits]

Area                       Addr        Size        Decimal Bytes (Attributes)
--------------------       ----        ----        ------- ----- ------------
_CODE                  00000000    00002820 =       10272. bytes (REL,CON)

        Value  Global            Value  Global            Value  Global    
        -----  ------            -----  ------            -----  ------    
     00000EFC  A$main$18 |    00000EFD  A$main$18 |    00000EFE  A$main$18
     00000F01  A$main$19 |    00000F02  A$main$19 |    00000F03  A$main$19
     00000F04  A$main$19 |    00000F06  A$main$19 |    00000F09  A$main$19
     00000F0C  A$main$19 |    00000F0D  A$main$19 |    00000F10  A$main$19
     00000F13  A$main$19 |    00000F14  A$main$20 |    00000F15  A$main$20
     00000F16  A$main$20 |    00000F19  A$main$20 |    00000F1A  A$main$20
     00000F1D  A$main$20 |    00000F20  A$main$20 |    00000F21  A$main$20
     00000F22  A$main$21 |    00000F22  C$main.c$ |    00000F25  A$main$21
     00000F26  A$main$21 |    00000F27  A$main$21 |    00000F2A  A$main$21
     00000F2B  A$main$22 |    00000F2B  C$main.c$ |    00000F2B  XG$main$0
     00000F2D  Fmain$__s |    00000F57  A$stdio_u |    00000F57  C$stdio_u
     00000F57  C$stdio_u |    00000F57  G$uartPro |    00000F57  _uartProc
     00000F59  A$stdio_u |    00000F5D  A$stdio_u |    00000F60  A$stdio_u
     00000F61  A$stdio_u |    00000F61  C$stdio_u |    00000F63  A$stdio_u
     00000F64  A$stdio_u |    00000F65  A$stdio_u |    00000F68  A$stdio_u
     00000F69  A$stdio_u |    00000F6B  A$stdio_u |    00000F6C  A$stdio_u
     00000F6C  C$stdio_u |    00000F70  A$stdio_u |    00000F73  A$stdio_u
     00000F76  A$stdio_u |    00000F79  A$stdio_u |    00000F7B  A$stdio_u
     00000F7C  A$stdio_u |    00000F7D  A$stdio_u |    00000F7E  A$stdio_u
     00000F7F  A$stdio_u |    00000F80  A$stdio_u |    00000F83  A$stdio_u
     00000F84  A$stdio_u |    00000F85  A$stdio_u |    00000F86  A$stdio_u
     00000F87  A$stdio_u |    00000F87  C$stdio_u |    00000F87  XG$uartPr
     00000F89  A$stdio_u |    00000F89  C$stdio_u |    00000F89  C$stdio_u
     00000F89  C$stdio_u |    00000F89  G$stdioIn |    00000F89  XG$stdioI
     00000F89  _stdioIni |    00000F8C  A$stdio_u |    00000F8C  C$stdio_u
     00000F8C  C$stdio_u |    00000F8C  G$putchar |    00000F8C  _putchar 
     00000F8E  A$stdio_u |    00000F8F  A$stdio_u |    00000F90  A$stdio_u
     00000F93  A$stdio_u |    00000F94  A$stdio_u |    00000F96  A$stdio_u
     00000F98  A$stdio_u |    00000F98  C$stdio_u |    00000F9B  A$stdio_u
     00000F9C  A$stdio_u |    00000F9D  A$stdio_u |    00000F9D  C$stdio_u
     00000F9E  A$stdio_u |    00000F9F  A$stdio_u |    00000FA0  A$stdio_u
     00000FA1  A$stdio_u |    00000FA2  A$stdio_u |    00000FA3  A$stdio_u
     00000FA6  A$stdio_u |    00000FA7  A$stdio_u |    00000FA8  A$stdio_u
     00000FA8  C$stdio_u |    00000FA9  A$stdio_u |    00000FAB  A$stdio_u
     00000FAC  A$stdio_u |    00000FAE  A$stdio_u |    00000FAF  A$stdio_u
     00000FB0  A$stdio_u |    00000FB3  A$stdio_u |    00000FB4  A$stdio_u
     00000FB4  C$stdio_u |    00000FB4  XG$putcha |    00000FB5  A$stdio_u
     00000FB5  C$stdio_u |    00000FB5  C$stdio_u |    00000FB5  G$uartAva
     00000FB5  _uartAvai |    00000FB9  A$stdio_u |    00000FBC  A$stdio_u
     00000FBC  C$stdio_u |    00000FBC  XG$uartAv |    00000FBD  A$stdio_u
     00000FBD  C$stdio_u |    00000FBD  C$stdio_u |    00000FBD  G$getchar
     00000FBD  _getchar  |    00000FC0  A$stdio_u |    00000FC1  A$stdio_u
     00000FC2  A$stdio_u |    00000FC2  C$stdio_u |    00000FC5  A$stdio_u
     00000FC6  A$stdio_u |    00000FC8  A$stdio_u |    00000FC9  A$stdio_u
     00000FCA  A$stdio_u |    00000FCA  C$stdio_u |    00000FCC  A$stdio_u
     00000FD0  A$stdio_u |    00000FD3  A$stdio_u |    00000FD5  A$stdio_u
     00000FD5  C$stdio_u |    00000FD6  A$stdio_u |    00000FD9  A$stdio_u
     00000FDB  A$stdio_u |    00000FDC  A$stdio_u |    00000FDD  A$stdio_u
     00000FDE  A$stdio_u |    00000FE1  A$stdio_u |    00000FE2  A$stdio_u
     00000FE5  A$stdio_u |    00000FE8  A$stdio_u |    00000FE9  A$stdio_u
     00000FEA  A$stdio_u |    00000FEB  A$stdio_u |    00000FEB  C$stdio_u
ASxxxx Linker V03.00 + NoICE + sdld,  page 17.
Hexadecimal  [32-Bits]

Area                       Addr        Size        Decimal Bytes (Attributes)
--------------------       ----        ----        ------- ----- ------------
_CODE                  00000000    00002820 =       10272. bytes (REL,CON)

        Value  Global            Value  Global            Value  Global    
        -----  ------            -----  ------            -----  ------    
     00000FEE  A$stdio_u |    00000FEF  A$stdio_u |    00000FEF  C$stdio_u
     00000FF0  A$stdio_u |    00000FF0  C$stdio_u |    00000FF0  XG$getcha
     00000FF1  A$stdio_u |    00000FF1  C$stdio_u |    00000FF1  C$stdio_u
     00000FF1  G$inbound |    00000FF1  _inboundF |    00000FF4  A$stdio_u
     00000FF5  A$stdio_u |    00000FF8  A$stdio_u |    00000FF9  A$stdio_u
     00000FF9  C$stdio_u |    00000FFC  A$stdio_u |    00000FFE  A$stdio_u
     00000FFE  C$stdio_u |    00000FFE  XG$inboun |    00000FFF  A$usb$74 
     00000FFF  C$usb.c$2 |    00000FFF  C$usb.c$3 |    00000FFF  G$usbInit
     00000FFF  _usbInit  |    00001002  A$usb$75  |    00001003  A$usb$76 
     00001006  A$usb$77  |    00001007  A$usb$81  |    00001007  C$usb.c$3
     00001009  A$usb$83  |    0000100A  A$usb$84  |    0000100B  A$usb$85 
     0000100C  A$usb$86  |    0000100D  A$usb$87  |    0000100E  A$usb$88 
     0000100F  A$usb$89  |    00001011  A$usb$93  |    00001011  C$usb.c$3
     00001014  A$usb$97  |    00001014  C$usb.c$4 |    00001017  A$usb$98 
     00001018  A$usb$99  |    0000101B  A$usb$103 |    0000101B  C$usb.c$4
     0000101D  A$usb$104 |    0000101E  A$usb$105 |    0000101F  A$usb$106
     00001022  A$usb$107 |    00001023  A$usb$112 |    00001023  C$usb.c$4
     00001023  XG$usbIni |    00001024  A$usb$125 |    00001024  C$usb.c$4
     00001024  C$usb.c$5 |    00001024  G$deviceR |    00001024  _deviceRe
     00001027  A$usb$126 |    00001028  A$usb$127 |    0000102B  A$usb$128
     0000102C  A$usb$132 |    0000102C  C$usb.c$5 |    0000102F  A$usb$134
     00001030  A$usb$135 |    00001031  A$usb$136 |    00001032  A$usb$137
     00001034  A$usb$141 |    00001034  C$usb.c$5 |    00001037  A$usb$142
     00001038  A$usb$143 |    0000103B  A$usb$144 |    0000103C  A$usb$148
     0000103C  C$usb.c$5 |    0000103F  A$usb$150 |    00001040  A$usb$151
     00001041  A$usb$152 |    00001042  A$usb$153 |    00001044  A$usb$161
     00001044  C$usb.c$6 |    00001044  C$usb.c$6 |    00001044  XG$device
     00001045  Fusb$__st |    0000104D  Fusb$__st |    00001058  A$usb$179
     00001058  C$usb.c$6 |    00001058  G$usbIn$0 |    00001058  _usbIn   
     0000105A  A$usb$180 |    0000105E  A$usb$181 |    00001060  A$usb$182
     00001061  A$usb$183 |    00001062  A$usb$187 |    00001062  C$usb.c$6
     00001063  A$usb$188 |    00001066  A$usb$189 |    00001069  A$usb$190
     0000106C  A$usb$191 |    0000106F  A$usb$196 |    0000106F  C$usb.c$7
     00001072  A$usb$197 |    00001074  A$usb$198 |    00001077  A$usb$199
     00001079  A$usb$200 |    0000107C  A$usb$201 |    0000107E  A$usb$202
     00001081  A$usb$206 |    00001081  C$usb.c$7 |    00001084  A$usb$207
     00001085  A$usb$208 |    00001088  A$usb$212 |    00001088  C$usb.c$7
     0000108B  A$usb$213 |    0000108C  A$usb$214 |    0000108F  A$usb$215
     00001090  A$usb$219 |    00001090  C$usb.c$7 |    00001093  A$usb$220
     00001095  A$usb$221 |    00001096  A$usb$222 |    00001099  A$usb$223
     0000109A  A$usb$227 |    0000109A  C$usb.c$7 |    0000109D  A$usb$228
     0000109F  A$usb$229 |    000010A0  A$usb$230 |    000010A3  A$usb$234
     000010A3  C$usb.c$8 |    000010A6  A$usb$235 |    000010A7  A$usb$236
     000010AA  A$usb$240 |    000010AA  C$usb.c$8 |    000010AD  A$usb$241
     000010AE  A$usb$242 |    000010B1  A$usb$246 |    000010B1  C$usb.c$8
     000010B4  A$usb$247 |    000010B5  A$usb$248 |    000010B8  A$usb$249
     000010B9  A$usb$253 |    000010B9  C$usb.c$8 |    000010BC  A$usb$254
     000010BF  A$usb$255 |    000010C2  A$usb$256 |    000010C5  A$usb$258
     000010C6  A$usb$259 |    000010C7  A$usb$260 |    000010C9  A$usb$261
     000010CA  A$usb$262 |    000010CB  A$usb$263 |    000010CE  A$usb$264
     000010CF  A$usb$265 |    000010D0  A$usb$266 |    000010D1  A$usb$267
ASxxxx Linker V03.00 + NoICE + sdld,  page 18.
Hexadecimal  [32-Bits]

Area                       Addr        Size        Decimal Bytes (Attributes)
--------------------       ----        ----        ------- ----- ------------
_CODE                  00000000    00002820 =       10272. bytes (REL,CON)

        Value  Global            Value  Global            Value  Global    
        -----  ------            -----  ------            -----  ------    
     000010D3  A$usb$268 |    000010D5  A$usb$269 |    000010D6  A$usb$270
     000010D8  A$usb$271 |    000010D9  A$usb$272 |    000010DB  A$usb$273
     000010DC  A$usb$274 |    000010DE  A$usb$275 |    000010DF  A$usb$276
     000010E1  A$usb$277 |    000010E3  A$usb$278 |    000010E4  A$usb$279
     000010E6  A$usb$280 |    000010E7  A$usb$281 |    000010E9  A$usb$282
     000010EA  A$usb$283 |    000010EC  A$usb$284 |    000010ED  A$usb$285
     000010EF  A$usb$287 |    000010F2  A$usb$288 |    000010F5  A$usb$289
     000010F8  A$usb$290 |    000010FB  A$usb$294 |    000010FB  C$usb.c$8
     000010FD  A$usb$295 |    000010FE  A$usb$296 |    000010FF  A$usb$297
     00001102  A$usb$298 |    00001103  A$usb$299 |    00001105  A$usb$300
     00001108  A$usb$301 |    0000110A  A$usb$302 |    0000110B  A$usb$303
     0000110C  A$usb$304 |    0000110F  A$usb$305 |    00001110  A$usb$306
     00001111  A$usb$307 |    00001113  A$usb$308 |    00001116  A$usb$312
     00001116  C$usb.c$8 |    00001118  A$usb$313 |    00001119  A$usb$314
     0000111A  A$usb$315 |    0000111D  A$usb$316 |    0000111E  A$usb$317
     0000111F  A$usb$321 |    0000111F  C$usb.c$9 |    00001122  A$usb$322
     00001125  A$usb$323 |    00001127  A$usb$324 |    00001129  A$usb$326
     0000112A  A$usb$327 |    0000112B  A$usb$328 |    0000112D  A$usb$332
     0000112D  C$usb.c$9 |    0000112E  A$usb$333 |    0000112F  A$usb$334
     00001130  A$usb$335 |    00001132  A$usb$336 |    00001133  A$usb$337
     00001134  A$usb$338 |    00001137  A$usb$339 |    00001138  A$usb$340
     00001139  A$usb$341 |    0000113A  A$usb$342 |    0000113B  A$usb$343
     0000113C  A$usb$344 |    0000113D  A$usb$348 |    0000113D  C$usb.c$9
     0000113E  A$usb$352 |    0000113E  C$usb.c$9 |    0000113F  A$usb$356
     0000113F  C$usb.c$9 |    00001140  A$usb$357 |    00001142  A$usb$362
     00001142  C$usb.c$9 |    00001143  A$usb$363 |    00001145  A$usb$368
     00001145  C$usb.c$9 |    00001147  A$usb$370 |    00001149  A$usb$371
     0000114B  A$usb$376 |    0000114B  C$usb.c$1 |    0000114B  XG$usbIn$
     0000114C  A$usb$389 |    0000114C  C$usb.c$1 |    0000114C  C$usb.c$1
     0000114C  G$usbProc |    0000114C  _usbProce |    0000114E  A$usb$390
     0000114F  A$usb$391 |    00001150  A$usb$392 |    00001153  A$usb$393
     00001154  A$usb$394 |    00001155  A$usb$395 |    00001156  A$usb$396
     00001158  A$usb$397 |    00001159  A$usb$398 |    0000115A  A$usb$403
     0000115A  C$usb.c$1 |    0000115D  A$usb$407 |    0000115D  C$usb.c$1
     0000115F  A$usb$408 |    00001160  A$usb$409 |    00001161  A$usb$410
     00001164  A$usb$411 |    00001165  A$usb$412 |    00001166  A$usb$413
     00001167  A$usb$414 |    00001169  A$usb$415 |    0000116A  A$usb$416
     0000116B  A$usb$421 |    0000116B  C$usb.c$1 |    0000116D  A$usb$422
     0000116E  A$usb$423 |    0000116F  A$usb$424 |    00001172  A$usb$425
     00001173  A$usb$426 |    00001174  A$usb$427 |    00001176  A$usb$428
     00001178  A$usb$432 |    00001178  C$usb.c$1 |    0000117B  A$usb$433
     0000117C  A$usb$434 |    0000117F  A$usb$435 |    00001180  A$usb$440
     00001180  C$usb.c$1 |    00001182  A$usb$441 |    00001183  A$usb$442
     00001184  A$usb$443 |    00001187  A$usb$444 |    00001188  A$usb$445
     00001189  A$usb$449 |    00001189  C$usb.c$1 |    0000118A  A$usb$450
     0000118C  A$usb$451 |    0000118D  A$usb$452 |    0000118E  A$usb$457
     0000118E  C$usb.c$1 |    00001190  A$usb$458 |    00001191  A$usb$459
     00001192  A$usb$460 |    00001195  A$usb$461 |    00001196  A$usb$462
     00001197  A$usb$463 |    00001199  A$usb$464 |    0000119C  A$usb$465
     0000119E  A$usb$467 |    000011A1  A$usb$469 |    000011A2  A$usb$470
     000011A5  A$usb$471 |    000011A8  A$usb$472 |    000011A9  A$usb$473
ASxxxx Linker V03.00 + NoICE + sdld,  page 19.
Hexadecimal  [32-Bits]

Area                       Addr        Size        Decimal Bytes (Attributes)
--------------------       ----        ----        ------- ----- ------------
_CODE                  00000000    00002820 =       10272. bytes (REL,CON)

        Value  Global            Value  Global            Value  Global    
        -----  ------            -----  ------            -----  ------    
     000011AA  A$usb$474 |    000011AD  A$usb$475 |    000011B0  A$usb$476
     000011B1  A$usb$477 |    000011B2  A$usb$481 |    000011B2  C$usb.c$1
     000011B5  A$usb$482 |    000011B6  A$usb$483 |    000011B9  A$usb$484
     000011BA  A$usb$488 |    000011BA  C$usb.c$1 |    000011BC  A$usb$493
     000011BC  C$usb.c$1 |    000011BC  XG$usbPro |    000011BD  Fusb$__st
     000011EF  Fusb$__st |    000011F9  Fusb$__st |    00001217  Fusb$__st
     0000121B  Fusb$__st |    00001220  A$usb$523 |    00001220  C$usb.c$1
     00001220  G$_usbOut |    00001220  __usbOut  |    00001221  A$usb$527
     00001221  C$usb.c$1 |    00001225  A$usb$528 |    00001227  A$usb$529
     0000122B  A$usb$534 |    0000122B  C$usb.c$1 |    0000122E  A$usb$535
     0000122F  A$usb$536 |    00001232  A$usb$540 |    00001232  C$usb.c$1
     00001235  A$usb$541 |    00001236  A$usb$542 |    00001239  A$usb$543
     0000123A  A$usb$547 |    0000123A  C$usb.c$1 |    0000123D  A$usb$548
     0000123E  A$usb$549 |    0000123F  A$usb$550 |    00001241  A$usb$551
     00001242  A$usb$552 |    00001245  A$usb$553 |    00001246  A$usb$557
     00001246  C$usb.c$1 |    00001249  A$usb$558 |    0000124A  A$usb$559
     0000124B  A$usb$560 |    0000124D  A$usb$561 |    0000124E  A$usb$562
     00001251  A$usb$563 |    00001252  A$usb$567 |    00001252  C$usb.c$1
     00001254  A$usb$569 |    00001257  A$usb$570 |    00001258  A$usb$571
     00001259  A$usb$572 |    0000125A  A$usb$573 |    0000125C  A$usb$577
     0000125C  C$usb.c$1 |    0000125F  A$usb$578 |    00001260  A$usb$579
     00001261  A$usb$580 |    00001262  A$usb$581 |    00001263  A$usb$582
     00001264  A$usb$583 |    00001266  A$usb$584 |    00001267  A$usb$585
     00001268  A$usb$589 |    00001268  C$usb.c$1 |    00001269  A$usb$590
     0000126A  A$usb$591 |    0000126B  A$usb$592 |    0000126D  A$usb$593
     0000126E  A$usb$594 |    0000126F  A$usb$595 |    00001272  A$usb$596
     00001273  A$usb$597 |    00001274  A$usb$601 |    00001274  C$usb.c$1
     00001275  A$usb$602 |    00001277  A$usb$607 |    00001277  C$usb.c$1
     0000127A  A$usb$608 |    0000127B  A$usb$609 |    0000127C  A$usb$610
     0000127E  A$usb$611 |    0000127F  A$usb$612 |    00001282  A$usb$616
     00001282  C$usb.c$1 |    00001285  A$usb$617 |    00001286  A$usb$618
     00001289  A$usb$622 |    00001289  C$usb.c$1 |    0000128C  A$usb$623
     0000128D  A$usb$624 |    00001290  A$usb$625 |    00001291  A$usb$630
     00001291  C$usb.c$1 |    00001293  A$usb$631 |    00001294  A$usb$632
     00001295  A$usb$633 |    00001298  A$usb$634 |    00001299  A$usb$635
     0000129B  A$usb$636 |    0000129D  A$usb$640 |    0000129D  C$usb.c$1
     0000129F  A$usb$641 |    000012A0  A$usb$642 |    000012A1  A$usb$643
     000012A4  A$usb$644 |    000012A5  A$usb$645 |    000012A7  A$usb$646
     000012A9  A$usb$650 |    000012A9  C$usb.c$1 |    000012AB  A$usb$651
     000012AC  A$usb$652 |    000012AD  A$usb$653 |    000012B0  A$usb$654
     000012B1  A$usb$658 |    000012B1  C$usb.c$1 |    000012B5  A$usb$659
     000012B7  A$usb$660 |    000012BA  A$usb$661 |    000012BD  A$usb$662
     000012BE  A$usb$663 |    000012C0  A$usb$664 |    000012C2  A$usb$665
     000012C4  A$usb$666 |    000012C6  A$usb$671 |    000012C6  C$usb.c$1
     000012C9  A$usb$673 |    000012CA  A$usb$674 |    000012CB  A$usb$675
     000012CC  A$usb$676 |    000012CD  A$usb$677 |    000012CE  A$usb$678
     000012CF  A$usb$679 |    000012D0  A$usb$680 |    000012D1  A$usb$681
     000012D3  A$usb$682 |    000012D6  A$usb$687 |    000012D6  C$usb.c$1
     000012D8  A$usb$689 |    000012D9  A$usb$694 |    000012D9  C$usb.c$1
     000012D9  XG$_usbOu |    000012DA  Fusb$__st |    000012EA  Fusb$__st
     000012F0  Fusb$__st |    00001302  A$usb$716 |    00001302  C$usb.c$1
ASxxxx Linker V03.00 + NoICE + sdld,  page 20.
Hexadecimal  [32-Bits]

Area                       Addr        Size        Decimal Bytes (Attributes)
--------------------       ----        ----        ------- ----- ------------
_CODE                  00000000    00002820 =       10272. bytes (REL,CON)

        Value  Global            Value  Global            Value  Global    
        -----  ------            -----  ------            -----  ------    
     00001302  G$getDesc |    00001302  _getDescr |    00001304  A$usb$717
     00001308  A$usb$718 |    0000130A  A$usb$719 |    0000130D  A$usb$720
     0000130E  A$usb$721 |    0000130F  A$usb$725 |    0000130F  C$usb.c$1
     00001312  A$usb$726 |    00001313  A$usb$727 |    00001314  A$usb$728
     00001315  A$usb$729 |    00001317  A$usb$730 |    00001318  A$usb$731
     00001319  A$usb$732 |    0000131A  A$usb$733 |    0000131C  A$usb$734
     0000131D  A$usb$735 |    0000131E  A$usb$736 |    0000131F  A$usb$737
     00001320  A$usb$738 |    00001323  A$usb$739 |    00001324  A$usb$740
[...]
     000018D0  A$usb$180 |    000018D2  A$usb$180 |    000018D3  A$usb$180
     000018D5  A$usb$180 |    000018D8  A$usb$180 |    000018D9  A$usb$180
     000018DB  A$usb$181 |    000018DB  C$usb.c$3 |    000018DD  A$usb$181
     000018DF  A$usb$181 |    000018DF  C$usb.c$3 |    000018E0  A$usb$181
     000018E1  A$usb$182 |    000018E2  A$usb$182 |    000018E3  A$usb$182
     000018E5  A$usb$182 |    000018E6  A$usb$182 |    000018E7  A$usb$182
     000018E8  A$usb$183 |    000018E8  C$usb.c$3 |    000018E9  A$usb$183
     000018EA  A$usb$183 |    000018EB  A$usb$183 |    000018EC  A$usb$183
     000018EE  A$usb$183 |    000018F0  A$usb$183 |    000018F0  C$usb.c$3
     000018F1  A$usb$184 |    000018F2  A$usb$184 |    000018F3  A$usb$184
     000018F4  A$usb$184 |    000018F6  A$usb$184 |    000018F7  A$usb$184
     000018F8  A$usb$184 |    000018F9  A$usb$184 |    000018FB  A$usb$185
     000018FB  C$usb.c$3 |    000018FE  A$usb$185 |    00001901  A$usb$185
     00001904  A$usb$185 |    00001905  A$usb$185 |    00001906  A$usb$185
     00001908  A$usb$185 |    00001909  A$usb$185 |    0000190A  A$usb$186
     0000190D  A$usb$186 |    0000190E  A$usb$186 |    0000190F  A$usb$186
     00001910  A$usb$186 |    00001912  A$usb$186 |    00001914  A$usb$186
     00001915  A$usb$187 |    00001915  C$usb.c$3 |    00001916  A$usb$187
     00001918  A$usb$187 |    0000191B  A$usb$187 |    0000191C  A$usb$187
ASxxxx Linker V03.00 + NoICE + sdld,  page 26.
Hexadecimal  [32-Bits]

Area                       Addr        Size        Decimal Bytes (Attributes)
--------------------       ----        ----        ------- ----- ------------
_CODE                  00000000    00002820 =       10272. bytes (REL,CON)

        Value  Global            Value  Global            Value  Global    
        -----  ------            -----  ------            -----  ------    
     0000191F  A$usb$187 |    00001920  A$usb$188 |    00001920  C$usb.c$3
     00001922  A$usb$188 |    00001924  A$usb$188 |    00001926  A$usb$188
     00001926  C$usb.c$3 |    00001926  XG$enumer |    00001927  Fusb$__st
     00001942  Fusb$__st |    0000195C  Fusb$__st |    00001970  Fusb$__st
     00001980  Fusb$__st |    00001996  Fusb$__st |    000019A9  Fusb$__st
     000019BE  Fusb$__st |    000019CE  Fusb$__st |    000019DD  Fusb$__st
     000019F7  Fusb$__st |    00001A0E  Fusb$__st |    00001A22  Fusb$__st
     00001A5E  Fusb$__st |    00001A88  Fusb$__st |    00001AA5  Fusb$__st
     00001AC5  A$usb$196 |    00001AC5  C$usb.c$3 |    00001AC5  G$getRepo
     00001AC5  _getRepor |    00001AC7  A$usb$196 |    00001ACB  A$usb$196
     00001ACD  A$usb$196 |    00001ACD  C$usb.c$3 |    00001AD0  A$usb$196
     00001AD3  A$usb$197 |    00001AD4  A$usb$197 |    00001AD7  A$usb$197
     00001AD8  A$usb$197 |    00001ADB  A$usb$197 |    00001ADC  A$usb$197
     00001ADD  A$usb$197 |    00001ADE  A$usb$197 |    00001ADF  A$usb$197
     00001AE2  A$usb$198 |    00001AE2  C$usb.c$3 |    00001AE5  A$usb$198
     00001AE8  A$usb$198 |    00001AE9  A$usb$198 |    00001AEA  A$usb$198
     00001AED  A$usb$198 |    00001AEE  A$usb$198 |    00001AEF  A$usb$198
     00001AF0  A$usb$199 |    00001AF2  A$usb$199 |    00001AF2  C$usb.c$3
     00001AF3  A$usb$199 |    00001AF4  A$usb$199 |    00001AF5  A$usb$199
     00001AF6  A$usb$199 |    00001AF9  A$usb$199 |    00001AFA  A$usb$200
     00001AFB  A$usb$200 |    00001AFC  A$usb$200 |    00001AFE  A$usb$200
     00001AFE  C$usb.c$3 |    00001AFF  A$usb$200 |    00001B00  A$usb$200
     00001B01  A$usb$200 |    00001B02  A$usb$201 |    00001B03  A$usb$201
     00001B06  A$usb$201 |    00001B07  A$usb$201 |    00001B08  A$usb$201
     00001B09  A$usb$201 |    00001B0B  A$usb$201 |    00001B0B  C$usb.c$3
     00001B0C  A$usb$202 |    00001B0D  A$usb$202 |    00001B0E  A$usb$202
     00001B0F  A$usb$202 |    00001B10  A$usb$202 |    00001B11  A$usb$202
     00001B14  A$usb$202 |    00001B15  A$usb$202 |    00001B16  A$usb$202
     00001B17  A$usb$202 |    00001B19  A$usb$203 |    00001B19  C$usb.c$3
     00001B1A  A$usb$203 |    00001B1C  A$usb$203 |    00001B1F  A$usb$203
     00001B22  A$usb$203 |    00001B23  A$usb$203 |    00001B24  A$usb$203
     00001B25  A$usb$204 |    00001B27  A$usb$204 |    00001B27  C$usb.c$3
     00001B28  A$usb$204 |    00001B2A  A$usb$204 |    00001B2D  A$usb$204
     00001B30  A$usb$204 |    00001B31  A$usb$204 |    00001B32  A$usb$205
     00001B33  A$usb$205 |    00001B35  A$usb$205 |    00001B35  C$usb.c$3
     00001B36  A$usb$205 |    00001B38  A$usb$205 |    00001B3B  A$usb$205
     00001B3E  A$usb$205 |    00001B3F  A$usb$206 |    00001B40  A$usb$206
     00001B41  A$usb$206 |    00001B43  A$usb$206 |    00001B43  C$usb.c$3
     00001B44  A$usb$206 |    00001B46  A$usb$206 |    00001B49  A$usb$206
     00001B4C  A$usb$207 |    00001B4D  A$usb$207 |    00001B4E  A$usb$207
     00001B4F  A$usb$207 |    00001B51  A$usb$207 |    00001B51  C$usb.c$3
     00001B54  A$usb$208 |    00001B58  A$usb$208 |    00001B5A  A$usb$208
     00001B5B  A$usb$208 |    00001B5C  A$usb$208 |    00001B5D  A$usb$208
     00001B5E  A$usb$208 |    00001B61  A$usb$208 |    00001B62  A$usb$208
     00001B63  A$usb$208 |    00001B65  A$usb$209 |    00001B66  A$usb$209
     00001B68  A$usb$209 |    00001B6A  A$usb$209 |    00001B6A  C$usb.c$3
     00001B6B  A$usb$209 |    00001B6C  A$usb$209 |    00001B6E  A$usb$210
     00001B6E  C$usb.c$3 |    00001B71  A$usb$210 |    00001B73  A$usb$210
     00001B73  C$usb.c$3 |    00001B75  A$usb$211 |    00001B76  A$usb$211
     00001B77  A$usb$211 |    00001B7A  A$usb$211 |    00001B7B  A$usb$211
     00001B7D  A$usb$211 |    00001B7F  A$usb$211 |    00001B7F  C$usb.c$3
ASxxxx Linker V03.00 + NoICE + sdld,  page 27.
Hexadecimal  [32-Bits]

Area                       Addr        Size        Decimal Bytes (Attributes)
--------------------       ----        ----        ------- ----- ------------
_CODE                  00000000    00002820 =       10272. bytes (REL,CON)

        Value  Global            Value  Global            Value  Global    
        -----  ------            -----  ------            -----  ------    
     00001B82  A$usb$212 |    00001B85  A$usb$212 |    00001B86  A$usb$212
     00001B87  A$usb$212 |    00001B88  A$usb$212 |    00001B89  A$usb$212
     00001B8A  A$usb$212 |    00001B8B  A$usb$212 |    00001B8C  A$usb$212
     00001B8D  A$usb$212 |    00001B8E  A$usb$213 |    00001B8F  A$usb$213
     00001B91  A$usb$213 |    00001B91  C$usb.c$3 |    00001B94  A$usb$213
     00001B97  A$usb$213 |    00001B98  A$usb$213 |    00001B99  A$usb$214
     00001B9A  A$usb$214 |    00001B9B  A$usb$214 |    00001B9C  A$usb$214
     00001B9C  C$usb.c$3 |    00001B9F  A$usb$214 |    00001BA2  A$usb$214
     00001BA3  A$usb$215 |    00001BA4  A$usb$215 |    00001BA5  A$usb$215
     00001BA6  A$usb$215 |    00001BA7  A$usb$215 |    00001BA9  A$usb$215
     00001BAA  A$usb$215 |    00001BAC  A$usb$215 |    00001BAE  A$usb$216
     00001BAE  C$usb.c$4 |    00001BB1  A$usb$216 |    00001BB2  A$usb$216
     00001BB5  A$usb$216 |    00001BB6  A$usb$216 |    00001BB6  C$usb.c$4
     00001BB9  A$usb$216 |    00001BBC  A$usb$217 |    00001BBD  A$usb$217
     00001BBF  A$usb$217 |    00001BBF  C$usb.c$4 |    00001BC2  A$usb$217
     00001BC5  A$usb$217 |    00001BC6  A$usb$217 |    00001BC8  A$usb$218
     00001BC8  C$usb.c$4 |    00001BCB  A$usb$218 |    00001BCE  A$usb$218
     00001BCF  A$usb$218 |    00001BD0  A$usb$218 |    00001BD1  A$usb$218
     00001BD2  A$usb$218 |    00001BD3  A$usb$219 |    00001BD3  C$usb.c$4
     00001BD6  A$usb$219 |    00001BD8  A$usb$220 |    00001BD8  C$usb.c$4
     00001BD8  XG$getRep |    00001BD9  Fusb$__st |    00001C0A  _vsprintf
     00001C3F  _sprintf  |    00001C74  _puts     |    00001CB1  _vprintf 
     00001CD1  _printf   |    00001DF1  __print_f |    00002810  ___sdcc_c
     00002811  _strlen  
ASxxxx Linker V03.00 + NoICE + sdld,  page 28.
Hexadecimal  [32-Bits]

Area                       Addr        Size        Decimal Bytes (Attributes)
--------------------       ----        ----        ------- ----- ------------
_VECT00                00000000    00000006 =           6. bytes (ABS,CON)

        Value  Global            Value  Global            Value  Global    
        -----  ------            -----  ------            -----  ------    
     00000000  A$_boot$2 |    00000003  A$_boot$2
ASxxxx Linker V03.00 + NoICE + sdld,  page 29.
Hexadecimal  [32-Bits]

Area                       Addr        Size        Decimal Bytes (Attributes)
--------------------       ----        ----        ------- ----- ------------
_VECT11                00000000    00000002 =           2. bytes (ABS,CON)

        Value  Global            Value  Global            Value  Global    
        -----  ------            -----  ------            -----  ------    
     00000008  A$_boot$3
ASxxxx Linker V03.00 + NoICE + sdld,  page 30.
Hexadecimal  [32-Bits]

Area                       Addr        Size        Decimal Bytes (Attributes)
--------------------       ----        ----        ------- ----- ------------
_VECT22                00000000    00000002 =           2. bytes (ABS,CON)

        Value  Global            Value  Global            Value  Global    
        -----  ------            -----  ------            -----  ------    
     00000010  A$_boot$3
ASxxxx Linker V03.00 + NoICE + sdld,  page 31.
Hexadecimal  [32-Bits]

Area                       Addr        Size        Decimal Bytes (Attributes)
--------------------       ----        ----        ------- ----- ------------
_VECT33                00000000    00000002 =           2. bytes (ABS,CON)

        Value  Global            Value  Global            Value  Global    
        -----  ------            -----  ------            -----  ------    
     00000018  A$_boot$4
ASxxxx Linker V03.00 + NoICE + sdld,  page 32.
Hexadecimal  [32-Bits]

Area                       Addr        Size        Decimal Bytes (Attributes)
--------------------       ----        ----        ------- ----- ------------
_VECT44                00000000    00000002 =           2. bytes (ABS,CON)

        Value  Global            Value  Global            Value  Global    
        -----  ------            -----  ------            -----  ------    
     00000020  A$_boot$4
ASxxxx Linker V03.00 + NoICE + sdld,  page 33.
Hexadecimal  [32-Bits]

Area                       Addr        Size        Decimal Bytes (Attributes)
--------------------       ----        ----        ------- ----- ------------
_VECT55                00000000    00000002 =           2. bytes (ABS,CON)

        Value  Global            Value  Global            Value  Global    
        -----  ------            -----  ------            -----  ------    
     00000028  A$_boot$4
ASxxxx Linker V03.00 + NoICE + sdld,  page 34.
Hexadecimal  [32-Bits]

Area                       Addr        Size        Decimal Bytes (Attributes)
--------------------       ----        ----        ------- ----- ------------
_VECT66                00000000    00000002 =           2. bytes (ABS,CON)

        Value  Global            Value  Global            Value  Global    
        -----  ------            -----  ------            -----  ------    
     00000030  A$_boot$5
ASxxxx Linker V03.00 + NoICE + sdld,  page 35.
Hexadecimal  [32-Bits]

Area                       Addr        Size        Decimal Bytes (Attributes)
--------------------       ----        ----        ------- ----- ------------
_VECT77                00000000    0000002D =          45. bytes (ABS,CON)

        Value  Global            Value  Global            Value  Global    
        -----  ------            -----  ------            -----  ------    
     00000038  A$_boot$5 |    0000003C  A$_boot$5 |    0000003F  A$_boot$5
     00000040  A$_boot$6 |    00000041  A$_boot$6 |    00000044  A$_boot$6
     00000045  A$_boot$6 |    00000046  A$_boot$6 |    0000004A  A$_boot$6
     0000004B  A$_boot$6
ASxxxx Linker V03.00 + NoICE + sdld,  page 36.
Hexadecimal  [32-Bits]

Area                       Addr        Size        Decimal Bytes (Attributes)
--------------------       ----        ----        ------- ----- ------------
_VECT_NMI8             00000000    00000026 =          38. bytes (ABS,CON)

        Value  Global            Value  Global            Value  Global    
        -----  ------            -----  ------            -----  ------    
     00000066  A$_boot$7 |    0000006A  A$_boot$7 |    0000006D  A$_boot$7
     0000006E  A$_boot$7 |    0000006F  A$_boot$8 |    00000072  A$_boot$8
     00000073  A$_boot$8 |    00000074  A$_boot$8 |    00000078  A$_boot$8
ASxxxx Linker V03.00 + NoICE + sdld,  page 37.
Hexadecimal  [32-Bits]

Area                       Addr        Size        Decimal Bytes (Attributes)
--------------------       ----        ----        ------- ----- ------------
_SYSTEM_CODE           00002820    00000100 =         256. bytes (REL,CON)

        Value  Global            Value  Global            Value  Global    
        -----  ------            -----  ------            -----  ------    
     00002820  A$_boot$1 |    00002823  A$_boot$1 |    00002825  A$_boot$1
     00002828  A$_boot$1 |    0000282A  A$_boot$1 |    0000282C  A$_boot$1
     0000282F  A$_boot$1 |    00002831  A$_boot$1 |    00002834  A$_boot$1
     00002837  A$_boot$1 |    0000283A  A$_boot$1 |    0000283B  A$_boot$1
     0000283C  A$_boot$1 |    0000283D  A$_boot$1 |    00002840  A$_boot$1
     00002843  A$_boot$1 |    00002846  A$_boot$1 |    00002847  A$_boot$1
     00002848  A$_boot$1 |    0000284C  A$_boot$1 |    00002850  A$_boot$1
     00002851  A$_boot$1 |    00002852  A$_boot$1 |    00002852  _OUT     
     00002853  A$_boot$1 |    00002854  A$_boot$1 |    00002856  A$_boot$1
     0000285A  A$_boot$1 |    0000285C  A$_boot$1 |    0000285F  A$_boot$1
     00002862  A$_boot$1 |    00002864  A$_boot$1 |    00002866  A$_boot$1
     00002867  A$_boot$1 |    00002868  A$_boot$1 |    00002869  A$_boot$1
     00002869  _IN       |    0000286A  A$_boot$1 |    0000286B  A$_boot$1
     0000286D  A$_boot$1 |    00002871  A$_boot$1 |    00002873  A$_boot$1
     00002876  A$_boot$1 |    00002878  A$_boot$2 |    0000287A  A$_boot$2
     0000287B  A$_boot$2 |    0000287D  A$_boot$2 |    0000287E  A$_boot$2
     0000287F  A$_boot$2 |    00002880  A$_boot$2 |    00002880  _OUTI    
     00002881  A$_boot$2 |    00002882  A$_boot$2 |    00002883  A$_boot$2
     00002885  A$_boot$2 |    00002889  A$_boot$2 |    0000288B  A$_boot$2
     0000288E  A$_boot$2 |    00002891  A$_boot$2 |    00002894  A$_boot$2
     00002897  A$_boot$2 |    00002899  A$_boot$2 |    0000289B  A$_boot$2
     0000289C  A$_boot$2 |    0000289D  A$_boot$2 |    0000289E  A$_boot$2
     0000289F  A$_boot$2 |    0000289F  _INI      |    000028A0  A$_boot$2
     000028A1  A$_boot$2 |    000028A2  A$_boot$2 |    000028A4  A$_boot$2
     000028A8  A$_boot$2 |    000028AA  A$_boot$2 |    000028AD  A$_boot$2
     000028B0  A$_boot$2 |    000028B3  A$_boot$2 |    000028B6  A$_boot$2
     000028B8  A$_boot$2 |    000028BA  A$_boot$2 |    000028BB  A$_boot$2
     000028BC  A$_boot$2 |    000028BD  A$_boot$2 |    000028BE  A$_boot$2
     000028BE  _memset   |    000028BF  A$_boot$2 |    000028C0  A$_boot$2
     000028C1  A$_boot$2 |    000028C2  A$_boot$2 |    000028C4  A$_boot$2
     000028C8  A$_boot$2 |    000028CA  A$_boot$2 |    000028CD  A$_boot$2
     000028D0  A$_boot$2 |    000028D3  A$_boot$2 |    000028D6  A$_boot$2
     000028D9  A$_boot$2 |    000028DC  A$_boot$2 |    000028DF  A$_boot$2
     000028E0  A$_boot$2 |    000028E1  A$_boot$2 |    000028E2  A$_boot$2
     000028E3  A$_boot$2 |    000028E4  A$_boot$2 |    000028E6  A$_boot$2
     000028E8  A$_boot$2 |    000028EA  A$_boot$2 |    000028EA  _memcpy  
     000028EB  A$_boot$2 |    000028EC  A$_boot$2 |    000028ED  A$_boot$2
     000028EE  A$_boot$2 |    000028F0  A$_boot$2 |    000028F4  A$_boot$2
     000028F6  A$_boot$2 |    000028F9  A$_boot$2 |    000028FC  A$_boot$2
     000028FF  A$_boot$2 |    00002902  A$_boot$2 |    00002905  A$_boot$2
     00002908  A$_boot$2 |    00002909  A$_boot$2 |    0000290A  A$_boot$2
     0000290C  A$_boot$2 |    0000290E  A$_boot$2 |    00002910  A$_boot$2
     00002911  A$_boot$3 |    00002912  A$_boot$3 |    00002913  A$_boot$3
     00002914  A$_boot$3 |    00002915  A$_boot$3 |    00002915  debug    
     00002918  A$_boot$3 |    0000291A  A$_boot$3 |    0000291B  A$_boot$3
     0000291C  A$_boot$3 |    0000291E  A$_boot$3
ASxxxx Linker V03.00 + NoICE + sdld,  page 38.
Hexadecimal  [32-Bits]

Area                       Addr        Size        Decimal Bytes (Attributes)
--------------------       ----        ----        ------- ----- ------------
_GSINIT                00002920    00000017 =          23. bytes (REL,CON)

        Value  Global            Value  Global            Value  Global    
        -----  ------            -----  ------            -----  ------    
     00002920  A$_boot$1 |    00002923  A$_boot$1 |    00002926  A$_boot$1
     00002928  A$_boot$1 |    00002929  A$_boot$1 |    0000292A  A$_boot$1
     0000292B  A$_boot$1 |    0000292C  A$_boot$1 |    0000292E  A$_boot$1
     00002931  A$_boot$1 |    00002934  A$_boot$1 |    00002936  A$_boot$1
ASxxxx Linker V03.00 + NoICE + sdld,  page 39.
Hexadecimal  [32-Bits]

Area                       Addr        Size        Decimal Bytes (Attributes)
--------------------       ----        ----        ------- ----- ------------
_INITIALIZER           00002937    00000004 =           4. bytes (REL,CON)

        Value  Global            Value  Global            Value  Global    
        -----  ------            -----  ------            -----  ------    
     00002937  Flibrary$
ASxxxx Linker V03.00 + NoICE + sdld,  page 40.
Hexadecimal  [32-Bits]

Area                       Addr        Size        Decimal Bytes (Attributes)
--------------------       ----        ----        ------- ----- ------------
_DATA                  0000C000    0000009A =         154. bytes (REL,CON)

        Value  Global            Value  Global            Value  Global    
        -----  ------            -----  ------            -----  ------    
     0000C000  G$keynums |    0000C000  _keynums  |    0000C001  Flibrary$
     0000C089  Fstdio_ua |    0000C091  Fstdio_ua |    0000C092  G$lastRep
     0000C092  _lastRepo
ASxxxx Linker V03.00 + NoICE + sdld,  page 41.
Hexadecimal  [32-Bits]

Area                       Addr        Size        Decimal Bytes (Attributes)
--------------------       ----        ----        ------- ----- ------------
_INITIALIZED           0000C09A    00000004 =           4. bytes (REL,CON)

        Value  Global            Value  Global            Value  Global    
        -----  ------            -----  ------            -----  ------    
     0000C09A  Flibrary$
ASxxxx Linker V03.00 + NoICE + sdld,  page 42.

Files Linked                              [ module(s) ]

_boot.rel                                 [ bootblk ]
hdmi.rel                                  [ hdmi ]
interrupt.rel                             [ interrupt ]
keyboard.rel                              [ keyboard ]
library.rel                               [ library ]
main.rel                                  [ main ]
stdio_uart.rel                            [ stdio_uart ]
usb.rel                                   [ usb ]


Libraries Linked                          [ object file ]

/usr/share/sdcc/lib/z80/z80.lib           [ sprintf.rel ]
/usr/share/sdcc/lib/z80/z80.lib           [ puts.rel ]
/usr/share/sdcc/lib/z80/z80.lib           [ vprintf.rel ]
/usr/share/sdcc/lib/z80/z80.lib           [ printf_large.rel ]
/usr/share/sdcc/lib/z80/z80.lib           [ __sdcc_call_hl.rel ]
/usr/share/sdcc/lib/z80/z80.lib           [ strlen.rel ]

ASxxxx Linker V03.00 + NoICE + sdld,  page 43.

User Base Address Definitions

_DATA=0xc000

